Component: ARM Compiler 5.06 update 6 (build 750) Tool: armlink [4d35ed]

==============================================================================

Section Cross References

    startup_stm32f10x_hd.o(STACK) refers (Special) to heapauxi.o(.text) for __use_two_region_memory
    startup_stm32f10x_hd.o(HEAP) refers (Special) to heapauxi.o(.text) for __use_two_region_memory
    startup_stm32f10x_hd.o(RESET) refers (Special) to heapauxi.o(.text) for __use_two_region_memory
    startup_stm32f10x_hd.o(RESET) refers to startup_stm32f10x_hd.o(STACK) for __initial_sp
    startup_stm32f10x_hd.o(RESET) refers to startup_stm32f10x_hd.o(.text) for Reset_Handler
    startup_stm32f10x_hd.o(RESET) refers to stm32f10x_it.o(i.NMI_Handler) for NMI_Handler
    startup_stm32f10x_hd.o(RESET) refers to stm32f10x_it.o(i.HardFault_Handler) for HardFault_Handler
    startup_stm32f10x_hd.o(RESET) refers to stm32f10x_it.o(i.MemManage_Handler) for MemManage_Handler
    startup_stm32f10x_hd.o(RESET) refers to stm32f10x_it.o(i.BusFault_Handler) for BusFault_Handler
    startup_stm32f10x_hd.o(RESET) refers to stm32f10x_it.o(i.UsageFault_Handler) for UsageFault_Handler
    startup_stm32f10x_hd.o(RESET) refers to stm32f10x_it.o(i.SVC_Handler) for SVC_Handler
    startup_stm32f10x_hd.o(RESET) refers to stm32f10x_it.o(i.DebugMon_Handler) for DebugMon_Handler
    startup_stm32f10x_hd.o(RESET) refers to stm32f10x_it.o(i.SysTick_Handler) for SysTick_Handler
    startup_stm32f10x_hd.o(RESET) refers to hw_config.o(i.USB_LP_CAN1_RX0_IRQHandler) for USB_LP_CAN1_RX0_IRQHandler
    startup_stm32f10x_hd.o(RESET) refers to main.o(i.TIM2_IRQHandler) for TIM2_IRQHandler
    startup_stm32f10x_hd.o(RESET) refers to btk05.o(i.USART1_IRQHandler) for USART1_IRQHandler
    startup_stm32f10x_hd.o(RESET) refers to hw_config.o(i.USBWakeUp_IRQHandler) for USBWakeUp_IRQHandler
    startup_stm32f10x_hd.o(.text) refers (Special) to heapauxi.o(.text) for __use_two_region_memory
    startup_stm32f10x_hd.o(.text) refers to system_stm32f10x.o(i.SystemInit) for SystemInit
    startup_stm32f10x_hd.o(.text) refers to __main.o(!!!main) for __main
    startup_stm32f10x_hd.o(.text) refers to startup_stm32f10x_hd.o(HEAP) for Heap_Mem
    startup_stm32f10x_hd.o(.text) refers to startup_stm32f10x_hd.o(STACK) for Stack_Mem
    stm32f10x_adc.o(i.ADC_DeInit) refers to stm32f10x_rcc.o(i.RCC_APB2PeriphResetCmd) for RCC_APB2PeriphResetCmd
    stm32f10x_bkp.o(i.BKP_DeInit) refers to stm32f10x_rcc.o(i.RCC_BackupResetCmd) for RCC_BackupResetCmd
    stm32f10x_can.o(i.CAN_DeInit) refers to stm32f10x_rcc.o(i.RCC_APB1PeriphResetCmd) for RCC_APB1PeriphResetCmd
    stm32f10x_can.o(i.CAN_GetITStatus) refers to stm32f10x_can.o(i.CheckITStatus) for CheckITStatus
    stm32f10x_cec.o(i.CEC_DeInit) refers to stm32f10x_rcc.o(i.RCC_APB1PeriphResetCmd) for RCC_APB1PeriphResetCmd
    stm32f10x_dac.o(i.DAC_DeInit) refers to stm32f10x_rcc.o(i.RCC_APB1PeriphResetCmd) for RCC_APB1PeriphResetCmd
    stm32f10x_flash.o(i.FLASH_EnableWriteProtection) refers to stm32f10x_flash.o(i.FLASH_WaitForLastOperation) for FLASH_WaitForLastOperation
    stm32f10x_flash.o(i.FLASH_EraseAllBank1Pages) refers to stm32f10x_flash.o(i.FLASH_WaitForLastBank1Operation) for FLASH_WaitForLastBank1Operation
    stm32f10x_flash.o(i.FLASH_EraseAllPages) refers to stm32f10x_flash.o(i.FLASH_WaitForLastOperation) for FLASH_WaitForLastOperation
    stm32f10x_flash.o(i.FLASH_EraseOptionBytes) refers to stm32f10x_flash.o(i.FLASH_GetReadOutProtectionStatus) for FLASH_GetReadOutProtectionStatus
    stm32f10x_flash.o(i.FLASH_EraseOptionBytes) refers to stm32f10x_flash.o(i.FLASH_WaitForLastOperation) for FLASH_WaitForLastOperation
    stm32f10x_flash.o(i.FLASH_ErasePage) refers to stm32f10x_flash.o(i.FLASH_WaitForLastOperation) for FLASH_WaitForLastOperation
    stm32f10x_flash.o(i.FLASH_ProgramHalfWord) refers to stm32f10x_flash.o(i.FLASH_WaitForLastOperation) for FLASH_WaitForLastOperation
    stm32f10x_flash.o(i.FLASH_ProgramOptionByteData) refers to stm32f10x_flash.o(i.FLASH_WaitForLastOperation) for FLASH_WaitForLastOperation
    stm32f10x_flash.o(i.FLASH_ProgramWord) refers to stm32f10x_flash.o(i.FLASH_WaitForLastOperation) for FLASH_WaitForLastOperation
    stm32f10x_flash.o(i.FLASH_ReadOutProtection) refers to stm32f10x_flash.o(i.FLASH_WaitForLastOperation) for FLASH_WaitForLastOperation
    stm32f10x_flash.o(i.FLASH_UserOptionByteConfig) refers to stm32f10x_flash.o(i.FLASH_WaitForLastOperation) for FLASH_WaitForLastOperation
    stm32f10x_flash.o(i.FLASH_WaitForLastBank1Operation) refers to stm32f10x_flash.o(i.FLASH_GetBank1Status) for FLASH_GetBank1Status
    stm32f10x_flash.o(i.FLASH_WaitForLastOperation) refers to stm32f10x_flash.o(i.FLASH_GetBank1Status) for FLASH_GetBank1Status
    stm32f10x_gpio.o(i.GPIO_AFIODeInit) refers to stm32f10x_rcc.o(i.RCC_APB2PeriphResetCmd) for RCC_APB2PeriphResetCmd
    stm32f10x_gpio.o(i.GPIO_DeInit) refers to stm32f10x_rcc.o(i.RCC_APB2PeriphResetCmd) for RCC_APB2PeriphResetCmd
[...]
    ..\FWLib\src\stm32f10x_sdio.c            0x00000000   Number         0  stm32f10x_sdio.o ABSOLUTE
    ..\FWLib\src\stm32f10x_spi.c             0x00000000   Number         0  stm32f10x_spi.o ABSOLUTE
    ..\FWLib\src\stm32f10x_tim.c             0x00000000   Number         0  stm32f10x_tim.o ABSOLUTE
    ..\FWLib\src\stm32f10x_usart.c           0x00000000   Number         0  stm32f10x_usart.o ABSOLUTE
    ..\FWLib\src\stm32f10x_wwdg.c            0x00000000   Number         0  stm32f10x_wwdg.o ABSOLUTE
    ..\USBLib\CONFIG\hw_config.c             0x00000000   Number         0  hw_config.o ABSOLUTE
    ..\USBLib\CONFIG\usb_desc.c              0x00000000   Number         0  usb_desc.o ABSOLUTE
    ..\USBLib\CONFIG\usb_endp.c              0x00000000   Number         0  usb_endp.o ABSOLUTE
    ..\USBLib\CONFIG\usb_istr.c              0x00000000   Number         0  usb_istr.o ABSOLUTE
    ..\USBLib\CONFIG\usb_prop.c              0x00000000   Number         0  usb_prop.o ABSOLUTE
    ..\USBLib\CONFIG\usb_pwr.c               0x00000000   Number         0  usb_pwr.o ABSOLUTE
    ..\USBLib\STM32_USB-FS-Device_Driver\src\usb_core.c 0x00000000   Number         0  usb_core.o ABSOLUTE
    ..\USBLib\STM32_USB-FS-Device_Driver\src\usb_init.c 0x00000000   Number         0  usb_init.o ABSOLUTE
    ..\USBLib\STM32_USB-FS-Device_Driver\src\usb_int.c 0x00000000   Number         0  usb_int.o ABSOLUTE
    ..\USBLib\STM32_USB-FS-Device_Driver\src\usb_mem.c 0x00000000   Number         0  usb_mem.o ABSOLUTE
    ..\USBLib\STM32_USB-FS-Device_Driver\src\usb_regs.c 0x00000000   Number         0  usb_regs.o ABSOLUTE
    ..\USBLib\STM32_USB-FS-Device_Driver\src\usb_sil.c 0x00000000   Number         0  usb_sil.o ABSOLUTE
    ..\USER\delay.c                          0x00000000   Number         0  delay.o ABSOLUTE
    ..\USER\main.c                           0x00000000   Number         0  main.o ABSOLUTE
    ..\USER\stm32f10x_it.c                   0x00000000   Number         0  stm32f10x_it.o ABSOLUTE
    ..\USER\system_stm32f10x.c               0x00000000   Number         0  system_stm32f10x.o ABSOLUTE
    ..\\CORE\\core_cm3.c                     0x00000000   Number         0  core_cm3.o ABSOLUTE
    dc.s                                     0x00000000   Number         0  dc.o ABSOLUTE
    RESET                                    0x08000000   Section      304  startup_stm32f10x_hd.o(RESET)
    !!!main                                  0x08000130   Section        8  __main.o(!!!main)
    !!!scatter                               0x08000138   Section       52  __scatter.o(!!!scatter)
    !!dczerorl2                              0x0800016c   Section       90  __dczerorl2.o(!!dczerorl2)
    !!handler_zi                             0x080001c8   Section       28  __scatter_zi.o(!!handler_zi)
    .ARM.Collect$$libinit$$00000000          0x080001e4   Section        2  libinit.o(.ARM.Collect$$libinit$$00000000)
    .ARM.Collect$$libinit$$00000002          0x080001e6   Section        0  libinit2.o(.ARM.Collect$$libinit$$00000002)
    .ARM.Collect$$libinit$$00000004          0x080001e6   Section        0  libinit2.o(.ARM.Collect$$libinit$$00000004)
    .ARM.Collect$$libinit$$0000000A          0x080001e6   Section        0  libinit2.o(.ARM.Collect$$libinit$$0000000A)
    .ARM.Collect$$libinit$$0000000C          0x080001e6   Section        0  libinit2.o(.ARM.Collect$$libinit$$0000000C)
    .ARM.Collect$$libinit$$0000000E          0x080001e6   Section        0  libinit2.o(.ARM.Collect$$libinit$$0000000E)
    .ARM.Collect$$libinit$$00000011          0x080001e6   Section        0  libinit2.o(.ARM.Collect$$libinit$$00000011)
    .ARM.Collect$$libinit$$00000013          0x080001e6   Section        0  libinit2.o(.ARM.Collect$$libinit$$00000013)
    .ARM.Collect$$libinit$$00000015          0x080001e6   Section        0  libinit2.o(.ARM.Collect$$libinit$$00000015)
    .ARM.Collect$$libinit$$00000017          0x080001e6   Section        0  libinit2.o(.ARM.Collect$$libinit$$00000017)
    .ARM.Collect$$libinit$$00000019          0x080001e6   Section        0  libinit2.o(.ARM.Collect$$libinit$$00000019)
    .ARM.Collect$$libinit$$0000001B          0x080001e6   Section        0  libinit2.o(.ARM.Collect$$libinit$$0000001B)
    .ARM.Collect$$libinit$$0000001D          0x080001e6   Section        0  libinit2.o(.ARM.Collect$$libinit$$0000001D)
    .ARM.Collect$$libinit$$0000001F          0x080001e6   Section        0  libinit2.o(.ARM.Collect$$libinit$$0000001F)
    .ARM.Collect$$libinit$$00000021          0x080001e6   Section        0  libinit2.o(.ARM.Collect$$libinit$$00000021)
    .ARM.Collect$$libinit$$00000023          0x080001e6   Section        0  libinit2.o(.ARM.Collect$$libinit$$00000023)
    .ARM.Collect$$libinit$$00000025          0x080001e6   Section        0  libinit2.o(.ARM.Collect$$libinit$$00000025)
    .ARM.Collect$$libinit$$0000002C          0x080001e6   Section        0  libinit2.o(.ARM.Collect$$libinit$$0000002C)
    .ARM.Collect$$libinit$$0000002E          0x080001e6   Section        0  libinit2.o(.ARM.Collect$$libinit$$0000002E)
    .ARM.Collect$$libinit$$00000030          0x080001e6   Section        0  libinit2.o(.ARM.Collect$$libinit$$00000030)
    .ARM.Collect$$libinit$$00000032          0x080001e6   Section        0  libinit2.o(.ARM.Collect$$libinit$$00000032)
    .ARM.Collect$$libinit$$00000033          0x080001e6   Section        2  libinit2.o(.ARM.Collect$$libinit$$00000033)
    .ARM.Collect$$libshutdown$$00000000      0x080001e8   Section        2  libshutdown.o(.ARM.Collect$$libshutdown$$00000000)
    .ARM.Collect$$libshutdown$$00000002      0x080001ea   Section        0  libshutdown2.o(.ARM.Collect$$libshutdown$$00000002)
    .ARM.Collect$$libshutdown$$00000004      0x080001ea   Section        0  libshutdown2.o(.ARM.Collect$$libshutdown$$00000004)
    .ARM.Collect$$libshutdown$$00000007      0x080001ea   Section        0  libshutdown2.o(.ARM.Collect$$libshutdown$$00000007)
    .ARM.Collect$$libshutdown$$0000000A      0x080001ea   Section        0  libshutdown2.o(.ARM.Collect$$libshutdown$$0000000A)
    .ARM.Collect$$libshutdown$$0000000C      0x080001ea   Section        0  libshutdown2.o(.ARM.Collect$$libshutdown$$0000000C)
    .ARM.Collect$$libshutdown$$0000000F      0x080001ea   Section        0  libshutdown2.o(.ARM.Collect$$libshutdown$$0000000F)
    .ARM.Collect$$libshutdown$$00000010      0x080001ea   Section        2  libshutdown2.o(.ARM.Collect$$libshutdown$$00000010)
    .ARM.Collect$$rtentry$$00000000          0x080001ec   Section        0  __rtentry.o(.ARM.Collect$$rtentry$$00000000)
    .ARM.Collect$$rtentry$$00000002          0x080001ec   Section        0  __rtentry2.o(.ARM.Collect$$rtentry$$00000002)
    .ARM.Collect$$rtentry$$00000004          0x080001ec   Section        6  __rtentry4.o(.ARM.Collect$$rtentry$$00000004)
    .ARM.Collect$$rtentry$$00000009          0x080001f2   Section        0  __rtentry2.o(.ARM.Collect$$rtentry$$00000009)
    .ARM.Collect$$rtentry$$0000000A          0x080001f2   Section        4  __rtentry2.o(.ARM.Collect$$rtentry$$0000000A)
    .ARM.Collect$$rtentry$$0000000C          0x080001f6   Section        0  __rtentry2.o(.ARM.Collect$$rtentry$$0000000C)
    .ARM.Collect$$rtentry$$0000000D          0x080001f6   Section        8  __rtentry2.o(.ARM.Collect$$rtentry$$0000000D)
    .ARM.Collect$$rtexit$$00000000           0x080001fe   Section        2  rtexit.o(.ARM.Collect$$rtexit$$00000000)
    .ARM.Collect$$rtexit$$00000002           0x08000200   Section        0  rtexit2.o(.ARM.Collect$$rtexit$$00000002)
    .ARM.Collect$$rtexit$$00000003           0x08000200   Section        4  rtexit2.o(.ARM.Collect$$rtexit$$00000003)
    .ARM.Collect$$rtexit$$00000004           0x08000204   Section        6  rtexit2.o(.ARM.Collect$$rtexit$$00000004)
    .text                                    0x0800020c   Section       64  startup_stm32f10x_hd.o(.text)
    .text                                    0x0800024c   Section      128  strcmpv7m.o(.text)
    .text                                    0x080002cc   Section        0  heapauxi.o(.text)
    .text                                    0x080002d2   Section       74  sys_stackheap_outer.o(.text)
    .text                                    0x0800031c   Section        0  exit.o(.text)
    .text                                    0x08000330   Section        8  libspace.o(.text)
    .text                                    0x08000338   Section        0  sys_exit.o(.text)
    .text                                    0x08000344   Section        2  use_no_semi.o(.text)
    .text                                    0x08000346   Section        0  indicate_semi.o(.text)
    i.BLUETEETH_Mode                         0x08000348   Section        0  main.o(i.BLUETEETH_Mode)
    i.BTK05_ATMode                           0x0800036c   Section        0  btk05.o(i.BTK05_ATMode)
    i.BTK05_DeleteConnectInfo                0x08000398   Section        0  btk05.o(i.BTK05_DeleteConnectInfo)
    i.BTK05_KEYMode                          0x080003c0   Section        0  btk05.o(i.BTK05_KEYMode)
    i.BTK05_PairMode                         0x080003d4   Section        0  btk05.o(i.BTK05_PairMode)
    i.BTK05_RESET                            0x080003f8   Section        0  btk05.o(i.BTK05_RESET)
    i.BTK05_Sleep                            0x08000420   Section        0  btk05.o(i.BTK05_Sleep)
    i.BTK05_UART_SendATCmd                   0x08000440   Section        0  btk05.o(i.BTK05_UART_SendATCmd)
    i.BTK05_UART_SendChar                    0x080004d0   Section        0  btk05.o(i.BTK05_UART_SendChar)
    i.BTK05_UART_SendKeyData                 0x080004f8   Section        0  btk05.o(i.BTK05_UART_SendKeyData)
    i.BTK05_Wake                             0x08000514   Section        0  btk05.o(i.BTK05_Wake)
    i.BusFault_Handler                       0x08000534   Section        0  stm32f10x_it.o(i.BusFault_Handler)
    i.ByteSwap                               0x08000538   Section        0  usb_regs.o(i.ByteSwap)
    i.CTR_LP                                 0x08000544   Section        0  usb_int.o(i.CTR_LP)
    i.ClearDTOG_RX                           0x080007cc   Section        0  usb_regs.o(i.ClearDTOG_RX)
    i.ClearDTOG_TX                           0x08000800   Section        0  usb_regs.o(i.ClearDTOG_TX)
    i.Clear_Status_Out                       0x08000834   Section        0  usb_regs.o(i.Clear_Status_Out)
    i.ConsumerKeyProcess                     0x0800085c   Section        0  mykeyboard.o(i.ConsumerKeyProcess)
    i.DataStageIn                            0x080008e0   Section        0  usb_core.o(i.DataStageIn)
    DataStageIn                              0x080008e1   Thumb Code   166  usb_core.o(i.DataStageIn)
    i.DataStageOut                           0x080009a0   Section        0  usb_core.o(i.DataStageOut)
    DataStageOut                             0x080009a1   Thumb Code   166  usb_core.o(i.DataStageOut)
    i.Data_Setup0                            0x08000a5c   Section        0  usb_core.o(i.Data_Setup0)
    Data_Setup0                              0x08000a5d   Thumb Code   628  usb_core.o(i.Data_Setup0)
    i.DebugMon_Handler                       0x08000cf4   Section        0  stm32f10x_it.o(i.DebugMon_Handler)
    i.DelayMs                                0x08000cf8   Section        0  delay.o(i.DelayMs)
    i.DelayUs                                0x08000d44   Section        0  delay.o(i.DelayUs)
    i.EP1_IN_Callback                        0x08000d90   Section        0  usb_endp.o(i.EP1_IN_Callback)
    i.EXTI_ClearITPendingBit                 0x08000d9c   Section        0  stm32f10x_exti.o(i.EXTI_ClearITPendingBit)
    i.Enter_LowPowerMode                     0x08000da8   Section        0  hw_config.o(i.Enter_LowPowerMode)
    i.GPIO_ReadInputDataBit                  0x08000db4   Section        0  stm32f10x_gpio.o(i.GPIO_ReadInputDataBit)
    i.GPIO_ResetBits                         0x08000dc6   Section        0  stm32f10x_gpio.o(i.GPIO_ResetBits)
    i.GPIO_SetBits                           0x08000dca   Section        0  stm32f10x_gpio.o(i.GPIO_SetBits)
    i.GetEPRxAddr                            0x08000dd0   Section        0  usb_regs.o(i.GetEPRxAddr)
    i.GetEPTxAddr                            0x08000df0   Section        0  usb_regs.o(i.GetEPTxAddr)
    i.Get_SerialNum                          0x08000e10   Section        0  hw_config.o(i.Get_SerialNum)
    i.HardFault_Handler                      0x08000e44   Section        0  stm32f10x_it.o(i.HardFault_Handler)
    i.I2C_WriteByte                          0x08000e48   Section        0  led.o(i.I2C_WriteByte)
    i.IIC_Send_Byte                          0x08000e78   Section        0  led.o(i.IIC_Send_Byte)
    i.IIC_Start                              0x08000ee8   Section        0  led.o(i.IIC_Start)
    i.IIC_Stop                               0x08000f34   Section        0  led.o(i.IIC_Stop)
    i.IIC_Wait_Ack                           0x08000f80   Section        0  led.o(i.IIC_Wait_Ack)
    i.In0_Process                            0x08000fe4   Section        0  usb_core.o(i.In0_Process)
    i.IntToUnicode                           0x08001054   Section        0  hw_config.o(i.IntToUnicode)
    IntToUnicode                             0x08001055   Thumb Code    62  hw_config.o(i.IntToUnicode)
    i.Joystick_Data_Setup                    0x08001094   Section        0  usb_prop.o(i.Joystick_Data_Setup)
    i.Joystick_GetConfigDescriptor           0x08001110   Section        0  usb_prop.o(i.Joystick_GetConfigDescriptor)
    i.Joystick_GetDeviceDescriptor           0x08001124   Section        0  usb_prop.o(i.Joystick_GetDeviceDescriptor)
    i.Joystick_GetHIDDescriptor              0x08001138   Section        0  usb_prop.o(i.Joystick_GetHIDDescriptor)
    i.Joystick_GetProtocolValue              0x0800114c   Section        0  usb_prop.o(i.Joystick_GetProtocolValue)
    i.Joystick_GetReportDescriptor           0x08001168   Section        0  usb_prop.o(i.Joystick_GetReportDescriptor)
    i.Joystick_GetStringDescriptor           0x0800117c   Section        0  usb_prop.o(i.Joystick_GetStringDescriptor)
    i.Joystick_Get_Interface_Setting         0x080011a4   Section        0  usb_prop.o(i.Joystick_Get_Interface_Setting)
    i.Joystick_NoData_Setup                  0x080011bc   Section        0  usb_prop.o(i.Joystick_NoData_Setup)
    i.Joystick_Reset                         0x080011e0   Section        0  usb_prop.o(i.Joystick_Reset)
    i.Joystick_SetConfiguration              0x08001284   Section        0  usb_prop.o(i.Joystick_SetConfiguration)
    i.Joystick_SetDeviceAddress              0x0800129c   Section        0  usb_prop.o(i.Joystick_SetDeviceAddress)
    i.Joystick_SetProtocol                   0x080012a8   Section        0  usb_prop.o(i.Joystick_SetProtocol)
    i.Joystick_Status_In                     0x080012c0   Section        0  usb_prop.o(i.Joystick_Status_In)
    i.Joystick_Status_Out                    0x080012c2   Section        0  usb_prop.o(i.Joystick_Status_Out)
    i.Joystick_init                          0x080012c4   Section        0  usb_prop.o(i.Joystick_init)
    i.Keyboard_Send                          0x080012ec   Section        0  hw_config.o(i.Keyboard_Send)
    i.LED_BreathProcess                      0x08001304   Section        0  led.o(i.LED_BreathProcess)
    i.LED_DrawPoint                          0x08001370   Section        0  led.o(i.LED_DrawPoint)
    i.LED_ESCOFF                             0x080013e0   Section        0  led.o(i.LED_ESCOFF)
    i.LED_FreashRam                          0x08001404   Section        0  led.o(i.LED_FreashRam)
    i.LED_GoToSleep                          0x08001478   Section        0  led.o(i.LED_GoToSleep)
    i.LED_Mode1                              0x08001484   Section        0  led.o(i.LED_Mode1)
    i.LED_Mode2                              0x080014b0   Section        0  led.o(i.LED_Mode2)
    i.LED_Mode3                              0x0800152c   Section        0  led.o(i.LED_Mode3)
    i.LED_RamClearWith                       0x0800156c   Section        0  led.o(i.LED_RamClearWith)
    i.LED_SetBreathEfect                     0x080015a0   Section        0  led.o(i.LED_SetBreathEfect)
    i.LED_SetBrightness                      0x080015d0   Section        0  led.o(i.LED_SetBrightness)
    i.LED_SetDisplay                         0x080015ea   Section        0  led.o(i.LED_SetDisplay)
    i.LED_SetFlash                           0x08001640   Section        0  led.o(i.LED_SetFlash)
    i.LED_WakeUp                             0x08001678   Section        0  led.o(i.LED_WakeUp)
    i.Leave_LowPowerMode                     0x08001684   Section        0  hw_config.o(i.Leave_LowPowerMode)
    i.MemManage_Handler                      0x080016a4   Section        0  stm32f10x_it.o(i.MemManage_Handler)
    i.NMI_Handler                            0x080016a8   Section        0  stm32f10x_it.o(i.NMI_Handler)
    i.NOP_Process                            0x080016aa   Section        0  usb_core.o(i.NOP_Process)
    i.NoData_Setup0                          0x080016ac   Section        0  usb_core.o(i.NoData_Setup0)
    NoData_Setup0                            0x080016ad   Thumb Code   290  usb_core.o(i.NoData_Setup0)
    i.Out0_Process                           0x080017e4   Section        0  usb_core.o(i.Out0_Process)
    i.PMAToUserBufferCopy                    0x08001834   Section        0  usb_mem.o(i.PMAToUserBufferCopy)
    i.Post0_Process                          0x0800185c   Section        0  usb_core.o(i.Post0_Process)
    i.PowerOn                                0x080018a4   Section        0  usb_pwr.o(i.PowerOn)
    i.Resume                                 0x080018e4   Section        0  usb_pwr.o(i.Resume)
    i.Resume_Init                            0x080019b4   Section        0  usb_pwr.o(i.Resume_Init)
    i.SVC_Handler                            0x080019d8   Section        0  stm32f10x_it.o(i.SVC_Handler)
    i.SetBTABLE                              0x080019dc   Section        0  usb_regs.o(i.SetBTABLE)
    i.SetDeviceAddress                       0x080019ec   Section        0  usb_core.o(i.SetDeviceAddress)
    i.SetEPRxAddr                            0x08001a3c   Section        0  usb_regs.o(i.SetEPRxAddr)
    i.SetEPRxCount                           0x08001a60   Section        0  usb_regs.o(i.SetEPRxCount)
    i.SetEPRxStatus                          0x08001aac   Section        0  usb_regs.o(i.SetEPRxStatus)
    i.SetEPRxValid                           0x08001aec   Section        0  usb_regs.o(i.SetEPRxValid)
    i.SetEPTxAddr                            0x08001b20   Section        0  usb_regs.o(i.SetEPTxAddr)
    i.SetEPTxCount                           0x08001b40   Section        0  usb_regs.o(i.SetEPTxCount)
    i.SetEPTxStatus                          0x08001b5c   Section        0  usb_regs.o(i.SetEPTxStatus)
    i.SetEPTxValid                           0x08001b9c   Section        0  usb_regs.o(i.SetEPTxValid)
    i.SetEPType                              0x08001bd0   Section        0  usb_regs.o(i.SetEPType)
    i.SetSysClock                            0x08001bf4   Section        0  system_stm32f10x.o(i.SetSysClock)
    SetSysClock                              0x08001bf5   Thumb Code     8  system_stm32f10x.o(i.SetSysClock)
    i.SetSysClockTo72                        0x08001bfc   Section        0  system_stm32f10x.o(i.SetSysClockTo72)
    SetSysClockTo72                          0x08001bfd   Thumb Code   214  system_stm32f10x.o(i.SetSysClockTo72)
    i.Setup0_Process                         0x08001cdc   Section        0  usb_core.o(i.Setup0_Process)
    i.Standard_ClearFeature                  0x08001d94   Section        0  usb_core.o(i.Standard_ClearFeature)
    i.Standard_GetConfiguration              0x08001f00   Section        0  usb_core.o(i.Standard_GetConfiguration)
    i.Standard_GetDescriptorData             0x08001f2c   Section        0  usb_core.o(i.Standard_GetDescriptorData)
    i.Standard_GetInterface                  0x08001f50   Section        0  usb_core.o(i.Standard_GetInterface)
    i.Standard_GetStatus                     0x08001f7c   Section        0  usb_core.o(i.Standard_GetStatus)
    i.Standard_SetConfiguration              0x0800207c   Section        0  usb_core.o(i.Standard_SetConfiguration)
    i.Standard_SetDeviceFeature              0x080020c4   Section        0  usb_core.o(i.Standard_SetDeviceFeature)
    i.Standard_SetEndPointFeature            0x080020ec   Section        0  usb_core.o(i.Standard_SetEndPointFeature)
    i.Standard_SetInterface                  0x080021bc   Section        0  usb_core.o(i.Standard_SetInterface)
    i.Suspend                                0x08002228   Section        0  usb_pwr.o(i.Suspend)
    i.SysTick_Handler                        0x080022c4   Section        0  stm32f10x_it.o(i.SysTick_Handler)
    i.SystemInit                             0x080022c8   Section        0  system_stm32f10x.o(i.SystemInit)
    i.TIM2_IRQHandler                        0x08002328   Section        0  main.o(i.TIM2_IRQHandler)
    i.TIM_ClearITPendingBit                  0x08002390   Section        0  stm32f10x_tim.o(i.TIM_ClearITPendingBit)
    i.TIM_Cmd                                0x08002396   Section        0  stm32f10x_tim.o(i.TIM_Cmd)
    i.TIM_GetITStatus                        0x080023ae   Section        0  stm32f10x_tim.o(i.TIM_GetITStatus)
    i.USART1_IRQHandler                      0x080023d0   Section        0  btk05.o(i.USART1_IRQHandler)
    i.USART_ClearFlag                        0x08002414   Section        0  stm32f10x_usart.o(i.USART_ClearFlag)
    i.USART_GetFlagStatus                    0x08002426   Section        0  stm32f10x_usart.o(i.USART_GetFlagStatus)
    i.USART_GetITStatus                      0x08002440   Section        0  stm32f10x_usart.o(i.USART_GetITStatus)
    i.USART_ReceiveData                      0x08002494   Section        0  stm32f10x_usart.o(i.USART_ReceiveData)
    i.USART_SendData                         0x0800249e   Section        0  stm32f10x_usart.o(i.USART_SendData)
    i.USBWakeUp_IRQHandler                   0x080024a6   Section        0  hw_config.o(i.USBWakeUp_IRQHandler)
    i.USB_Cable_Config                       0x080024b2   Section        0  hw_config.o(i.USB_Cable_Config)
    i.USB_Istr                               0x080024b4   Section        0  usb_istr.o(i.USB_Istr)
    i.USB_LP_CAN1_RX0_IRQHandler             0x08002680   Section        0  hw_config.o(i.USB_LP_CAN1_RX0_IRQHandler)
    i.USB_Mode                               0x08002688   Section        0  main.o(i.USB_Mode)
    i.USB_SIL_Init                           0x080026ac   Section        0  usb_sil.o(i.USB_SIL_Init)
    i.USB_SIL_Write                          0x080026d0   Section        0  usb_sil.o(i.USB_SIL_Write)
    i.UsageFault_Handler                     0x080026fe   Section        0  stm32f10x_it.o(i.UsageFault_Handler)
    i.UserToPMABufferCopy                    0x08002704   Section        0  usb_mem.o(i.UserToPMABufferCopy)
    i.main                                   0x0800273c   Section        0  main.o(i.main)
    i.myKeyBoard_ControlKeyProcess           0x080028dc   Section        0  mykeyboard.o(i.myKeyBoard_ControlKeyProcess)
    i.myKeyBoard_JudgeKeyPressWithName       0x08002a0c   Section        0  mykeyboard.o(i.myKeyBoard_JudgeKeyPressWithName)
    i.myKeyBoard_JudgeKeyStateChange         0x08002a64   Section        0  mykeyboard.o(i.myKeyBoard_JudgeKeyStateChange)
    i.myKeyBoard_KeyScan                     0x08002adc   Section        0  mykeyboard.o(i.myKeyBoard_KeyScan)
    i.myKeyBoard_KeyScan_rowScan             0x08002b18   Section        0  mykeyboard.o(i.myKeyBoard_KeyScan_rowScan)
    i.myKeyBoard_ScanKeyAndUpdataATBuffer    0x08002c08   Section        0  mykeyboard.o(i.myKeyBoard_ScanKeyAndUpdataATBuffer)
    i.myKeyBoard_UpdataATDataPack            0x08002c34   Section        0  mykeyboard.o(i.myKeyBoard_UpdataATDataPack)
    .constdata                               0x08002f8c   Section      128  mykeyboard.o(.constdata)
    .constdata                               0x0800300c   Section      202  usb_desc.o(.constdata)
    .conststring                             0x080030d8   Section      437  mykeyboard.o(.conststring)
    .data                                    0x20000000   Section       11  main.o(.data)
    sleepTime1SCounter                       0x20000000   Data           2  main.o(.data)
    .data                                    0x2000000c   Section        4  delay.o(.data)
    fac_us                                   0x2000000c   Data           1  delay.o(.data)
    fac_ms                                   0x2000000e   Data           2  delay.o(.data)
    .data                                    0x20000010   Section        5  led.o(.data)
    .data                                    0x20000018   Section      390  mykeyboard.o(.data)
    .data                                    0x2000019e   Section       24  btk05.o(.data)
    .data                                    0x200001b6   Section        3  usb_core.o(.data)
    .data                                    0x200001bc   Section       20  usb_init.o(.data)
    .data                                    0x200001d0   Section        4  usb_int.o(.data)
    .data                                    0x200001d4   Section        1  hw_config.o(.data)
    .data                                    0x200001d5   Section       26  usb_desc.o(.data)
    .data                                    0x200001f0   Section       68  usb_istr.o(.data)
    .data                                    0x20000234   Section      156  usb_prop.o(.data)
    .data                                    0x200002d0   Section       12  usb_pwr.o(.data)
    .bss                                     0x200002dc   Section       12  led.o(.bss)
    .bss                                     0x200002e8   Section      210  mykeyboard.o(.bss)
    .bss                                     0x200003ba   Section       60  btk05.o(.bss)
    .bss                                     0x200003f8   Section       28  usb_init.o(.bss)
    .bss                                     0x20000414   Section       32  usb_pwr.o(.bss)
    .bss                                     0x20000434   Section       96  libspace.o(.bss)
    HEAP                                     0x20000498   Section      512  startup_stm32f10x_hd.o(HEAP)
    Heap_Mem                                 0x20000498   Data         512  startup_stm32f10x_hd.o(HEAP)
    STACK                                    0x20000698   Section     1024  startup_stm32f10x_hd.o(STACK)
    Stack_Mem                                0x20000698   Data        1024  startup_stm32f10x_hd.o(STACK)
    __initial_sp                             0x20000a98   Data           0  startup_stm32f10x_hd.o(STACK)

    Global Symbols

    Symbol Name                              Value     Ov Type        Size  Object(Section)

    BuildAttributes$$THM_ISAv4$P$D$K$B$S$PE$A:L22UL41UL21$X:L11$S22US41US21$IEEE1$IW$USESV6$~STKCKD$USESV7$~SHL$OSPACE$ROPI$EBA8$UX$STANDARDLIB$REQ8$PRES8$EABIv2 0x00000000   Number         0  anon$$obj.o ABSOLUTE
    __ARM_use_no_argv                        0x00000000   Number         0  main.o ABSOLUTE
    __ARM_exceptions_init                     - Undefined Weak Reference
    __alloca_initialize                       - Undefined Weak Reference
    __arm_preinit_                            - Undefined Weak Reference
    __cpp_initialize__aeabi_                  - Undefined Weak Reference
    __cxa_finalize                            - Undefined Weak Reference
    __rt_locale                               - Undefined Weak Reference
    __sigvec_lookup                           - Undefined Weak Reference
    _atexit_init                              - Undefined Weak Reference
    _call_atexit_fns                          - Undefined Weak Reference
    _clock_init                               - Undefined Weak Reference
    _fp_trap_init                             - Undefined Weak Reference
    _fp_trap_shutdown                         - Undefined Weak Reference
    _get_lc_collate                           - Undefined Weak Reference
    _get_lc_ctype                             - Undefined Weak Reference
    _get_lc_monetary                          - Undefined Weak Reference
    _get_lc_numeric                           - Undefined Weak Reference
    _get_lc_time                              - Undefined Weak Reference
    _getenv_init                              - Undefined Weak Reference
    _handle_redirection                       - Undefined Weak Reference
    _init_alloc                               - Undefined Weak Reference
    _init_user_alloc                          - Undefined Weak Reference
    _initio                                   - Undefined Weak Reference
    _rand_init                                - Undefined Weak Reference
    _signal_finish                            - Undefined Weak Reference
    _signal_init                              - Undefined Weak Reference
    _terminate_alloc                          - Undefined Weak Reference
    _terminate_user_alloc                     - Undefined Weak Reference
    _terminateio                              - Undefined Weak Reference
    __Vectors_Size                           0x00000130   Number         0  startup_stm32f10x_hd.o ABSOLUTE
    __Vectors                                0x08000000   Data           4  startup_stm32f10x_hd.o(RESET)
    __Vectors_End                            0x08000130   Data           0  startup_stm32f10x_hd.o(RESET)
    __main                                   0x08000131   Thumb Code     8  __main.o(!!!main)
    __scatterload                            0x08000139   Thumb Code     0  __scatter.o(!!!scatter)
    __scatterload_rt2                        0x08000139   Thumb Code    44  __scatter.o(!!!scatter)
    __scatterload_rt2_thumb_only             0x08000139   Thumb Code     0  __scatter.o(!!!scatter)
    __scatterload_null                       0x08000147   Thumb Code     0  __scatter.o(!!!scatter)
    __decompress                             0x0800016d   Thumb Code    90  __dczerorl2.o(!!dczerorl2)
    __decompress1                            0x0800016d   Thumb Code     0  __dczerorl2.o(!!dczerorl2)
    __scatterload_zeroinit                   0x080001c9   Thumb Code    28  __scatter_zi.o(!!handler_zi)
    __rt_lib_init                            0x080001e5   Thumb Code     0  libinit.o(.ARM.Collect$$libinit$$00000000)
    __rt_lib_init_alloca_1                   0x080001e7   Thumb Code     0  libinit2.o(.ARM.Collect$$libinit$$0000002E)
    __rt_lib_init_argv_1                     0x080001e7   Thumb Code     0  libinit2.o(.ARM.Collect$$libinit$$0000002C)
    __rt_lib_init_atexit_1                   0x080001e7   Thumb Code     0  libinit2.o(.ARM.Collect$$libinit$$0000001B)
    __rt_lib_init_clock_1                    0x080001e7   Thumb Code     0  libinit2.o(.ARM.Collect$$libinit$$00000021)
    __rt_lib_init_cpp_1                      0x080001e7   Thumb Code     0  libinit2.o(.ARM.Collect$$libinit$$00000032)
    __rt_lib_init_exceptions_1               0x080001e7   Thumb Code     0  libinit2.o(.ARM.Collect$$libinit$$00000030)
    __rt_lib_init_fp_1                       0x080001e7   Thumb Code     0  libinit2.o(.ARM.Collect$$libinit$$00000002)
    __rt_lib_init_fp_trap_1                  0x080001e7   Thumb Code     0  libinit2.o(.ARM.Collect$$libinit$$0000001F)
    __rt_lib_init_getenv_1                   0x080001e7   Thumb Code     0  libinit2.o(.ARM.Collect$$libinit$$00000023)
    __rt_lib_init_heap_1                     0x080001e7   Thumb Code     0  libinit2.o(.ARM.Collect$$libinit$$0000000A)
    __rt_lib_init_lc_collate_1               0x080001e7   Thumb Code     0  libinit2.o(.ARM.Collect$$libinit$$00000011)
    __rt_lib_init_lc_ctype_1                 0x080001e7   Thumb Code     0  libinit2.o(.ARM.Collect$$libinit$$00000013)
    __rt_lib_init_lc_monetary_1              0x080001e7   Thumb Code     0  libinit2.o(.ARM.Collect$$libinit$$00000015)
    __rt_lib_init_lc_numeric_1               0x080001e7   Thumb Code     0  libinit2.o(.ARM.Collect$$libinit$$00000017)
    __rt_lib_init_lc_time_1                  0x080001e7   Thumb Code     0  libinit2.o(.ARM.Collect$$libinit$$00000019)
    __rt_lib_init_preinit_1                  0x080001e7   Thumb Code     0  libinit2.o(.ARM.Collect$$libinit$$00000004)
    __rt_lib_init_rand_1                     0x080001e7   Thumb Code     0  libinit2.o(.ARM.Collect$$libinit$$0000000E)
    __rt_lib_init_return                     0x080001e7   Thumb Code     0  libinit2.o(.ARM.Collect$$libinit$$00000033)
    __rt_lib_init_signal_1                   0x080001e7   Thumb Code     0  libinit2.o(.ARM.Collect$$libinit$$0000001D)
    __rt_lib_init_stdio_1                    0x080001e7   Thumb Code     0  libinit2.o(.ARM.Collect$$libinit$$00000025)
    __rt_lib_init_user_alloc_1               0x080001e7   Thumb Code     0  libinit2.o(.ARM.Collect$$libinit$$0000000C)
    __rt_lib_shutdown                        0x080001e9   Thumb Code     0  libshutdown.o(.ARM.Collect$$libshutdown$$00000000)
    __rt_lib_shutdown_cpp_1                  0x080001eb   Thumb Code     0  libshutdown2.o(.ARM.Collect$$libshutdown$$00000002)
    __rt_lib_shutdown_fp_trap_1              0x080001eb   Thumb Code     0  libshutdown2.o(.ARM.Collect$$libshutdown$$00000007)
    __rt_lib_shutdown_heap_1                 0x080001eb   Thumb Code     0  libshutdown2.o(.ARM.Collect$$libshutdown$$0000000F)
    __rt_lib_shutdown_return                 0x080001eb   Thumb Code     0  libshutdown2.o(.ARM.Collect$$libshutdown$$00000010)
    __rt_lib_shutdown_signal_1               0x080001eb   Thumb Code     0  libshutdown2.o(.ARM.Collect$$libshutdown$$0000000A)
    __rt_lib_shutdown_stdio_1                0x080001eb   Thumb Code     0  libshutdown2.o(.ARM.Collect$$libshutdown$$00000004)
    __rt_lib_shutdown_user_alloc_1           0x080001eb   Thumb Code     0  libshutdown2.o(.ARM.Collect$$libshutdown$$0000000C)
    __rt_entry                               0x080001ed   Thumb Code     0  __rtentry.o(.ARM.Collect$$rtentry$$00000000)
    __rt_entry_presh_1                       0x080001ed   Thumb Code     0  __rtentry2.o(.ARM.Collect$$rtentry$$00000002)
    __rt_entry_sh                            0x080001ed   Thumb Code     0  __rtentry4.o(.ARM.Collect$$rtentry$$00000004)
    __rt_entry_li                            0x080001f3   Thumb Code     0  __rtentry2.o(.ARM.Collect$$rtentry$$0000000A)
    __rt_entry_postsh_1                      0x080001f3   Thumb Code     0  __rtentry2.o(.ARM.Collect$$rtentry$$00000009)
    __rt_entry_main                          0x080001f7   Thumb Code     0  __rtentry2.o(.ARM.Collect$$rtentry$$0000000D)
    __rt_entry_postli_1                      0x080001f7   Thumb Code     0  __rtentry2.o(.ARM.Collect$$rtentry$$0000000C)
    __rt_exit                                0x080001ff   Thumb Code     0  rtexit.o(.ARM.Collect$$rtexit$$00000000)
    __rt_exit_ls                             0x08000201   Thumb Code     0  rtexit2.o(.ARM.Collect$$rtexit$$00000003)
    __rt_exit_prels_1                        0x08000201   Thumb Code     0  rtexit2.o(.ARM.Collect$$rtexit$$00000002)
    __rt_exit_exit                           0x08000205   Thumb Code     0  rtexit2.o(.ARM.Collect$$rtexit$$00000004)
    Reset_Handler                            0x0800020d   Thumb Code     8  startup_stm32f10x_hd.o(.text)
    PendSV_Handler                           0x08000223   Thumb Code     2  startup_stm32f10x_hd.o(.text)
    ADC1_2_IRQHandler                        0x08000227   Thumb Code     0  startup_stm32f10x_hd.o(.text)
    ADC3_IRQHandler                          0x08000227   Thumb Code     0  startup_stm32f10x_hd.o(.text)
    CAN1_RX1_IRQHandler                      0x08000227   Thumb Code     0  startup_stm32f10x_hd.o(.text)
    CAN1_SCE_IRQHandler                      0x08000227   Thumb Code     0  startup_stm32f10x_hd.o(.text)
    DMA1_Channel1_IRQHandler                 0x08000227   Thumb Code     0  startup_stm32f10x_hd.o(.text)
    DMA1_Channel2_IRQHandler                 0x08000227   Thumb Code     0  startup_stm32f10x_hd.o(.text)
    DMA1_Channel3_IRQHandler                 0x08000227   Thumb Code     0  startup_stm32f10x_hd.o(.text)
    DMA1_Channel4_IRQHandler                 0x08000227   Thumb Code     0  startup_stm32f10x_hd.o(.text)
    DMA1_Channel5_IRQHandler                 0x08000227   Thumb Code     0  startup_stm32f10x_hd.o(.text)
    DMA1_Channel6_IRQHandler                 0x08000227   Thumb Code     0  startup_stm32f10x_hd.o(.text)
    DMA1_Channel7_IRQHandler                 0x08000227   Thumb Code     0  startup_stm32f10x_hd.o(.text)
    DMA2_Channel1_IRQHandler                 0x08000227   Thumb Code     0  startup_stm32f10x_hd.o(.text)
    DMA2_Channel2_IRQHandler                 0x08000227   Thumb Code     0  startup_stm32f10x_hd.o(.text)
    DMA2_Channel3_IRQHandler                 0x08000227   Thumb Code     0  startup_stm32f10x_hd.o(.text)
    DMA2_Channel4_5_IRQHandler               0x08000227   Thumb Code     0  startup_stm32f10x_hd.o(.text)
    EXTI0_IRQHandler                         0x08000227   Thumb Code     0  startup_stm32f10x_hd.o(.text)
    EXTI15_10_IRQHandler                     0x08000227   Thumb Code     0  startup_stm32f10x_hd.o(.text)
    EXTI1_IRQHandler                         0x08000227   Thumb Code     0  startup_stm32f10x_hd.o(.text)
    EXTI2_IRQHandler                         0x08000227   Thumb Code     0  startup_stm32f10x_hd.o(.text)
    EXTI3_IRQHandler                         0x08000227   Thumb Code     0  startup_stm32f10x_hd.o(.text)
    EXTI4_IRQHandler                         0x08000227   Thumb Code     0  startup_stm32f10x_hd.o(.text)
    EXTI9_5_IRQHandler                       0x08000227   Thumb Code     0  startup_stm32f10x_hd.o(.text)
    FLASH_IRQHandler                         0x08000227   Thumb Code     0  startup_stm32f10x_hd.o(.text)
    FSMC_IRQHandler                          0x08000227   Thumb Code     0  startup_stm32f10x_hd.o(.text)
    I2C1_ER_IRQHandler                       0x08000227   Thumb Code     0  startup_stm32f10x_hd.o(.text)
    I2C1_EV_IRQHandler                       0x08000227   Thumb Code     0  startup_stm32f10x_hd.o(.text)
    I2C2_ER_IRQHandler                       0x08000227   Thumb Code     0  startup_stm32f10x_hd.o(.text)
    I2C2_EV_IRQHandler                       0x08000227   Thumb Code     0  startup_stm32f10x_hd.o(.text)
    PVD_IRQHandler                           0x08000227   Thumb Code     0  startup_stm32f10x_hd.o(.text)
    RCC_IRQHandler                           0x08000227   Thumb Code     0  startup_stm32f10x_hd.o(.text)
    RTCAlarm_IRQHandler                      0x08000227   Thumb Code     0  startup_stm32f10x_hd.o(.text)
    RTC_IRQHandler                           0x08000227   Thumb Code     0  startup_stm32f10x_hd.o(.text)
    SDIO_IRQHandler                          0x08000227   Thumb Code     0  startup_stm32f10x_hd.o(.text)
    SPI1_IRQHandler                          0x08000227   Thumb Code     0  startup_stm32f10x_hd.o(.text)
    SPI2_IRQHandler                          0x08000227   Thumb Code     0  startup_stm32f10x_hd.o(.text)
    SPI3_IRQHandler                          0x08000227   Thumb Code     0  startup_stm32f10x_hd.o(.text)
    TAMPER_IRQHandler                        0x08000227   Thumb Code     0  startup_stm32f10x_hd.o(.text)
    TIM1_BRK_IRQHandler                      0x08000227   Thumb Code     0  startup_stm32f10x_hd.o(.text)
    TIM1_CC_IRQHandler                       0x08000227   Thumb Code     0  startup_stm32f10x_hd.o(.text)
    TIM1_TRG_COM_IRQHandler                  0x08000227   Thumb Code     0  startup_stm32f10x_hd.o(.text)
    TIM1_UP_IRQHandler                       0x08000227   Thumb Code     0  startup_stm32f10x_hd.o(.text)
    TIM3_IRQHandler                          0x08000227   Thumb Code     0  startup_stm32f10x_hd.o(.text)
    TIM4_IRQHandler                          0x08000227   Thumb Code     0  startup_stm32f10x_hd.o(.text)
    TIM5_IRQHandler                          0x08000227   Thumb Code     0  startup_stm32f10x_hd.o(.text)
    TIM6_IRQHandler                          0x08000227   Thumb Code     0  startup_stm32f10x_hd.o(.text)
    TIM7_IRQHandler                          0x08000227   Thumb Code     0  startup_stm32f10x_hd.o(.text)
    TIM8_BRK_IRQHandler                      0x08000227   Thumb Code     0  startup_stm32f10x_hd.o(.text)
    TIM8_CC_IRQHandler                       0x08000227   Thumb Code     0  startup_stm32f10x_hd.o(.text)
    TIM8_TRG_COM_IRQHandler                  0x08000227   Thumb Code     0  startup_stm32f10x_hd.o(.text)
    TIM8_UP_IRQHandler                       0x08000227   Thumb Code     0  startup_stm32f10x_hd.o(.text)
    UART4_IRQHandler                         0x08000227   Thumb Code     0  startup_stm32f10x_hd.o(.text)
    UART5_IRQHandler                         0x08000227   Thumb Code     0  startup_stm32f10x_hd.o(.text)
    USART2_IRQHandler                        0x08000227   Thumb Code     0  startup_stm32f10x_hd.o(.text)
    USART3_IRQHandler                        0x08000227   Thumb Code     0  startup_stm32f10x_hd.o(.text)
    USB_HP_CAN1_TX_IRQHandler                0x08000227   Thumb Code     0  startup_stm32f10x_hd.o(.text)
    WWDG_IRQHandler                          0x08000227   Thumb Code     0  startup_stm32f10x_hd.o(.text)
    __user_initial_stackheap                 0x08000229   Thumb Code     0  startup_stm32f10x_hd.o(.text)
    strcmp                                   0x0800024d   Thumb Code   128  strcmpv7m.o(.text)
    __use_two_region_memory                  0x080002cd   Thumb Code     2  heapauxi.o(.text)
    __rt_heap_escrow$2region                 0x080002cf   Thumb Code     2  heapauxi.o(.text)
    __rt_heap_expand$2region                 0x080002d1   Thumb Code     2  heapauxi.o(.text)
    __user_setup_stackheap                   0x080002d3   Thumb Code    74  sys_stackheap_outer.o(.text)
    exit                                     0x0800031d   Thumb Code    18  exit.o(.text)
    __user_libspace                          0x08000331   Thumb Code     8  libspace.o(.text)
    __user_perproc_libspace                  0x08000331   Thumb Code     0  libspace.o(.text)
    __user_perthread_libspace                0x08000331   Thumb Code     0  libspace.o(.text)
    _sys_exit                                0x08000339   Thumb Code     8  sys_exit.o(.text)
    __I$use$semihosting                      0x08000345   Thumb Code     0  use_no_semi.o(.text)
    __use_no_semihosting_swi                 0x08000345   Thumb Code     2  use_no_semi.o(.text)
    __semihosting_library_function           0x08000347   Thumb Code     0  indicate_semi.o(.text)
    BLUETEETH_Mode                           0x08000349   Thumb Code    28  main.o(i.BLUETEETH_Mode)
    BTK05_ATMode                             0x0800036d   Thumb Code    34  btk05.o(i.BTK05_ATMode)
    BTK05_DeleteConnectInfo                  0x08000399   Thumb Code    28  btk05.o(i.BTK05_DeleteConnectInfo)
    BTK05_KEYMode                            0x080003c1   Thumb Code    10  btk05.o(i.BTK05_KEYMode)
    BTK05_PairMode                           0x080003d5   Thumb Code    28  btk05.o(i.BTK05_PairMode)
    BTK05_RESET                              0x080003f9   Thumb Code    28  btk05.o(i.BTK05_RESET)
    BTK05_Sleep                              0x08000421   Thumb Code    24  btk05.o(i.BTK05_Sleep)
    BTK05_UART_SendATCmd                     0x08000441   Thumb Code   130  btk05.o(i.BTK05_UART_SendATCmd)
    BTK05_UART_SendChar                      0x080004d1   Thumb Code    36  btk05.o(i.BTK05_UART_SendChar)
    BTK05_UART_SendKeyData                   0x080004f9   Thumb Code    26  btk05.o(i.BTK05_UART_SendKeyData)
    BTK05_Wake                               0x08000515   Thumb Code    24  btk05.o(i.BTK05_Wake)
    BusFault_Handler                         0x08000535   Thumb Code     4  stm32f10x_it.o(i.BusFault_Handler)
    ByteSwap                                 0x08000539   Thumb Code    12  usb_regs.o(i.ByteSwap)
    CTR_LP                                   0x08000545   Thumb Code   616  usb_int.o(i.CTR_LP)
    ClearDTOG_RX                             0x080007cd   Thumb Code    48  usb_regs.o(i.ClearDTOG_RX)
    ClearDTOG_TX                             0x08000801   Thumb Code    48  usb_regs.o(i.ClearDTOG_TX)
    Clear_Status_Out                         0x08000835   Thumb Code    34  usb_regs.o(i.Clear_Status_Out)
    ConsumerKeyProcess                       0x0800085d   Thumb Code   124  mykeyboard.o(i.ConsumerKeyProcess)
    DebugMon_Handler                         0x08000cf5   Thumb Code     2  stm32f10x_it.o(i.DebugMon_Handler)
    DelayMs                                  0x08000cf9   Thumb Code    72  delay.o(i.DelayMs)
    DelayUs                                  0x08000d45   Thumb Code    72  delay.o(i.DelayUs)
    EP1_IN_Callback                          0x08000d91   Thumb Code     8  usb_endp.o(i.EP1_IN_Callback)
    EXTI_ClearITPendingBit                   0x08000d9d   Thumb Code     6  stm32f10x_exti.o(i.EXTI_ClearITPendingBit)
    Enter_LowPowerMode                       0x08000da9   Thumb Code     8  hw_config.o(i.Enter_LowPowerMode)
    GPIO_ReadInputDataBit                    0x08000db5   Thumb Code    18  stm32f10x_gpio.o(i.GPIO_ReadInputDataBit)
    GPIO_ResetBits                           0x08000dc7   Thumb Code     4  stm32f10x_gpio.o(i.GPIO_ResetBits)
    GPIO_SetBits                             0x08000dcb   Thumb Code     4  stm32f10x_gpio.o(i.GPIO_SetBits)
    GetEPRxAddr                              0x08000dd1   Thumb Code    24  usb_regs.o(i.GetEPRxAddr)
    GetEPTxAddr                              0x08000df1   Thumb Code    22  usb_regs.o(i.GetEPTxAddr)
    Get_SerialNum                            0x08000e11   Thumb Code    42  hw_config.o(i.Get_SerialNum)
    HardFault_Handler                        0x08000e45   Thumb Code     4  stm32f10x_it.o(i.HardFault_Handler)
    I2C_WriteByte                            0x08000e49   Thumb Code    46  led.o(i.I2C_WriteByte)
    IIC_Send_Byte                            0x08000e79   Thumb Code   108  led.o(i.IIC_Send_Byte)
    IIC_Start                                0x08000ee9   Thumb Code    70  led.o(i.IIC_Start)
    IIC_Stop                                 0x08000f35   Thumb Code    70  led.o(i.IIC_Stop)
    IIC_Wait_Ack                             0x08000f81   Thumb Code    96  led.o(i.IIC_Wait_Ack)
    In0_Process                              0x08000fe5   Thumb Code    98  usb_core.o(i.In0_Process)
    Joystick_Data_Setup                      0x08001095   Thumb Code   108  usb_prop.o(i.Joystick_Data_Setup)
    Joystick_GetConfigDescriptor             0x08001111   Thumb Code    14  usb_prop.o(i.Joystick_GetConfigDescriptor)
    Joystick_GetDeviceDescriptor             0x08001125   Thumb Code    14  usb_prop.o(i.Joystick_GetDeviceDescriptor)
    Joystick_GetHIDDescriptor                0x08001139   Thumb Code    14  usb_prop.o(i.Joystick_GetHIDDescriptor)
    Joystick_GetProtocolValue                0x0800114d   Thumb Code    20  usb_prop.o(i.Joystick_GetProtocolValue)
    Joystick_GetReportDescriptor             0x08001169   Thumb Code    14  usb_prop.o(i.Joystick_GetReportDescriptor)
    Joystick_GetStringDescriptor             0x0800117d   Thumb Code    32  usb_prop.o(i.Joystick_GetStringDescriptor)
    Joystick_Get_Interface_Setting           0x080011a5   Thumb Code    22  usb_prop.o(i.Joystick_Get_Interface_Setting)
    Joystick_NoData_Setup                    0x080011bd   Thumb Code    32  usb_prop.o(i.Joystick_NoData_Setup)
    Joystick_Reset                           0x080011e1   Thumb Code   148  usb_prop.o(i.Joystick_Reset)
    Joystick_SetConfiguration                0x08001285   Thumb Code    14  usb_prop.o(i.Joystick_SetConfiguration)
    Joystick_SetDeviceAddress                0x0800129d   Thumb Code     8  usb_prop.o(i.Joystick_SetDeviceAddress)
    Joystick_SetProtocol                     0x080012a9   Thumb Code    14  usb_prop.o(i.Joystick_SetProtocol)
    Joystick_Status_In                       0x080012c1   Thumb Code     2  usb_prop.o(i.Joystick_Status_In)
    Joystick_Status_Out                      0x080012c3   Thumb Code     2  usb_prop.o(i.Joystick_Status_Out)
    Joystick_init                            0x080012c5   Thumb Code    30  usb_prop.o(i.Joystick_init)
    Keyboard_Send                            0x080012ed   Thumb Code    22  hw_config.o(i.Keyboard_Send)
    LED_BreathProcess                        0x08001305   Thumb Code    98  led.o(i.LED_BreathProcess)
    LED_DrawPoint                            0x08001371   Thumb Code   108  led.o(i.LED_DrawPoint)
    LED_ESCOFF                               0x080013e1   Thumb Code    32  led.o(i.LED_ESCOFF)
    LED_FreashRam                            0x08001405   Thumb Code   112  led.o(i.LED_FreashRam)
    LED_GoToSleep                            0x08001479   Thumb Code    12  led.o(i.LED_GoToSleep)
    LED_Mode1                                0x08001485   Thumb Code    38  led.o(i.LED_Mode1)
    LED_Mode2                                0x080014b1   Thumb Code   118  led.o(i.LED_Mode2)
    LED_Mode3                                0x0800152d   Thumb Code    58  led.o(i.LED_Mode3)
    LED_RamClearWith                         0x0800156d   Thumb Code    48  led.o(i.LED_RamClearWith)
    LED_SetBreathEfect                       0x080015a1   Thumb Code    38  led.o(i.LED_SetBreathEfect)
    LED_SetBrightness                        0x080015d1   Thumb Code    26  led.o(i.LED_SetBrightness)
    LED_SetDisplay                           0x080015eb   Thumb Code    86  led.o(i.LED_SetDisplay)
    LED_SetFlash                             0x08001641   Thumb Code    46  led.o(i.LED_SetFlash)
    LED_WakeUp                               0x08001679   Thumb Code    12  led.o(i.LED_WakeUp)
    Leave_LowPowerMode                       0x08001685   Thumb Code    22  hw_config.o(i.Leave_LowPowerMode)
    MemManage_Handler                        0x080016a5   Thumb Code     4  stm32f10x_it.o(i.MemManage_Handler)
    NMI_Handler                              0x080016a9   Thumb Code     2  stm32f10x_it.o(i.NMI_Handler)
    NOP_Process                              0x080016ab   Thumb Code     2  usb_core.o(i.NOP_Process)
    Out0_Process                             0x080017e5   Thumb Code    70  usb_core.o(i.Out0_Process)
    PMAToUserBufferCopy                      0x08001835   Thumb Code    34  usb_mem.o(i.PMAToUserBufferCopy)
    Post0_Process                            0x0800185d   Thumb Code    54  usb_core.o(i.Post0_Process)
    PowerOn                                  0x080018a5   Thumb Code    54  usb_pwr.o(i.PowerOn)
    Resume                                   0x080018e5   Thumb Code   194  usb_pwr.o(i.Resume)
    Resume_Init                              0x080019b5   Thumb Code    30  usb_pwr.o(i.Resume_Init)
    SVC_Handler                              0x080019d9   Thumb Code     2  stm32f10x_it.o(i.SVC_Handler)
    SetBTABLE                                0x080019dd   Thumb Code    12  usb_regs.o(i.SetBTABLE)
    SetDeviceAddress                         0x080019ed   Thumb Code    68  usb_core.o(i.SetDeviceAddress)
    SetEPRxAddr                              0x08001a3d   Thumb Code    26  usb_regs.o(i.SetEPRxAddr)
    SetEPRxCount                             0x08001a61   Thumb Code    68  usb_regs.o(i.SetEPRxCount)
    SetEPRxStatus                            0x08001aad   Thumb Code    60  usb_regs.o(i.SetEPRxStatus)
    SetEPRxValid                             0x08001aed   Thumb Code    48  usb_regs.o(i.SetEPRxValid)
    SetEPTxAddr                              0x08001b21   Thumb Code    24  usb_regs.o(i.SetEPTxAddr)
    SetEPTxCount                             0x08001b41   Thumb Code    20  usb_regs.o(i.SetEPTxCount)
    SetEPTxStatus                            0x08001b5d   Thumb Code    60  usb_regs.o(i.SetEPTxStatus)
    SetEPTxValid                             0x08001b9d   Thumb Code    48  usb_regs.o(i.SetEPTxValid)
    SetEPType                                0x08001bd1   Thumb Code    32  usb_regs.o(i.SetEPType)
    Setup0_Process                           0x08001cdd   Thumb Code   170  usb_core.o(i.Setup0_Process)
    Standard_ClearFeature                    0x08001d95   Thumb Code   342  usb_core.o(i.Standard_ClearFeature)
    Standard_GetConfiguration                0x08001f01   Thumb Code    34  usb_core.o(i.Standard_GetConfiguration)
    Standard_GetDescriptorData               0x08001f2d   Thumb Code    32  usb_core.o(i.Standard_GetDescriptorData)
    Standard_GetInterface                    0x08001f51   Thumb Code    34  usb_core.o(i.Standard_GetInterface)
    Standard_GetStatus                       0x08001f7d   Thumb Code   238  usb_core.o(i.Standard_GetStatus)
    Standard_SetConfiguration                0x0800207d   Thumb Code    60  usb_core.o(i.Standard_SetConfiguration)
    Standard_SetDeviceFeature                0x080020c5   Thumb Code    30  usb_core.o(i.Standard_SetDeviceFeature)
    Standard_SetEndPointFeature              0x080020ed   Thumb Code   192  usb_core.o(i.Standard_SetEndPointFeature)
    Standard_SetInterface                    0x080021bd   Thumb Code    96  usb_core.o(i.Standard_SetInterface)
    Suspend                                  0x08002229   Thumb Code   142  usb_pwr.o(i.Suspend)
    SysTick_Handler                          0x080022c5   Thumb Code     2  stm32f10x_it.o(i.SysTick_Handler)
    SystemInit                               0x080022c9   Thumb Code    78  system_stm32f10x.o(i.SystemInit)
    TIM2_IRQHandler                          0x08002329   Thumb Code    86  main.o(i.TIM2_IRQHandler)
    TIM_ClearITPendingBit                    0x08002391   Thumb Code     6  stm32f10x_tim.o(i.TIM_ClearITPendingBit)
    TIM_Cmd                                  0x08002397   Thumb Code    24  stm32f10x_tim.o(i.TIM_Cmd)
    TIM_GetITStatus                          0x080023af   Thumb Code    34  stm32f10x_tim.o(i.TIM_GetITStatus)
    USART1_IRQHandler                        0x080023d1   Thumb Code    50  btk05.o(i.USART1_IRQHandler)
    USART_ClearFlag                          0x08002415   Thumb Code    18  stm32f10x_usart.o(i.USART_ClearFlag)
    USART_GetFlagStatus                      0x08002427   Thumb Code    26  stm32f10x_usart.o(i.USART_GetFlagStatus)
    USART_GetITStatus                        0x08002441   Thumb Code    84  stm32f10x_usart.o(i.USART_GetITStatus)
    USART_ReceiveData                        0x08002495   Thumb Code    10  stm32f10x_usart.o(i.USART_ReceiveData)
    USART_SendData                           0x0800249f   Thumb Code     8  stm32f10x_usart.o(i.USART_SendData)
    USBWakeUp_IRQHandler                     0x080024a7   Thumb Code    12  hw_config.o(i.USBWakeUp_IRQHandler)
    USB_Cable_Config                         0x080024b3   Thumb Code     2  hw_config.o(i.USB_Cable_Config)
    USB_Istr                                 0x080024b5   Thumb Code   422  usb_istr.o(i.USB_Istr)
    USB_LP_CAN1_RX0_IRQHandler               0x08002681   Thumb Code     8  hw_config.o(i.USB_LP_CAN1_RX0_IRQHandler)
    USB_Mode                                 0x08002689   Thumb Code    28  main.o(i.USB_Mode)
    USB_SIL_Init                             0x080026ad   Thumb Code    28  usb_sil.o(i.USB_SIL_Init)
    USB_SIL_Write                            0x080026d1   Thumb Code    46  usb_sil.o(i.USB_SIL_Write)
    UsageFault_Handler                       0x080026ff   Thumb Code     4  stm32f10x_it.o(i.UsageFault_Handler)
    UserToPMABufferCopy                      0x08002705   Thumb Code    52  usb_mem.o(i.UserToPMABufferCopy)
    main                                     0x0800273d   Thumb Code   368  main.o(i.main)
    myKeyBoard_ControlKeyProcess             0x080028dd   Thumb Code   238  mykeyboard.o(i.myKeyBoard_ControlKeyProcess)
    myKeyBoard_JudgeKeyPressWithName         0x08002a0d   Thumb Code    78  mykeyboard.o(i.myKeyBoard_JudgeKeyPressWithName)
    myKeyBoard_JudgeKeyStateChange           0x08002a65   Thumb Code   106  mykeyboard.o(i.myKeyBoard_JudgeKeyStateChange)
    myKeyBoard_KeyScan                       0x08002add   Thumb Code    48  mykeyboard.o(i.myKeyBoard_KeyScan)
    myKeyBoard_KeyScan_rowScan               0x08002b19   Thumb Code   230  mykeyboard.o(i.myKeyBoard_KeyScan_rowScan)
    myKeyBoard_ScanKeyAndUpdataATBuffer      0x08002c09   Thumb Code    34  mykeyboard.o(i.myKeyBoard_ScanKeyAndUpdataATBuffer)
    myKeyBoard_UpdataATDataPack              0x08002c35   Thumb Code   706  mykeyboard.o(i.myKeyBoard_UpdataATDataPack)
    myKeyBoard_KeyMap_ATValue                0x08002f8c   Data          96  mykeyboard.o(.constdata)
    key_Col_Pin                              0x08002fec   Data          32  mykeyboard.o(.constdata)
    Joystick_DeviceDescriptor                0x0800300c   Data          18  usb_desc.o(.constdata)
    Joystick_ConfigDescriptor                0x0800301e   Data          41  usb_desc.o(.constdata)
    Joystick_ReportDescriptor                0x08003047   Data          61  usb_desc.o(.constdata)
    Joystick_StringLangID                    0x08003084   Data           4  usb_desc.o(.constdata)
    Joystick_StringVendor                    0x08003088   Data          38  usb_desc.o(.constdata)
    Joystick_StringProduct                   0x080030ae   Data          40  usb_desc.o(.constdata)
    Region$$Table$$Base                      0x08003290   Number         0  anon$$obj.o(Region$$Table)
    Region$$Table$$Limit                     0x080032b0   Number         0  anon$$obj.o(Region$$Table)
    sleepTime50MsCounter                     0x20000002   Data           1  main.o(.data)
    LED_breath_Flag                          0x20000003   Data           1  main.o(.data)
    LED_LOGOBreath_Flag                      0x20000004   Data           1  main.o(.data)
    LED_LOGOENBreath_Flag                    0x20000005   Data           1  main.o(.data)
    system_Status                            0x20000006   Data           1  main.o(.data)
    g_Flag                                   0x20000007   Data           1  main.o(.data)
    ledLogoPWM                               0x20000008   Data           1  main.o(.data)
    ledLogoPWMDelt                           0x20000009   Data           1  main.o(.data)
    g_USBModeFlag                            0x2000000a   Data           1  main.o(.data)
    LED_Brightness                           0x20000010   Data           1  led.o(.data)
    LED_FlashSwitchFlag                      0x20000011   Data           1  led.o(.data)
    LED_BreathEfectFlag                      0x20000012   Data           1  led.o(.data)
    LED_Delt_Flag                            0x20000013   Data           1  led.o(.data)
    LED_Status                               0x20000014   Data           1  led.o(.data)
    myKeyBoard_KeyMap_Name                   0x20000018   Data         384  mykeyboard.o(.data)
    ATKeyControlByte5                        0x20000198   Data           1  mykeyboard.o(.data)
    LOGO_LED_Status                          0x20000199   Data           1  mykeyboard.o(.data)
    myKeyBoard_KeyStateChangedFlag           0x2000019a   Data           1  mykeyboard.o(.data)
    myKeyBoard_KeyIsControl                  0x2000019b   Data           1  mykeyboard.o(.data)
    g_myKeyBoard_DataWaitForUploadFlag       0x2000019c   Data           1  mykeyboard.o(.data)
    specialKeyenum                           0x2000019d   Data           1  mykeyboard.o(.data)
    BTK05_ATKeyDataPack                      0x2000019e   Data          12  btk05.o(.data)
    ATReturnSuccessedFlag                    0x200001aa   Data           1  btk05.o(.data)
    RxBuffer_Tail                            0x200001ab   Data           1  btk05.o(.data)
    RxBuffer_OK_Tail                         0x200001ac   Data           1  btk05.o(.data)
    BTK05_ConsumerPack                       0x200001ad   Data           8  btk05.o(.data)
    BTK05_Status                             0x200001b5   Data           1  btk05.o(.data)
    StatusInfo                               0x200001b6   Data           2  usb_core.o(.data)
    Data_Mul_MaxPacketSize                   0x200001b8   Data           1  usb_core.o(.data)
    EPindex                                  0x200001bc   Data           1  usb_init.o(.data)
    pInformation                             0x200001c0   Data           4  usb_init.o(.data)
    pProperty                                0x200001c4   Data           4  usb_init.o(.data)
    SaveState                                0x200001c8   Data           2  usb_init.o(.data)
    wInterrupt_Mask                          0x200001ca   Data           2  usb_init.o(.data)
    pUser_Standard_Requests                  0x200001cc   Data           4  usb_init.o(.data)
    SaveRState                               0x200001d0   Data           2  usb_int.o(.data)
    SaveTState                               0x200001d2   Data           2  usb_int.o(.data)
    PrevXferComplete                         0x200001d4   Data           1  hw_config.o(.data)
    Joystick_StringSerial                    0x200001d5   Data          26  usb_desc.o(.data)
    wIstr                                    0x200001f0   Data           2  usb_istr.o(.data)
    bIntPackSOF                              0x200001f2   Data           1  usb_istr.o(.data)
    esof_counter                             0x200001f4   Data           4  usb_istr.o(.data)
    wCNTR                                    0x200001f8   Data           4  usb_istr.o(.data)
    pEpInt_IN                                0x200001fc   Data          28  usb_istr.o(.data)
    pEpInt_OUT                               0x20000218   Data          28  usb_istr.o(.data)
    ProtocolValue                            0x20000234   Data           4  usb_prop.o(.data)
    Device_Table                             0x20000238   Data           2  usb_prop.o(.data)
    Device_Property                          0x2000023c   Data          48  usb_prop.o(.data)
    User_Standard_Requests                   0x2000026c   Data          36  usb_prop.o(.data)
    Device_Descriptor                        0x20000290   Data           8  usb_prop.o(.data)
    Config_Descriptor                        0x20000298   Data           8  usb_prop.o(.data)
    Joystick_Report_Descriptor               0x200002a0   Data           8  usb_prop.o(.data)
    Mouse_Hid_Descriptor                     0x200002a8   Data           8  usb_prop.o(.data)
    String_Descriptor                        0x200002b0   Data          32  usb_prop.o(.data)
    bDeviceState                             0x200002d0   Data           4  usb_pwr.o(.data)
    fSuspendEnabled                          0x200002d4   Data           1  usb_pwr.o(.data)
    ResumeS                                  0x200002d5   Data           2  usb_pwr.o(.data)
    remotewakeupon                           0x200002d8   Data           4  usb_pwr.o(.data)
    LED_Ram                                  0x200002dc   Data          12  led.o(.bss)
    ATKeyData                                0x200002e8   Data          18  mykeyboard.o(.bss)
    myKeyBoard_KeyState                      0x200002fa   Data          96  mykeyboard.o(.bss)
    myKeyBoard_KeyState_Ex                   0x2000035a   Data          96  mykeyboard.o(.bss)
    RxBuffer                                 0x200003ba   Data          50  btk05.o(.bss)
    RxBuffer_OK                              0x200003ec   Data          10  btk05.o(.bss)
    Device_Info                              0x200003f8   Data          28  usb_init.o(.bss)
    EP                                       0x20000414   Data          32  usb_pwr.o(.bss)
    __libspace_start                         0x20000434   Data          96  libspace.o(.bss)
    __temporary_stack_top$libspace           0x20000494   Data           0  libspace.o(.bss)



==============================================================================

Memory Map of the image

  Image Entry point : 0x08000131

  Load Region LR_IROM1 (Base: 0x08000000, Size: 0x0000358c, Max: 0x00040000, ABSOLUTE, COMPRESSED[0x00003444])

    Execution Region ER_IROM1 (Exec base: 0x08000000, Load base: 0x08000000, Size: 0x000032b0, Max: 0x00040000, ABSOLUTE)

    Exec Addr    Load Addr    Size         Type   Attr      Idx    E Section Name        Object

    0x08000000   0x08000000   0x00000130   Data   RO           19    RESET               startup_stm32f10x_hd.o
    0x08000130   0x08000130   0x00000008   Code   RO         4552  * !!!main             c_w.l(__main.o)
    0x08000138   0x08000138   0x00000034   Code   RO         4711    !!!scatter          c_w.l(__scatter.o)
    0x0800016c   0x0800016c   0x0000005a   Code   RO         4709    !!dczerorl2         c_w.l(__dczerorl2.o)
    0x080001c6   0x080001c6   0x00000002   PAD
    0x080001c8   0x080001c8   0x0000001c   Code   RO         4713    !!handler_zi        c_w.l(__scatter_zi.o)
    0x080001e4   0x080001e4   0x00000002   Code   RO         4579    .ARM.Collect$$libinit$$00000000  c_w.l(libinit.o)
    0x080001e6   0x080001e6   0x00000000   Code   RO         4586    .ARM.Collect$$libinit$$00000002  c_w.l(libinit2.o)
    0x080001e6   0x080001e6   0x00000000   Code   RO         4588    .ARM.Collect$$libinit$$00000004  c_w.l(libinit2.o)
    0x080001e6   0x080001e6   0x00000000   Code   RO         4591    .ARM.Collect$$libinit$$0000000A  c_w.l(libinit2.o)
    0x080001e6   0x080001e6   0x00000000   Code   RO         4593    .ARM.Collect$$libinit$$0000000C  c_w.l(libinit2.o)
    0x080001e6   0x080001e6   0x00000000   Code   RO         4595    .ARM.Collect$$libinit$$0000000E  c_w.l(libinit2.o)
    0x080001e6   0x080001e6   0x00000000   Code   RO         4598    .ARM.Collect$$libinit$$00000011  c_w.l(libinit2.o)
    0x080001e6   0x080001e6   0x00000000   Code   RO         4600    .ARM.Collect$$libinit$$00000013  c_w.l(libinit2.o)
    0x080001e6   0x080001e6   0x00000000   Code   RO         4602    .ARM.Collect$$libinit$$00000015  c_w.l(libinit2.o)
    0x080001e6   0x080001e6   0x00000000   Code   RO         4604    .ARM.Collect$$libinit$$00000017  c_w.l(libinit2.o)
    0x080001e6   0x080001e6   0x00000000   Code   RO         4606    .ARM.Collect$$libinit$$00000019  c_w.l(libinit2.o)
    0x080001e6   0x080001e6   0x00000000   Code   RO         4608    .ARM.Collect$$libinit$$0000001B  c_w.l(libinit2.o)
    0x080001e6   0x080001e6   0x00000000   Code   RO         4610    .ARM.Collect$$libinit$$0000001D  c_w.l(libinit2.o)
    0x080001e6   0x080001e6   0x00000000   Code   RO         4612    .ARM.Collect$$libinit$$0000001F  c_w.l(libinit2.o)
    0x080001e6   0x080001e6   0x00000000   Code   RO         4614    .ARM.Collect$$libinit$$00000021  c_w.l(libinit2.o)
    0x080001e6   0x080001e6   0x00000000   Code   RO         4616    .ARM.Collect$$libinit$$00000023  c_w.l(libinit2.o)
    0x080001e6   0x080001e6   0x00000000   Code   RO         4618    .ARM.Collect$$libinit$$00000025  c_w.l(libinit2.o)
    0x080001e6   0x080001e6   0x00000000   Code   RO         4622    .ARM.Collect$$libinit$$0000002C  c_w.l(libinit2.o)
    0x080001e6   0x080001e6   0x00000000   Code   RO         4624    .ARM.Collect$$libinit$$0000002E  c_w.l(libinit2.o)
    0x080001e6   0x080001e6   0x00000000   Code   RO         4626    .ARM.Collect$$libinit$$00000030  c_w.l(libinit2.o)
    0x080001e6   0x080001e6   0x00000000   Code   RO         4628    .ARM.Collect$$libinit$$00000032  c_w.l(libinit2.o)
    0x080001e6   0x080001e6   0x00000002   Code   RO         4629    .ARM.Collect$$libinit$$00000033  c_w.l(libinit2.o)
    0x080001e8   0x080001e8   0x00000002   Code   RO         4649    .ARM.Collect$$libshutdown$$00000000  c_w.l(libshutdown.o)
    0x080001ea   0x080001ea   0x00000000   Code   RO         4662    .ARM.Collect$$libshutdown$$00000002  c_w.l(libshutdown2.o)
    0x080001ea   0x080001ea   0x00000000   Code   RO         4664    .ARM.Collect$$libshutdown$$00000004  c_w.l(libshutdown2.o)
    0x080001ea   0x080001ea   0x00000000   Code   RO         4667    .ARM.Collect$$libshutdown$$00000007  c_w.l(libshutdown2.o)
    0x080001ea   0x080001ea   0x00000000   Code   RO         4670    .ARM.Collect$$libshutdown$$0000000A  c_w.l(libshutdown2.o)
    0x080001ea   0x080001ea   0x00000000   Code   RO         4672    .ARM.Collect$$libshutdown$$0000000C  c_w.l(libshutdown2.o)
    0x080001ea   0x080001ea   0x00000000   Code   RO         4675    .ARM.Collect$$libshutdown$$0000000F  c_w.l(libshutdown2.o)
    0x080001ea   0x080001ea   0x00000002   Code   RO         4676    .ARM.Collect$$libshutdown$$00000010  c_w.l(libshutdown2.o)
    0x080001ec   0x080001ec   0x00000000   Code   RO         4554    .ARM.Collect$$rtentry$$00000000  c_w.l(__rtentry.o)
    0x080001ec   0x080001ec   0x00000000   Code   RO         4556    .ARM.Collect$$rtentry$$00000002  c_w.l(__rtentry2.o)
    0x080001ec   0x080001ec   0x00000006   Code   RO         4568    .ARM.Collect$$rtentry$$00000004  c_w.l(__rtentry4.o)
    0x080001f2   0x080001f2   0x00000000   Code   RO         4558    .ARM.Collect$$rtentry$$00000009  c_w.l(__rtentry2.o)
    0x080001f2   0x080001f2   0x00000004   Code   RO         4559    .ARM.Collect$$rtentry$$0000000A  c_w.l(__rtentry2.o)
    0x080001f6   0x080001f6   0x00000000   Code   RO         4561    .ARM.Collect$$rtentry$$0000000C  c_w.l(__rtentry2.o)
    0x080001f6   0x080001f6   0x00000008   Code   RO         4562    .ARM.Collect$$rtentry$$0000000D  c_w.l(__rtentry2.o)
    0x080001fe   0x080001fe   0x00000002   Code   RO         4583    .ARM.Collect$$rtexit$$00000000  c_w.l(rtexit.o)
    0x08000200   0x08000200   0x00000000   Code   RO         4631    .ARM.Collect$$rtexit$$00000002  c_w.l(rtexit2.o)
    0x08000200   0x08000200   0x00000004   Code   RO         4632    .ARM.Collect$$rtexit$$00000003  c_w.l(rtexit2.o)
    0x08000204   0x08000204   0x00000006   Code   RO         4633    .ARM.Collect$$rtexit$$00000004  c_w.l(rtexit2.o)
    0x0800020a   0x0800020a   0x00000002   PAD
    0x0800020c   0x0800020c   0x00000040   Code   RO           20    .text               startup_stm32f10x_hd.o
    0x0800024c   0x0800024c   0x00000080   Code   RO         4548    .text               c_w.l(strcmpv7m.o)
    0x080002cc   0x080002cc   0x00000006   Code   RO         4550    .text               c_w.l(heapauxi.o)
    0x080002d2   0x080002d2   0x0000004a   Code   RO         4570    .text               c_w.l(sys_stackheap_outer.o)
    0x0800031c   0x0800031c   0x00000012   Code   RO         4572    .text               c_w.l(exit.o)
    0x0800032e   0x0800032e   0x00000002   PAD
    0x08000330   0x08000330   0x00000008   Code   RO         4580    .text               c_w.l(libspace.o)
    0x08000338   0x08000338   0x0000000c   Code   RO         4641    .text               c_w.l(sys_exit.o)
    0x08000344   0x08000344   0x00000002   Code   RO         4652    .text               c_w.l(use_no_semi.o)
    0x08000346   0x08000346   0x00000000   Code   RO         4654    .text               c_w.l(indicate_semi.o)
    0x08000346   0x08000346   0x00000002   PAD
    0x08000348   0x08000348   0x00000024   Code   RO         3074    i.BLUETEETH_Mode    main.o
    0x0800036c   0x0800036c   0x0000002c   Code   RO         3567    i.BTK05_ATMode      btk05.o
    0x08000398   0x08000398   0x00000028   Code   RO         3569    i.BTK05_DeleteConnectInfo  btk05.o
    0x080003c0   0x080003c0   0x00000014   Code   RO         3571    i.BTK05_KEYMode     btk05.o
    0x080003d4   0x080003d4   0x00000024   Code   RO         3573    i.BTK05_PairMode    btk05.o
    0x080003f8   0x080003f8   0x00000028   Code   RO         3574    i.BTK05_RESET       btk05.o
    0x08000420   0x08000420   0x00000020   Code   RO         3575    i.BTK05_Sleep       btk05.o
    0x08000440   0x08000440   0x00000090   Code   RO         3577    i.BTK05_UART_SendATCmd  btk05.o
    0x080004d0   0x080004d0   0x00000028   Code   RO         3578    i.BTK05_UART_SendChar  btk05.o
    0x080004f8   0x080004f8   0x0000001a   Code   RO         3579    i.BTK05_UART_SendKeyData  btk05.o
    0x08000512   0x08000512   0x00000002   PAD
    0x08000514   0x08000514   0x00000020   Code   RO         3582    i.BTK05_Wake        btk05.o
    0x08000534   0x08000534   0x00000004   Code   RO         3195    i.BusFault_Handler  stm32f10x_it.o
    0x08000538   0x08000538   0x0000000c   Code   RO         3872    i.ByteSwap          usb_regs.o
    0x08000544   0x08000544   0x00000288   Code   RO         3825    i.CTR_LP            usb_int.o
    0x080007cc   0x080007cc   0x00000034   Code   RO         3873    i.ClearDTOG_RX      usb_regs.o
    0x08000800   0x08000800   0x00000034   Code   RO         3874    i.ClearDTOG_TX      usb_regs.o
    0x08000834   0x08000834   0x00000028   Code   RO         3879    i.Clear_Status_Out  usb_regs.o
    0x0800085c   0x0800085c   0x00000084   Code   RO         3495    i.ConsumerKeyProcess  mykeyboard.o
    0x080008e0   0x080008e0   0x000000c0   Code   RO         3682    i.DataStageIn       usb_core.o
    0x080009a0   0x080009a0   0x000000bc   Code   RO         3683    i.DataStageOut      usb_core.o
    0x08000a5c   0x08000a5c   0x00000298   Code   RO         3684    i.Data_Setup0       usb_core.o
    0x08000cf4   0x08000cf4   0x00000002   Code   RO         3196    i.DebugMon_Handler  stm32f10x_it.o
    0x08000cf6   0x08000cf6   0x00000002   PAD
    0x08000cf8   0x08000cf8   0x0000004c   Code   RO         3284    i.DelayMs           delay.o
    0x08000d44   0x08000d44   0x0000004c   Code   RO         3286    i.DelayUs           delay.o
    0x08000d90   0x08000d90   0x0000000c   Code   RO         4356    i.EP1_IN_Callback   usb_endp.o
    0x08000d9c   0x08000d9c   0x0000000c   Code   RO          896    i.EXTI_ClearITPendingBit  stm32f10x_exti.o
    0x08000da8   0x08000da8   0x0000000c   Code   RO         4256    i.Enter_LowPowerMode  hw_config.o
    0x08000db4   0x08000db4   0x00000012   Code   RO         1256    i.GPIO_ReadInputDataBit  stm32f10x_gpio.o
    0x08000dc6   0x08000dc6   0x00000004   Code   RO         1259    i.GPIO_ResetBits    stm32f10x_gpio.o
    0x08000dca   0x08000dca   0x00000004   Code   RO         1260    i.GPIO_SetBits      stm32f10x_gpio.o
    0x08000dce   0x08000dce   0x00000002   PAD
    0x08000dd0   0x08000dd0   0x00000020   Code   RO         3891    i.GetEPRxAddr       usb_regs.o
    0x08000df0   0x08000df0   0x00000020   Code   RO         3894    i.GetEPTxAddr       usb_regs.o
    0x08000e10   0x08000e10   0x00000034   Code   RO         4257    i.Get_SerialNum     hw_config.o
    0x08000e44   0x08000e44   0x00000004   Code   RO         3197    i.HardFault_Handler  stm32f10x_it.o
    0x08000e48   0x08000e48   0x0000002e   Code   RO         3315    i.I2C_WriteByte     led.o
    0x08000e76   0x08000e76   0x00000002   PAD
    0x08000e78   0x08000e78   0x00000070   Code   RO         3319    i.IIC_Send_Byte     led.o
    0x08000ee8   0x08000ee8   0x0000004c   Code   RO         3320    i.IIC_Start         led.o
    0x08000f34   0x08000f34   0x0000004c   Code   RO         3321    i.IIC_Stop          led.o
    0x08000f80   0x08000f80   0x00000064   Code   RO         3322    i.IIC_Wait_Ack      led.o
    0x08000fe4   0x08000fe4   0x00000070   Code   RO         3685    i.In0_Process       usb_core.o
    0x08001054   0x08001054   0x0000003e   Code   RO         4258    i.IntToUnicode      hw_config.o
    0x08001092   0x08001092   0x00000002   PAD
    0x08001094   0x08001094   0x0000007c   Code   RO         4390    i.Joystick_Data_Setup  usb_prop.o
    0x08001110   0x08001110   0x00000014   Code   RO         4391    i.Joystick_GetConfigDescriptor  usb_prop.o
    0x08001124   0x08001124   0x00000014   Code   RO         4392    i.Joystick_GetDeviceDescriptor  usb_prop.o
    0x08001138   0x08001138   0x00000014   Code   RO         4393    i.Joystick_GetHIDDescriptor  usb_prop.o
    0x0800114c   0x0800114c   0x0000001c   Code   RO         4394    i.Joystick_GetProtocolValue  usb_prop.o
    0x08001168   0x08001168   0x00000014   Code   RO         4395    i.Joystick_GetReportDescriptor  usb_prop.o
    0x0800117c   0x0800117c   0x00000028   Code   RO         4396    i.Joystick_GetStringDescriptor  usb_prop.o
    0x080011a4   0x080011a4   0x00000016   Code   RO         4397    i.Joystick_Get_Interface_Setting  usb_prop.o
    0x080011ba   0x080011ba   0x00000002   PAD
    0x080011bc   0x080011bc   0x00000024   Code   RO         4398    i.Joystick_NoData_Setup  usb_prop.o
    0x080011e0   0x080011e0   0x000000a4   Code   RO         4399    i.Joystick_Reset    usb_prop.o
    0x08001284   0x08001284   0x00000018   Code   RO         4400    i.Joystick_SetConfiguration  usb_prop.o
    0x0800129c   0x0800129c   0x0000000c   Code   RO         4401    i.Joystick_SetDeviceAddress  usb_prop.o
    0x080012a8   0x080012a8   0x00000018   Code   RO         4402    i.Joystick_SetProtocol  usb_prop.o
    0x080012c0   0x080012c0   0x00000002   Code   RO         4403    i.Joystick_Status_In  usb_prop.o
    0x080012c2   0x080012c2   0x00000002   Code   RO         4404    i.Joystick_Status_Out  usb_prop.o
    0x080012c4   0x080012c4   0x00000028   Code   RO         4405    i.Joystick_init     usb_prop.o
    0x080012ec   0x080012ec   0x00000016   Code   RO         4260    i.Keyboard_Send     hw_config.o
    0x08001302   0x08001302   0x00000002   PAD
    0x08001304   0x08001304   0x0000006c   Code   RO         3324    i.LED_BreathProcess  led.o
    0x08001370   0x08001370   0x00000070   Code   RO         3325    i.LED_DrawPoint     led.o
    0x080013e0   0x080013e0   0x00000024   Code   RO         3326    i.LED_ESCOFF        led.o
    0x08001404   0x08001404   0x00000074   Code   RO         3327    i.LED_FreashRam     led.o
    0x08001478   0x08001478   0x0000000c   Code   RO         3328    i.LED_GoToSleep     led.o
    0x08001484   0x08001484   0x0000002c   Code   RO         3332    i.LED_Mode1         led.o
    0x080014b0   0x080014b0   0x0000007c   Code   RO         3333    i.LED_Mode2         led.o
    0x0800152c   0x0800152c   0x00000040   Code   RO         3334    i.LED_Mode3         led.o
    0x0800156c   0x0800156c   0x00000034   Code   RO         3336    i.LED_RamClearWith  led.o
    0x080015a0   0x080015a0   0x00000030   Code   RO         3337    i.LED_SetBreathEfect  led.o
    0x080015d0   0x080015d0   0x0000001a   Code   RO         3338    i.LED_SetBrightness  led.o
    0x080015ea   0x080015ea   0x00000056   Code   RO         3339    i.LED_SetDisplay    led.o
    0x08001640   0x08001640   0x00000038   Code   RO         3340    i.LED_SetFlash      led.o
    0x08001678   0x08001678   0x0000000c   Code   RO         3341    i.LED_WakeUp        led.o
    0x08001684   0x08001684   0x00000020   Code   RO         4261    i.Leave_LowPowerMode  hw_config.o
    0x080016a4   0x080016a4   0x00000004   Code   RO         3198    i.MemManage_Handler  stm32f10x_it.o
    0x080016a8   0x080016a8   0x00000002   Code   RO         3199    i.NMI_Handler       stm32f10x_it.o
    0x080016aa   0x080016aa   0x00000002   Code   RO         3686    i.NOP_Process       usb_core.o
    0x080016ac   0x080016ac   0x00000138   Code   RO         3687    i.NoData_Setup0     usb_core.o
    0x080017e4   0x080017e4   0x00000050   Code   RO         3688    i.Out0_Process      usb_core.o
    0x08001834   0x08001834   0x00000028   Code   RO         3854    i.PMAToUserBufferCopy  usb_mem.o
    0x0800185c   0x0800185c   0x00000048   Code   RO         3689    i.Post0_Process     usb_core.o
    0x080018a4   0x080018a4   0x00000040   Code   RO         4504    i.PowerOn           usb_pwr.o
    0x080018e4   0x080018e4   0x000000d0   Code   RO         4505    i.Resume            usb_pwr.o
    0x080019b4   0x080019b4   0x00000024   Code   RO         4506    i.Resume_Init       usb_pwr.o
    0x080019d8   0x080019d8   0x00000002   Code   RO         3200    i.SVC_Handler       stm32f10x_it.o
    0x080019da   0x080019da   0x00000002   PAD
    0x080019dc   0x080019dc   0x00000010   Code   RO         3902    i.SetBTABLE         usb_regs.o
    0x080019ec   0x080019ec   0x00000050   Code   RO         3690    i.SetDeviceAddress  usb_core.o
    0x08001a3c   0x08001a3c   0x00000024   Code   RO         3916    i.SetEPRxAddr       usb_regs.o
    0x08001a60   0x08001a60   0x0000004c   Code   RO         3917    i.SetEPRxCount      usb_regs.o
    0x08001aac   0x08001aac   0x00000040   Code   RO         3918    i.SetEPRxStatus     usb_regs.o
    0x08001aec   0x08001aec   0x00000034   Code   RO         3919    i.SetEPRxValid      usb_regs.o
    0x08001b20   0x08001b20   0x00000020   Code   RO         3920    i.SetEPTxAddr       usb_regs.o
    0x08001b40   0x08001b40   0x0000001c   Code   RO         3921    i.SetEPTxCount      usb_regs.o
    0x08001b5c   0x08001b5c   0x00000040   Code   RO         3922    i.SetEPTxStatus     usb_regs.o
    0x08001b9c   0x08001b9c   0x00000034   Code   RO         3923    i.SetEPTxValid      usb_regs.o
    0x08001bd0   0x08001bd0   0x00000024   Code   RO         3924    i.SetEPType         usb_regs.o
    0x08001bf4   0x08001bf4   0x00000008   Code   RO         3249    i.SetSysClock       system_stm32f10x.o
    0x08001bfc   0x08001bfc   0x000000e0   Code   RO         3250    i.SetSysClockTo72   system_stm32f10x.o
    0x08001cdc   0x08001cdc   0x000000b8   Code   RO         3691    i.Setup0_Process    usb_core.o
    0x08001d94   0x08001d94   0x0000016c   Code   RO         3692    i.Standard_ClearFeature  usb_core.o
    0x08001f00   0x08001f00   0x0000002c   Code   RO         3693    i.Standard_GetConfiguration  usb_core.o
    0x08001f2c   0x08001f2c   0x00000024   Code   RO         3694    i.Standard_GetDescriptorData  usb_core.o
    0x08001f50   0x08001f50   0x0000002c   Code   RO         3695    i.Standard_GetInterface  usb_core.o
    0x08001f7c   0x08001f7c   0x00000100   Code   RO         3696    i.Standard_GetStatus  usb_core.o
    0x0800207c   0x0800207c   0x00000048   Code   RO         3697    i.Standard_SetConfiguration  usb_core.o
    0x080020c4   0x080020c4   0x00000028   Code   RO         3698    i.Standard_SetDeviceFeature  usb_core.o
    0x080020ec   0x080020ec   0x000000d0   Code   RO         3699    i.Standard_SetEndPointFeature  usb_core.o
    0x080021bc   0x080021bc   0x0000006c   Code   RO         3700    i.Standard_SetInterface  usb_core.o
    0x08002228   0x08002228   0x0000009c   Code   RO         4507    i.Suspend           usb_pwr.o
    0x080022c4   0x080022c4   0x00000002   Code   RO         3201    i.SysTick_Handler   stm32f10x_it.o
    0x080022c6   0x080022c6   0x00000002   PAD
    0x080022c8   0x080022c8   0x00000060   Code   RO         3252    i.SystemInit        system_stm32f10x.o
    0x08002328   0x08002328   0x00000068   Code   RO         3075    i.TIM2_IRQHandler   main.o
    0x08002390   0x08002390   0x00000006   Code   RO         2303    i.TIM_ClearITPendingBit  stm32f10x_tim.o
    0x08002396   0x08002396   0x00000018   Code   RO         2308    i.TIM_Cmd           stm32f10x_tim.o
    0x080023ae   0x080023ae   0x00000022   Code   RO         2329    i.TIM_GetITStatus   stm32f10x_tim.o
    0x080023d0   0x080023d0   0x00000044   Code   RO         3583    i.USART1_IRQHandler  btk05.o
    0x08002414   0x08002414   0x00000012   Code   RO         2840    i.USART_ClearFlag   stm32f10x_usart.o
    0x08002426   0x08002426   0x0000001a   Code   RO         2847    i.USART_GetFlagStatus  stm32f10x_usart.o
    0x08002440   0x08002440   0x00000054   Code   RO         2848    i.USART_GetITStatus  stm32f10x_usart.o
    0x08002494   0x08002494   0x0000000a   Code   RO         2858    i.USART_ReceiveData  stm32f10x_usart.o
    0x0800249e   0x0800249e   0x00000008   Code   RO         2861    i.USART_SendData    stm32f10x_usart.o
    0x080024a6   0x080024a6   0x0000000c   Code   RO         4263    i.USBWakeUp_IRQHandler  hw_config.o
    0x080024b2   0x080024b2   0x00000002   Code   RO         4264    i.USB_Cable_Config  hw_config.o
    0x080024b4   0x080024b4   0x000001cc   Code   RO         4369    i.USB_Istr          usb_istr.o
    0x08002680   0x08002680   0x00000008   Code   RO         4266    i.USB_LP_CAN1_RX0_IRQHandler  hw_config.o
    0x08002688   0x08002688   0x00000024   Code   RO         3078    i.USB_Mode          main.o
    0x080026ac   0x080026ac   0x00000024   Code   RO         4232    i.USB_SIL_Init      usb_sil.o
    0x080026d0   0x080026d0   0x0000002e   Code   RO         4234    i.USB_SIL_Write     usb_sil.o
    0x080026fe   0x080026fe   0x00000004   Code   RO         3202    i.UsageFault_Handler  stm32f10x_it.o
    0x08002702   0x08002702   0x00000002   PAD
    0x08002704   0x08002704   0x00000038   Code   RO         3855    i.UserToPMABufferCopy  usb_mem.o
    0x0800273c   0x0800273c   0x000001a0   Code   RO         3079    i.main              main.o
    0x080028dc   0x080028dc   0x00000130   Code   RO         3496    i.myKeyBoard_ControlKeyProcess  mykeyboard.o
    0x08002a0c   0x08002a0c   0x00000058   Code   RO         3498    i.myKeyBoard_JudgeKeyPressWithName  mykeyboard.o
    0x08002a64   0x08002a64   0x00000078   Code   RO         3499    i.myKeyBoard_JudgeKeyStateChange  mykeyboard.o
    0x08002adc   0x08002adc   0x0000003c   Code   RO         3500    i.myKeyBoard_KeyScan  mykeyboard.o
    0x08002b18   0x08002b18   0x000000f0   Code   RO         3501    i.myKeyBoard_KeyScan_rowScan  mykeyboard.o
    0x08002c08   0x08002c08   0x0000002c   Code   RO         3502    i.myKeyBoard_ScanKeyAndUpdataATBuffer  mykeyboard.o
    0x08002c34   0x08002c34   0x00000358   Code   RO         3503    i.myKeyBoard_UpdataATDataPack  mykeyboard.o
    0x08002f8c   0x08002f8c   0x00000080   Data   RO         3505    .constdata          mykeyboard.o
    0x0800300c   0x0800300c   0x000000ca   Data   RO         4343    .constdata          usb_desc.o
    0x080030d6   0x080030d6   0x00000002   PAD
    0x080030d8   0x080030d8   0x000001b5   Data   RO         3506    .conststring        mykeyboard.o
    0x0800328d   0x0800328d   0x00000003   PAD
    0x08003290   0x08003290   0x00000020   Data   RO         4707    Region$$Table       anon$$obj.o


    Execution Region RW_IRAM1 (Exec base: 0x20000000, Load base: 0x080032b0, Size: 0x00000a98, Max: 0x0000c000, ABSOLUTE, COMPRESSED[0x00000194])

    Exec Addr    Load Addr    Size         Type   Attr      Idx    E Section Name        Object

    0x20000000   COMPRESSED   0x0000000b   Data   RW         3082    .data               main.o
    0x2000000b   COMPRESSED   0x00000001   PAD
    0x2000000c   COMPRESSED   0x00000004   Data   RW         3287    .data               delay.o
    0x20000010   COMPRESSED   0x00000005   Data   RW         3344    .data               led.o
    0x20000015   COMPRESSED   0x00000003   PAD
    0x20000018   COMPRESSED   0x00000186   Data   RW         3507    .data               mykeyboard.o
    0x2000019e   COMPRESSED   0x00000018   Data   RW         3585    .data               btk05.o
    0x200001b6   COMPRESSED   0x00000003   Data   RW         3701    .data               usb_core.o
    0x200001b9   COMPRESSED   0x00000003   PAD
    0x200001bc   COMPRESSED   0x00000014   Data   RW         3803    .data               usb_init.o
    0x200001d0   COMPRESSED   0x00000004   Data   RW         3826    .data               usb_int.o
    0x200001d4   COMPRESSED   0x00000001   Data   RW         4268    .data               hw_config.o
    0x200001d5   COMPRESSED   0x0000001a   Data   RW         4344    .data               usb_desc.o
    0x200001ef   COMPRESSED   0x00000001   PAD
    0x200001f0   COMPRESSED   0x00000044   Data   RW         4370    .data               usb_istr.o
    0x20000234   COMPRESSED   0x0000009c   Data   RW         4406    .data               usb_prop.o
    0x200002d0   COMPRESSED   0x0000000c   Data   RW         4509    .data               usb_pwr.o
    0x200002dc        -       0x0000000c   Zero   RW         3342    .bss                led.o
    0x200002e8        -       0x000000d2   Zero   RW         3504    .bss                mykeyboard.o
    0x200003ba        -       0x0000003c   Zero   RW         3584    .bss                btk05.o
    0x200003f6   COMPRESSED   0x00000002   PAD
    0x200003f8        -       0x0000001c   Zero   RW         3802    .bss                usb_init.o
    0x20000414        -       0x00000020   Zero   RW         4508    .bss                usb_pwr.o
    0x20000434        -       0x00000060   Zero   RW         4581    .bss                c_w.l(libspace.o)
    0x20000494   COMPRESSED   0x00000004   PAD
    0x20000498        -       0x00000200   Zero   RW           18    HEAP                startup_stm32f10x_hd.o
    0x20000698        -       0x00000400   Zero   RW           17    STACK               startup_stm32f10x_hd.o


==============================================================================

Image component sizes


      Code (inc. data)   RO Data    RW Data    ZI Data      Debug   Object Name

       522        104          0         24         60       7873   btk05.o
         0          0          0          0          0       4564   core_cm3.o
       152          8          0          4          0       1304   delay.o
       202         24          0          1          0       5152   hw_config.o
      1306         84          0          5         12      12606   led.o
       592         82          0         11          0       6099   main.o
         0          0          0          0          0     238144   misc.o
      1844        286        565        390        210       9305   mykeyboard.o
        64         26        304          0       1536        824   startup_stm32f10x_hd.o
        12          6          0          0          0        521   stm32f10x_exti.o
        26          0          0          0          0       2768   stm32f10x_gpio.o
        24          0          0          0          0       3577   stm32f10x_it.o
        64          0          0          0          0       2388   stm32f10x_tim.o
       146          0          0          0          0       4565   stm32f10x_usart.o
       328         28          0          0          0       2133   system_stm32f10x.o
      3058        288          0          3          0      15555   usb_core.o
         0          0        202         26          0       1245   usb_desc.o
        12          4          0          0          0        462   usb_endp.o
         0          0          0         20         28       3875   usb_init.o
       648         32          0          4          0       2004   usb_int.o
       460         38          0         68          0       1827   usb_istr.o
        96         10          0          0          0       2044   usb_mem.o
       598        110          0        156          0      13128   usb_prop.o
       464         52          0         12         32       3952   usb_pwr.o
       676         90          0          0          0      10172   usb_regs.o
        82          8          0          0          0       1771   usb_sil.o

    ----------------------------------------------------------------------
     11396       1280       1108        732       1880     357858   Object Totals
         0          0         32          0          0          0   (incl. Generated)
        20          0          5          8          2          0   (incl. Padding)

    ----------------------------------------------------------------------

      Code (inc. data)   RO Data    RW Data    ZI Data      Debug   Library Member Name

        90          0          0          0          0          0   __dczerorl2.o
         8          0          0          0          0         68   __main.o
         0          0          0          0          0          0   __rtentry.o
        12          0          0          0          0          0   __rtentry2.o
         6          0          0          0          0          0   __rtentry4.o
        52          8          0          0          0          0   __scatter.o
        28          0          0          0          0          0   __scatter_zi.o
        18          0          0          0          0         80   exit.o
         6          0          0          0          0        152   heapauxi.o
         0          0          0          0          0          0   indicate_semi.o
         2          0          0          0          0          0   libinit.o
         2          0          0          0          0          0   libinit2.o
         2          0          0          0          0          0   libshutdown.o
         2          0          0          0          0          0   libshutdown2.o
         8          4          0          0         96         68   libspace.o
         2          0          0          0          0          0   rtexit.o
        10          0          0          0          0          0   rtexit2.o
       128          0          0          0          0         68   strcmpv7m.o
        12          4          0          0          0         68   sys_exit.o
        74          0          0          0          0         80   sys_stackheap_outer.o
         2          0          0          0          0         68   use_no_semi.o

    ----------------------------------------------------------------------
       472         16          0          0        100        652   Library Totals
         8          0          0          0          4          0   (incl. Padding)

    ----------------------------------------------------------------------

      Code (inc. data)   RO Data    RW Data    ZI Data      Debug   Library Name

       464         16          0          0         96        652   c_w.l

    ----------------------------------------------------------------------
       472         16          0          0        100        652   Library Totals

    ----------------------------------------------------------------------

==============================================================================


      Code (inc. data)   RO Data    RW Data    ZI Data      Debug   

     11868       1296       1108        732       1980     351434   Grand Totals
     11868       1296       1108        404       1980     351434   ELF Image Totals (compressed)
     11868       1296       1108        404          0          0   ROM Totals

==============================================================================

    Total RO  Size (Code + RO Data)                12976 (  12.67kB)
    Total RW  Size (RW Data + ZI Data)              2712 (   2.65kB)
    Total ROM Size (Code + RO Data + RW Data)      13380 (  13.07kB)

==============================================================================

