Component: ARM Compiler 5.06 update 6 (build 750) Tool: armlink [4d35ed]

==============================================================================

Section Cross References

    startup_stm32f10x_hd.o(STACK) refers (Special) to heapauxi.o(.text) for __use_two_region_memory
    startup_stm32f10x_hd.o(HEAP) refers (Special) to heapauxi.o(.text) for __use_two_region_memory
    startup_stm32f10x_hd.o(RESET) refers (Special) to heapauxi.o(.text) for __use_two_region_memory
    startup_stm32f10x_hd.o(RESET) refers to startup_stm32f10x_hd.o(STACK) for __initial_sp
    startup_stm32f10x_hd.o(RESET) refers to startup_stm32f10x_hd.o(.text) for Reset_Handler
    startup_stm32f10x_hd.o(RESET) refers to stm32f10x_it.o(i.NMI_Handler) for NMI_Handler
    startup_stm32f10x_hd.o(RESET) refers to stm32f10x_it.o(i.HardFault_Handler) for HardFault_Handler
    startup_stm32f10x_hd.o(RESET) refers to stm32f10x_it.o(i.MemManage_Handler) for MemManage_Handler
    startup_stm32f10x_hd.o(RESET) refers to stm32f10x_it.o(i.BusFault_Handler) for BusFault_Handler
    startup_stm32f10x_hd.o(RESET) refers to stm32f10x_it.o(i.UsageFault_Handler) for UsageFault_Handler
    startup_stm32f10x_hd.o(RESET) refers to stm32f10x_it.o(i.SVC_Handler) for SVC_Handler
    startup_stm32f10x_hd.o(RESET) refers to stm32f10x_it.o(i.DebugMon_Handler) for DebugMon_Handler
    startup_stm32f10x_hd.o(RESET) refers to stm32f10x_it.o(i.SysTick_Handler) for SysTick_Handler
    startup_stm32f10x_hd.o(RESET) refers to hw_config.o(i.USB_LP_CAN1_RX0_IRQHandler) for USB_LP_CAN1_RX0_IRQHandler
    startup_stm32f10x_hd.o(RESET) refers to main.o(i.TIM2_IRQHandler) for TIM2_IRQHandler
    startup_stm32f10x_hd.o(RESET) refers to btk05.o(i.USART1_IRQHandler) for USART1_IRQHandler
    startup_stm32f10x_hd.o(RESET) refers to hw_config.o(i.USBWakeUp_IRQHandler) for USBWakeUp_IRQHandler
    startup_stm32f10x_hd.o(.text) refers (Special) to heapauxi.o(.text) for __use_two_region_memory
    startup_stm32f10x_hd.o(.text) refers to system_stm32f10x.o(i.SystemInit) for SystemInit
    startup_stm32f10x_hd.o(.text) refers to __main.o(!!!main) for __main
    startup_stm32f10x_hd.o(.text) refers to startup_stm32f10x_hd.o(HEAP) for Heap_Mem
    startup_stm32f10x_hd.o(.text) refers to startup_stm32f10x_hd.o(STACK) for Stack_Mem
    stm32f10x_adc.o(i.ADC_DeInit) refers to stm32f10x_rcc.o(i.RCC_APB2PeriphResetCmd) for RCC_APB2PeriphResetCmd
    stm32f10x_bkp.o(i.BKP_DeInit) refers to stm32f10x_rcc.o(i.RCC_BackupResetCmd) for RCC_BackupResetCmd
    stm32f10x_can.o(i.CAN_DeInit) refers to stm32f10x_rcc.o(i.RCC_APB1PeriphResetCmd) for RCC_APB1PeriphResetCmd
    stm32f10x_can.o(i.CAN_GetITStatus) refers to stm32f10x_can.o(i.CheckITStatus) for CheckITStatus
    stm32f10x_cec.o(i.CEC_DeInit) refers to stm32f10x_rcc.o(i.RCC_APB1PeriphResetCmd) for RCC_APB1PeriphResetCmd
    stm32f10x_dac.o(i.DAC_DeInit) refers to stm32f10x_rcc.o(i.RCC_APB1PeriphResetCmd) for RCC_APB1PeriphResetCmd
    stm32f10x_flash.o(i.FLASH_EnableWriteProtection) refers to stm32f10x_flash.o(i.FLASH_WaitForLastOperation) for FLASH_WaitForLastOperation
    stm32f10x_flash.o(i.FLASH_EraseAllBank1Pages) refers to stm32f10x_flash.o(i.FLASH_WaitForLastBank1Operation) for FLASH_WaitForLastBank1Operation
    stm32f10x_flash.o(i.FLASH_EraseAllPages) refers to stm32f10x_flash.o(i.FLASH_WaitForLastOperation) for FLASH_WaitForLastOperation
    stm32f10x_flash.o(i.FLASH_EraseOptionBytes) refers to stm32f10x_flash.o(i.FLASH_GetReadOutProtectionStatus) for FLASH_GetReadOutProtectionStatus
    stm32f10x_flash.o(i.FLASH_EraseOptionBytes) refers to stm32f10x_flash.o(i.FLASH_WaitForLastOperation) for FLASH_WaitForLastOperation
    stm32f10x_flash.o(i.FLASH_ErasePage) refers to stm32f10x_flash.o(i.FLASH_WaitForLastOperation) for FLASH_WaitForLastOperation
    stm32f10x_flash.o(i.FLASH_ProgramHalfWord) refers to stm32f10x_flash.o(i.FLASH_WaitForLastOperation) for FLASH_WaitForLastOperation
    stm32f10x_flash.o(i.FLASH_ProgramOptionByteData) refers to stm32f10x_flash.o(i.FLASH_WaitForLastOperation) for FLASH_WaitForLastOperation
    stm32f10x_flash.o(i.FLASH_ProgramWord) refers to stm32f10x_flash.o(i.FLASH_WaitForLastOperation) for FLASH_WaitForLastOperation
    stm32f10x_flash.o(i.FLASH_ReadOutProtection) refers to stm32f10x_flash.o(i.FLASH_WaitForLastOperation) for FLASH_WaitForLastOperation
    stm32f10x_flash.o(i.FLASH_UserOptionByteConfig) refers to stm32f10x_flash.o(i.FLASH_WaitForLastOperation) for FLASH_WaitForLastOperation
    stm32f10x_flash.o(i.FLASH_WaitForLastBank1Operation) refers to stm32f10x_flash.o(i.FLASH_GetBank1Status) for FLASH_GetBank1Status
    stm32f10x_flash.o(i.FLASH_WaitForLastOperation) refers to stm32f10x_flash.o(i.FLASH_GetBank1Status) for FLASH_GetBank1Status
    stm32f10x_gpio.o(i.GPIO_AFIODeInit) refers to stm32f10x_rcc.o(i.RCC_APB2PeriphResetCmd) for RCC_APB2PeriphResetCmd
    stm32f10x_gpio.o(i.GPIO_DeInit) refers to stm32f10x_rcc.o(i.RCC_APB2PeriphResetCmd) for RCC_APB2PeriphResetCmd
[...]
    i.DelayInit                              0x08000dd8   Section        0  delay.o(i.DelayInit)
    i.DelayMs                                0x08000e1c   Section        0  delay.o(i.DelayMs)
    i.DelayUs                                0x08000e68   Section        0  delay.o(i.DelayUs)
    i.EP1_IN_Callback                        0x08000eb4   Section        0  usb_endp.o(i.EP1_IN_Callback)
    i.EXTI_ClearITPendingBit                 0x08000ec0   Section        0  stm32f10x_exti.o(i.EXTI_ClearITPendingBit)
    i.EXTI_Init                              0x08000ecc   Section        0  stm32f10x_exti.o(i.EXTI_Init)
    i.Enter_LowPowerMode                     0x08000f60   Section        0  hw_config.o(i.Enter_LowPowerMode)
    i.GPIO_DeInit                            0x08000f6c   Section        0  stm32f10x_gpio.o(i.GPIO_DeInit)
    i.GPIO_Init                              0x08001034   Section        0  stm32f10x_gpio.o(i.GPIO_Init)
    i.GPIO_ReadInputDataBit                  0x0800114a   Section        0  stm32f10x_gpio.o(i.GPIO_ReadInputDataBit)
    i.GPIO_ResetBits                         0x0800115c   Section        0  stm32f10x_gpio.o(i.GPIO_ResetBits)
    i.GPIO_SetBits                           0x08001160   Section        0  stm32f10x_gpio.o(i.GPIO_SetBits)
    i.GetEPRxAddr                            0x08001164   Section        0  usb_regs.o(i.GetEPRxAddr)
    i.GetEPTxAddr                            0x08001184   Section        0  usb_regs.o(i.GetEPTxAddr)
    i.Get_SerialNum                          0x080011a4   Section        0  hw_config.o(i.Get_SerialNum)
    i.HardFault_Handler                      0x080011d8   Section        0  stm32f10x_it.o(i.HardFault_Handler)
    i.I2C_WriteByte                          0x080011dc   Section        0  led.o(i.I2C_WriteByte)
    i.IIC_Send_Byte                          0x0800120c   Section        0  led.o(i.IIC_Send_Byte)
    i.IIC_Start                              0x0800127c   Section        0  led.o(i.IIC_Start)
    i.IIC_Stop                               0x080012c8   Section        0  led.o(i.IIC_Stop)
    i.IIC_Wait_Ack                           0x08001314   Section        0  led.o(i.IIC_Wait_Ack)
    i.In0_Process                            0x08001378   Section        0  usb_core.o(i.In0_Process)
    i.IntToUnicode                           0x080013e8   Section        0  hw_config.o(i.IntToUnicode)
    IntToUnicode                             0x080013e9   Thumb Code    62  hw_config.o(i.IntToUnicode)
    i.Joystick_Data_Setup                    0x08001428   Section        0  usb_prop.o(i.Joystick_Data_Setup)
    i.Joystick_GetConfigDescriptor           0x080014a4   Section        0  usb_prop.o(i.Joystick_GetConfigDescriptor)
    i.Joystick_GetDeviceDescriptor           0x080014b8   Section        0  usb_prop.o(i.Joystick_GetDeviceDescriptor)
    i.Joystick_GetHIDDescriptor              0x080014cc   Section        0  usb_prop.o(i.Joystick_GetHIDDescriptor)
    i.Joystick_GetProtocolValue              0x080014e0   Section        0  usb_prop.o(i.Joystick_GetProtocolValue)
    i.Joystick_GetReportDescriptor           0x080014fc   Section        0  usb_prop.o(i.Joystick_GetReportDescriptor)
    i.Joystick_GetStringDescriptor           0x08001510   Section        0  usb_prop.o(i.Joystick_GetStringDescriptor)
    i.Joystick_Get_Interface_Setting         0x08001538   Section        0  usb_prop.o(i.Joystick_Get_Interface_Setting)
    i.Joystick_NoData_Setup                  0x08001550   Section        0  usb_prop.o(i.Joystick_NoData_Setup)
    i.Joystick_Reset                         0x08001574   Section        0  usb_prop.o(i.Joystick_Reset)
    i.Joystick_SetConfiguration              0x08001618   Section        0  usb_prop.o(i.Joystick_SetConfiguration)
    i.Joystick_SetDeviceAddress              0x08001630   Section        0  usb_prop.o(i.Joystick_SetDeviceAddress)
    i.Joystick_SetProtocol                   0x0800163c   Section        0  usb_prop.o(i.Joystick_SetProtocol)
    i.Joystick_Status_In                     0x08001654   Section        0  usb_prop.o(i.Joystick_Status_In)
    i.Joystick_Status_Out                    0x08001656   Section        0  usb_prop.o(i.Joystick_Status_Out)
    i.Joystick_init                          0x08001658   Section        0  usb_prop.o(i.Joystick_init)
    i.Keyboard_Send                          0x08001680   Section        0  hw_config.o(i.Keyboard_Send)
    i.LED_BreathProcess                      0x08001698   Section        0  led.o(i.LED_BreathProcess)
    i.LED_DrawPoint                          0x08001704   Section        0  led.o(i.LED_DrawPoint)
    i.LED_FreashRam                          0x08001774   Section        0  led.o(i.LED_FreashRam)
    i.LED_GoToSleep                          0x080017e8   Section        0  led.o(i.LED_GoToSleep)
    i.LED_HT16K33_Init                       0x080017f4   Section        0  led.o(i.LED_HT16K33_Init)
    i.LED_I2C_Configuration                  0x08001820   Section        0  led.o(i.LED_I2C_Configuration)
    i.LED_LOGO_GPIO_Init                     0x08001854   Section        0  led.o(i.LED_LOGO_GPIO_Init)
    i.LED_Mode1                              0x08001870   Section        0  led.o(i.LED_Mode1)
    i.LED_Mode2                              0x0800189c   Section        0  led.o(i.LED_Mode2)
    i.LED_Mode3                              0x08001918   Section        0  led.o(i.LED_Mode3)
    i.LED_RamClearWith                       0x08001958   Section        0  led.o(i.LED_RamClearWith)
    i.LED_SetBreathEfect                     0x0800198c   Section        0  led.o(i.LED_SetBreathEfect)
    i.LED_SetBrightness                      0x080019bc   Section        0  led.o(i.LED_SetBrightness)
    i.LED_SetDisplay                         0x080019d6   Section        0  led.o(i.LED_SetDisplay)
    i.LED_SetFlash                           0x08001a2c   Section        0  led.o(i.LED_SetFlash)
    i.LED_WakeUp                             0x08001a64   Section        0  led.o(i.LED_WakeUp)
    i.Leave_LowPowerMode                     0x08001a70   Section        0  hw_config.o(i.Leave_LowPowerMode)
    i.MemManage_Handler                      0x08001a90   Section        0  stm32f10x_it.o(i.MemManage_Handler)
    i.NMI_Handler                            0x08001a94   Section        0  stm32f10x_it.o(i.NMI_Handler)
    i.NOP_Process                            0x08001a96   Section        0  usb_core.o(i.NOP_Process)
    i.NVIC_Init                              0x08001a98   Section        0  misc.o(i.NVIC_Init)
    i.NVIC_PriorityGroupConfig               0x08001b08   Section        0  misc.o(i.NVIC_PriorityGroupConfig)
    i.NoData_Setup0                          0x08001b1c   Section        0  usb_core.o(i.NoData_Setup0)
    NoData_Setup0                            0x08001b1d   Thumb Code   290  usb_core.o(i.NoData_Setup0)
    i.Out0_Process                           0x08001c54   Section        0  usb_core.o(i.Out0_Process)
    i.PMAToUserBufferCopy                    0x08001ca4   Section        0  usb_mem.o(i.PMAToUserBufferCopy)
    i.Post0_Process                          0x08001ccc   Section        0  usb_core.o(i.Post0_Process)
    i.PowerOn                                0x08001d14   Section        0  usb_pwr.o(i.PowerOn)
    i.RCC_APB1PeriphClockCmd                 0x08001d54   Section        0  stm32f10x_rcc.o(i.RCC_APB1PeriphClockCmd)
    i.RCC_APB1PeriphResetCmd                 0x08001d74   Section        0  stm32f10x_rcc.o(i.RCC_APB1PeriphResetCmd)
    i.RCC_APB2PeriphClockCmd                 0x08001d94   Section        0  stm32f10x_rcc.o(i.RCC_APB2PeriphClockCmd)
    i.RCC_APB2PeriphResetCmd                 0x08001db4   Section        0  stm32f10x_rcc.o(i.RCC_APB2PeriphResetCmd)
    i.RCC_GetClocksFreq                      0x08001dd4   Section        0  stm32f10x_rcc.o(i.RCC_GetClocksFreq)
    i.RCC_USBCLKConfig                       0x08001ea8   Section        0  stm32f10x_rcc.o(i.RCC_USBCLKConfig)
    i.Resume                                 0x08001eb4   Section        0  usb_pwr.o(i.Resume)
    i.Resume_Init                            0x08001f84   Section        0  usb_pwr.o(i.Resume_Init)
    i.SVC_Handler                            0x08001fa8   Section        0  stm32f10x_it.o(i.SVC_Handler)
    i.SetBTABLE                              0x08001fac   Section        0  usb_regs.o(i.SetBTABLE)
    i.SetDeviceAddress                       0x08001fbc   Section        0  usb_core.o(i.SetDeviceAddress)
    i.SetEPRxAddr                            0x0800200c   Section        0  usb_regs.o(i.SetEPRxAddr)
    i.SetEPRxCount                           0x08002030   Section        0  usb_regs.o(i.SetEPRxCount)
    i.SetEPRxStatus                          0x0800207c   Section        0  usb_regs.o(i.SetEPRxStatus)
    i.SetEPRxValid                           0x080020bc   Section        0  usb_regs.o(i.SetEPRxValid)
    i.SetEPTxAddr                            0x080020f0   Section        0  usb_regs.o(i.SetEPTxAddr)
    i.SetEPTxCount                           0x08002110   Section        0  usb_regs.o(i.SetEPTxCount)
    i.SetEPTxStatus                          0x0800212c   Section        0  usb_regs.o(i.SetEPTxStatus)
    i.SetEPTxValid                           0x0800216c   Section        0  usb_regs.o(i.SetEPTxValid)
    i.SetEPType                              0x080021a0   Section        0  usb_regs.o(i.SetEPType)
    i.SetSysClock                            0x080021c4   Section        0  system_stm32f10x.o(i.SetSysClock)
    SetSysClock                              0x080021c5   Thumb Code     8  system_stm32f10x.o(i.SetSysClock)
    i.SetSysClockTo72                        0x080021cc   Section        0  system_stm32f10x.o(i.SetSysClockTo72)
    SetSysClockTo72                          0x080021cd   Thumb Code   214  system_stm32f10x.o(i.SetSysClockTo72)
    i.Set_USBClock                           0x080022ac   Section        0  hw_config.o(i.Set_USBClock)
    i.Setup0_Process                         0x080022c0   Section        0  usb_core.o(i.Setup0_Process)
    i.Standard_ClearFeature                  0x08002378   Section        0  usb_core.o(i.Standard_ClearFeature)
    i.Standard_GetConfiguration              0x080024e4   Section        0  usb_core.o(i.Standard_GetConfiguration)
    i.Standard_GetDescriptorData             0x08002510   Section        0  usb_core.o(i.Standard_GetDescriptorData)
    i.Standard_GetInterface                  0x08002534   Section        0  usb_core.o(i.Standard_GetInterface)
    i.Standard_GetStatus                     0x08002560   Section        0  usb_core.o(i.Standard_GetStatus)
    i.Standard_SetConfiguration              0x08002660   Section        0  usb_core.o(i.Standard_SetConfiguration)
    i.Standard_SetDeviceFeature              0x080026a8   Section        0  usb_core.o(i.Standard_SetDeviceFeature)
    i.Standard_SetEndPointFeature            0x080026d0   Section        0  usb_core.o(i.Standard_SetEndPointFeature)
    i.Standard_SetInterface                  0x080027a0   Section        0  usb_core.o(i.Standard_SetInterface)
    i.Suspend                                0x0800280c   Section        0  usb_pwr.o(i.Suspend)
    i.SysTick_CLKSourceConfig                0x080028a8   Section        0  misc.o(i.SysTick_CLKSourceConfig)
    i.SysTick_Handler                        0x080028d0   Section        0  stm32f10x_it.o(i.SysTick_Handler)
    i.SystemInit                             0x080028d4   Section        0  system_stm32f10x.o(i.SystemInit)
    i.TIM2_IRQHandler                        0x08002934   Section        0  main.o(i.TIM2_IRQHandler)
    i.TIM2_Int_Init                          0x0800299c   Section        0  main.o(i.TIM2_Int_Init)
    i.TIM_ClearITPendingBit                  0x080029f8   Section        0  stm32f10x_tim.o(i.TIM_ClearITPendingBit)
    i.TIM_Cmd                                0x080029fe   Section        0  stm32f10x_tim.o(i.TIM_Cmd)
    i.TIM_GetITStatus                        0x08002a16   Section        0  stm32f10x_tim.o(i.TIM_GetITStatus)
    i.TIM_ITConfig                           0x08002a38   Section        0  stm32f10x_tim.o(i.TIM_ITConfig)
    i.TIM_TimeBaseInit                       0x08002a4c   Section        0  stm32f10x_tim.o(i.TIM_TimeBaseInit)
    i.USART1_IRQHandler                      0x08002af0   Section        0  btk05.o(i.USART1_IRQHandler)
    i.USART_ClearFlag                        0x08002b34   Section        0  stm32f10x_usart.o(i.USART_ClearFlag)
    i.USART_ClearITPendingBit                0x08002b46   Section        0  stm32f10x_usart.o(i.USART_ClearITPendingBit)
    i.USART_Cmd                              0x08002b64   Section        0  stm32f10x_usart.o(i.USART_Cmd)
    i.USART_DeInit                           0x08002b7c   Section        0  stm32f10x_usart.o(i.USART_DeInit)
    i.USART_GetFlagStatus                    0x08002c18   Section        0  stm32f10x_usart.o(i.USART_GetFlagStatus)
    i.USART_GetITStatus                      0x08002c32   Section        0  stm32f10x_usart.o(i.USART_GetITStatus)
    i.USART_ITConfig                         0x08002c86   Section        0  stm32f10x_usart.o(i.USART_ITConfig)
    i.USART_Init                             0x08002cd0   Section        0  stm32f10x_usart.o(i.USART_Init)
    i.USART_ReceiveData                      0x08002da8   Section        0  stm32f10x_usart.o(i.USART_ReceiveData)
    i.USART_SendData                         0x08002db2   Section        0  stm32f10x_usart.o(i.USART_SendData)
    i.USBWakeUp_IRQHandler                   0x08002dba   Section        0  hw_config.o(i.USBWakeUp_IRQHandler)
    i.USB_Cable_Config                       0x08002dc6   Section        0  hw_config.o(i.USB_Cable_Config)
    i.USB_Init                               0x08002dc8   Section        0  usb_init.o(i.USB_Init)
    i.USB_Interrupts_Config                  0x08002e04   Section        0  hw_config.o(i.USB_Interrupts_Config)
    i.USB_Istr                               0x08002e58   Section        0  usb_istr.o(i.USB_Istr)
    i.USB_LP_CAN1_RX0_IRQHandler             0x08003024   Section        0  hw_config.o(i.USB_LP_CAN1_RX0_IRQHandler)
    i.USB_Mode                               0x0800302c   Section        0  main.o(i.USB_Mode)
    i.USB_Port_Set                           0x0800305c   Section        0  hw_config.o(i.USB_Port_Set)
    i.USB_SIL_Init                           0x080030b4   Section        0  usb_sil.o(i.USB_SIL_Init)
    i.USB_SIL_Write                          0x080030d8   Section        0  usb_sil.o(i.USB_SIL_Write)
    i.UsageFault_Handler                     0x08003106   Section        0  stm32f10x_it.o(i.UsageFault_Handler)
    i.UserToPMABufferCopy                    0x0800310c   Section        0  usb_mem.o(i.UserToPMABufferCopy)
    i.main                                   0x08003144   Section        0  main.o(i.main)
    i.myKeyBoard_ControlKeyProcess           0x080032f0   Section        0  mykeyboard.o(i.myKeyBoard_ControlKeyProcess)
    i.myKeyBoard_GPIO_Init                   0x08003420   Section        0  mykeyboard.o(i.myKeyBoard_GPIO_Init)
    i.myKeyBoard_JudgeKeyPressWithName       0x08003484   Section        0  mykeyboard.o(i.myKeyBoard_JudgeKeyPressWithName)
    i.myKeyBoard_JudgeKeyStateChange         0x080034dc   Section        0  mykeyboard.o(i.myKeyBoard_JudgeKeyStateChange)
    i.myKeyBoard_KeyScan                     0x08003554   Section        0  mykeyboard.o(i.myKeyBoard_KeyScan)
    i.myKeyBoard_KeyScan_rowScan             0x08003590   Section        0  mykeyboard.o(i.myKeyBoard_KeyScan_rowScan)
    i.myKeyBoard_ScanKeyAndUpdataATBuffer    0x08003680   Section        0  mykeyboard.o(i.myKeyBoard_ScanKeyAndUpdataATBuffer)
    i.myKeyBoard_UpdataATDataPack            0x080036ac   Section        0  mykeyboard.o(i.myKeyBoard_UpdataATDataPack)
    i.myUSB_Init                             0x0800392c   Section        0  main.o(i.myUSB_Init)
    i.sysInit                                0x08003944   Section        0  main.o(i.sysInit)
    .constdata                               0x080039b0   Section        4  led.o(.constdata)
    .constdata                               0x080039b4   Section      128  mykeyboard.o(.constdata)
    .constdata                               0x08003a34   Section      202  usb_desc.o(.constdata)
    .conststring                             0x08003b00   Section      437  mykeyboard.o(.conststring)
    .data                                    0x20000000   Section       20  stm32f10x_rcc.o(.data)
    APBAHBPrescTable                         0x20000000   Data          16  stm32f10x_rcc.o(.data)
    ADCPrescTable                            0x20000010   Data           4  stm32f10x_rcc.o(.data)
    .data                                    0x20000014   Section       11  main.o(.data)
    sleepTime1SCounter                       0x20000014   Data           2  main.o(.data)
    .data                                    0x20000020   Section       20  system_stm32f10x.o(.data)
    .data                                    0x20000034   Section        4  delay.o(.data)
    fac_us                                   0x20000034   Data           1  delay.o(.data)
    fac_ms                                   0x20000036   Data           2  delay.o(.data)
    .data                                    0x20000038   Section        5  led.o(.data)
    .data                                    0x20000040   Section      388  mykeyboard.o(.data)
    .data                                    0x200001c4   Section       16  btk05.o(.data)
    .data                                    0x200001d4   Section        3  usb_core.o(.data)
    .data                                    0x200001d8   Section       20  usb_init.o(.data)
    .data                                    0x200001ec   Section        4  usb_int.o(.data)
    .data                                    0x200001f0   Section        1  hw_config.o(.data)
    .data                                    0x200001f1   Section       26  usb_desc.o(.data)
    .data                                    0x2000020c   Section       68  usb_istr.o(.data)
    .data                                    0x20000250   Section      156  usb_prop.o(.data)
    .data                                    0x200002ec   Section       12  usb_pwr.o(.data)
    .bss                                     0x200002f8   Section       12  led.o(.bss)
    .bss                                     0x20000304   Section      210  mykeyboard.o(.bss)
    .bss                                     0x200003d6   Section       60  btk05.o(.bss)
    .bss                                     0x20000414   Section       28  usb_init.o(.bss)
    .bss                                     0x20000430   Section       32  usb_pwr.o(.bss)
    .bss                                     0x20000450   Section       96  libspace.o(.bss)
    HEAP                                     0x200004b0   Section      512  startup_stm32f10x_hd.o(HEAP)
    Heap_Mem                                 0x200004b0   Data         512  startup_stm32f10x_hd.o(HEAP)
    STACK                                    0x200006b0   Section     1024  startup_stm32f10x_hd.o(STACK)
    Stack_Mem                                0x200006b0   Data        1024  startup_stm32f10x_hd.o(STACK)
    __initial_sp                             0x20000ab0   Data           0  startup_stm32f10x_hd.o(STACK)

    Global Symbols

    Symbol Name                              Value     Ov Type        Size  Object(Section)

    BuildAttributes$$THM_ISAv4$P$D$K$B$S$PE$A:L22UL41UL21$X:L11$S22US41US21$IEEE1$IW$USESV6$~STKCKD$USESV7$~SHL$OSPACE$ROPI$EBA8$UX$STANDARDLIB$REQ8$PRES8$EABIv2 0x00000000   Number         0  anon$$obj.o ABSOLUTE
    __ARM_use_no_argv                        0x00000000   Number         0  main.o ABSOLUTE
    __ARM_exceptions_init                     - Undefined Weak Reference
    __alloca_initialize                       - Undefined Weak Reference
    __arm_preinit_                            - Undefined Weak Reference
    __cpp_initialize__aeabi_                  - Undefined Weak Reference
    __cxa_finalize                            - Undefined Weak Reference
    __rt_locale                               - Undefined Weak Reference
    __sigvec_lookup                           - Undefined Weak Reference
    _atexit_init                              - Undefined Weak Reference
    _call_atexit_fns                          - Undefined Weak Reference
    _clock_init                               - Undefined Weak Reference
    _fp_trap_init                             - Undefined Weak Reference
    _fp_trap_shutdown                         - Undefined Weak Reference
    _get_lc_collate                           - Undefined Weak Reference
    _get_lc_ctype                             - Undefined Weak Reference
    _get_lc_monetary                          - Undefined Weak Reference
    _get_lc_numeric                           - Undefined Weak Reference
    _get_lc_time                              - Undefined Weak Reference
    _getenv_init                              - Undefined Weak Reference
    _handle_redirection                       - Undefined Weak Reference
    _init_alloc                               - Undefined Weak Reference
    _init_user_alloc                          - Undefined Weak Reference
    _initio                                   - Undefined Weak Reference
    _rand_init                                - Undefined Weak Reference
    _signal_finish                            - Undefined Weak Reference
    _signal_init                              - Undefined Weak Reference
    _terminate_alloc                          - Undefined Weak Reference
    _terminate_user_alloc                     - Undefined Weak Reference
    _terminateio                              - Undefined Weak Reference
    __Vectors_Size                           0x00000130   Number         0  startup_stm32f10x_hd.o ABSOLUTE
    __Vectors                                0x08000000   Data           4  startup_stm32f10x_hd.o(RESET)
    __Vectors_End                            0x08000130   Data           0  startup_stm32f10x_hd.o(RESET)
    __main                                   0x08000131   Thumb Code     8  __main.o(!!!main)
    __scatterload                            0x08000139   Thumb Code     0  __scatter.o(!!!scatter)
    __scatterload_rt2                        0x08000139   Thumb Code    44  __scatter.o(!!!scatter)
    __scatterload_rt2_thumb_only             0x08000139   Thumb Code     0  __scatter.o(!!!scatter)
    __scatterload_null                       0x08000147   Thumb Code     0  __scatter.o(!!!scatter)
    __decompress                             0x0800016d   Thumb Code    90  __dczerorl2.o(!!dczerorl2)
    __decompress1                            0x0800016d   Thumb Code     0  __dczerorl2.o(!!dczerorl2)
    __scatterload_zeroinit                   0x080001c9   Thumb Code    28  __scatter_zi.o(!!handler_zi)
    __rt_lib_init                            0x080001e5   Thumb Code     0  libinit.o(.ARM.Collect$$libinit$$00000000)
    __rt_lib_init_alloca_1                   0x080001e7   Thumb Code     0  libinit2.o(.ARM.Collect$$libinit$$0000002E)
    __rt_lib_init_argv_1                     0x080001e7   Thumb Code     0  libinit2.o(.ARM.Collect$$libinit$$0000002C)
    __rt_lib_init_atexit_1                   0x080001e7   Thumb Code     0  libinit2.o(.ARM.Collect$$libinit$$0000001B)
    __rt_lib_init_clock_1                    0x080001e7   Thumb Code     0  libinit2.o(.ARM.Collect$$libinit$$00000021)
    __rt_lib_init_cpp_1                      0x080001e7   Thumb Code     0  libinit2.o(.ARM.Collect$$libinit$$00000032)
    __rt_lib_init_exceptions_1               0x080001e7   Thumb Code     0  libinit2.o(.ARM.Collect$$libinit$$00000030)
    __rt_lib_init_fp_1                       0x080001e7   Thumb Code     0  libinit2.o(.ARM.Collect$$libinit$$00000002)
    __rt_lib_init_fp_trap_1                  0x080001e7   Thumb Code     0  libinit2.o(.ARM.Collect$$libinit$$0000001F)
    __rt_lib_init_getenv_1                   0x080001e7   Thumb Code     0  libinit2.o(.ARM.Collect$$libinit$$00000023)
    __rt_lib_init_heap_1                     0x080001e7   Thumb Code     0  libinit2.o(.ARM.Collect$$libinit$$0000000A)
    __rt_lib_init_lc_collate_1               0x080001e7   Thumb Code     0  libinit2.o(.ARM.Collect$$libinit$$00000011)
    __rt_lib_init_lc_ctype_1                 0x080001e7   Thumb Code     0  libinit2.o(.ARM.Collect$$libinit$$00000013)
    __rt_lib_init_lc_monetary_1              0x080001e7   Thumb Code     0  libinit2.o(.ARM.Collect$$libinit$$00000015)
    __rt_lib_init_lc_numeric_1               0x080001e7   Thumb Code     0  libinit2.o(.ARM.Collect$$libinit$$00000017)
    __rt_lib_init_lc_time_1                  0x080001e7   Thumb Code     0  libinit2.o(.ARM.Collect$$libinit$$00000019)
    __rt_lib_init_preinit_1                  0x080001e7   Thumb Code     0  libinit2.o(.ARM.Collect$$libinit$$00000004)
    __rt_lib_init_rand_1                     0x080001e7   Thumb Code     0  libinit2.o(.ARM.Collect$$libinit$$0000000E)
    __rt_lib_init_return                     0x080001e7   Thumb Code     0  libinit2.o(.ARM.Collect$$libinit$$00000033)
    __rt_lib_init_signal_1                   0x080001e7   Thumb Code     0  libinit2.o(.ARM.Collect$$libinit$$0000001D)
    __rt_lib_init_stdio_1                    0x080001e7   Thumb Code     0  libinit2.o(.ARM.Collect$$libinit$$00000025)
    __rt_lib_init_user_alloc_1               0x080001e7   Thumb Code     0  libinit2.o(.ARM.Collect$$libinit$$0000000C)
    __rt_lib_shutdown                        0x080001e9   Thumb Code     0  libshutdown.o(.ARM.Collect$$libshutdown$$00000000)
    __rt_lib_shutdown_cpp_1                  0x080001eb   Thumb Code     0  libshutdown2.o(.ARM.Collect$$libshutdown$$00000002)
    __rt_lib_shutdown_fp_trap_1              0x080001eb   Thumb Code     0  libshutdown2.o(.ARM.Collect$$libshutdown$$00000007)
    __rt_lib_shutdown_heap_1                 0x080001eb   Thumb Code     0  libshutdown2.o(.ARM.Collect$$libshutdown$$0000000F)
    __rt_lib_shutdown_return                 0x080001eb   Thumb Code     0  libshutdown2.o(.ARM.Collect$$libshutdown$$00000010)
    __rt_lib_shutdown_signal_1               0x080001eb   Thumb Code     0  libshutdown2.o(.ARM.Collect$$libshutdown$$0000000A)
    __rt_lib_shutdown_stdio_1                0x080001eb   Thumb Code     0  libshutdown2.o(.ARM.Collect$$libshutdown$$00000004)
    __rt_lib_shutdown_user_alloc_1           0x080001eb   Thumb Code     0  libshutdown2.o(.ARM.Collect$$libshutdown$$0000000C)
    __rt_entry                               0x080001ed   Thumb Code     0  __rtentry.o(.ARM.Collect$$rtentry$$00000000)
    __rt_entry_presh_1                       0x080001ed   Thumb Code     0  __rtentry2.o(.ARM.Collect$$rtentry$$00000002)
    __rt_entry_sh                            0x080001ed   Thumb Code     0  __rtentry4.o(.ARM.Collect$$rtentry$$00000004)
    __rt_entry_li                            0x080001f3   Thumb Code     0  __rtentry2.o(.ARM.Collect$$rtentry$$0000000A)
    __rt_entry_postsh_1                      0x080001f3   Thumb Code     0  __rtentry2.o(.ARM.Collect$$rtentry$$00000009)
    __rt_entry_main                          0x080001f7   Thumb Code     0  __rtentry2.o(.ARM.Collect$$rtentry$$0000000D)
    __rt_entry_postli_1                      0x080001f7   Thumb Code     0  __rtentry2.o(.ARM.Collect$$rtentry$$0000000C)
    __rt_exit                                0x080001ff   Thumb Code     0  rtexit.o(.ARM.Collect$$rtexit$$00000000)
    __rt_exit_ls                             0x08000201   Thumb Code     0  rtexit2.o(.ARM.Collect$$rtexit$$00000003)
    __rt_exit_prels_1                        0x08000201   Thumb Code     0  rtexit2.o(.ARM.Collect$$rtexit$$00000002)
    __rt_exit_exit                           0x08000205   Thumb Code     0  rtexit2.o(.ARM.Collect$$rtexit$$00000004)
    Reset_Handler                            0x0800020d   Thumb Code     8  startup_stm32f10x_hd.o(.text)
    PendSV_Handler                           0x08000223   Thumb Code     2  startup_stm32f10x_hd.o(.text)
    ADC1_2_IRQHandler                        0x08000227   Thumb Code     0  startup_stm32f10x_hd.o(.text)
    ADC3_IRQHandler                          0x08000227   Thumb Code     0  startup_stm32f10x_hd.o(.text)
    CAN1_RX1_IRQHandler                      0x08000227   Thumb Code     0  startup_stm32f10x_hd.o(.text)
    CAN1_SCE_IRQHandler                      0x08000227   Thumb Code     0  startup_stm32f10x_hd.o(.text)
    DMA1_Channel1_IRQHandler                 0x08000227   Thumb Code     0  startup_stm32f10x_hd.o(.text)
    DMA1_Channel2_IRQHandler                 0x08000227   Thumb Code     0  startup_stm32f10x_hd.o(.text)
    DMA1_Channel3_IRQHandler                 0x08000227   Thumb Code     0  startup_stm32f10x_hd.o(.text)
    DMA1_Channel4_IRQHandler                 0x08000227   Thumb Code     0  startup_stm32f10x_hd.o(.text)
    DMA1_Channel5_IRQHandler                 0x08000227   Thumb Code     0  startup_stm32f10x_hd.o(.text)
    DMA1_Channel6_IRQHandler                 0x08000227   Thumb Code     0  startup_stm32f10x_hd.o(.text)
    DMA1_Channel7_IRQHandler                 0x08000227   Thumb Code     0  startup_stm32f10x_hd.o(.text)
    DMA2_Channel1_IRQHandler                 0x08000227   Thumb Code     0  startup_stm32f10x_hd.o(.text)
    DMA2_Channel2_IRQHandler                 0x08000227   Thumb Code     0  startup_stm32f10x_hd.o(.text)
    DMA2_Channel3_IRQHandler                 0x08000227   Thumb Code     0  startup_stm32f10x_hd.o(.text)
    DMA2_Channel4_5_IRQHandler               0x08000227   Thumb Code     0  startup_stm32f10x_hd.o(.text)
    EXTI0_IRQHandler                         0x08000227   Thumb Code     0  startup_stm32f10x_hd.o(.text)
    EXTI15_10_IRQHandler                     0x08000227   Thumb Code     0  startup_stm32f10x_hd.o(.text)
    EXTI1_IRQHandler                         0x08000227   Thumb Code     0  startup_stm32f10x_hd.o(.text)
    EXTI2_IRQHandler                         0x08000227   Thumb Code     0  startup_stm32f10x_hd.o(.text)
    EXTI3_IRQHandler                         0x08000227   Thumb Code     0  startup_stm32f10x_hd.o(.text)
    EXTI4_IRQHandler                         0x08000227   Thumb Code     0  startup_stm32f10x_hd.o(.text)
    EXTI9_5_IRQHandler                       0x08000227   Thumb Code     0  startup_stm32f10x_hd.o(.text)
    FLASH_IRQHandler                         0x08000227   Thumb Code     0  startup_stm32f10x_hd.o(.text)
    FSMC_IRQHandler                          0x08000227   Thumb Code     0  startup_stm32f10x_hd.o(.text)
    I2C1_ER_IRQHandler                       0x08000227   Thumb Code     0  startup_stm32f10x_hd.o(.text)
    I2C1_EV_IRQHandler                       0x08000227   Thumb Code     0  startup_stm32f10x_hd.o(.text)
    I2C2_ER_IRQHandler                       0x08000227   Thumb Code     0  startup_stm32f10x_hd.o(.text)
    I2C2_EV_IRQHandler                       0x08000227   Thumb Code     0  startup_stm32f10x_hd.o(.text)
    PVD_IRQHandler                           0x08000227   Thumb Code     0  startup_stm32f10x_hd.o(.text)
    RCC_IRQHandler                           0x08000227   Thumb Code     0  startup_stm32f10x_hd.o(.text)
    RTCAlarm_IRQHandler                      0x08000227   Thumb Code     0  startup_stm32f10x_hd.o(.text)
    RTC_IRQHandler                           0x08000227   Thumb Code     0  startup_stm32f10x_hd.o(.text)
    SDIO_IRQHandler                          0x08000227   Thumb Code     0  startup_stm32f10x_hd.o(.text)
    SPI1_IRQHandler                          0x08000227   Thumb Code     0  startup_stm32f10x_hd.o(.text)
    SPI2_IRQHandler                          0x08000227   Thumb Code     0  startup_stm32f10x_hd.o(.text)
    SPI3_IRQHandler                          0x08000227   Thumb Code     0  startup_stm32f10x_hd.o(.text)
    TAMPER_IRQHandler                        0x08000227   Thumb Code     0  startup_stm32f10x_hd.o(.text)
    TIM1_BRK_IRQHandler                      0x08000227   Thumb Code     0  startup_stm32f10x_hd.o(.text)
    TIM1_CC_IRQHandler                       0x08000227   Thumb Code     0  startup_stm32f10x_hd.o(.text)
    TIM1_TRG_COM_IRQHandler                  0x08000227   Thumb Code     0  startup_stm32f10x_hd.o(.text)
    TIM1_UP_IRQHandler                       0x08000227   Thumb Code     0  startup_stm32f10x_hd.o(.text)
    TIM3_IRQHandler                          0x08000227   Thumb Code     0  startup_stm32f10x_hd.o(.text)
    TIM4_IRQHandler                          0x08000227   Thumb Code     0  startup_stm32f10x_hd.o(.text)
    TIM5_IRQHandler                          0x08000227   Thumb Code     0  startup_stm32f10x_hd.o(.text)
    TIM6_IRQHandler                          0x08000227   Thumb Code     0  startup_stm32f10x_hd.o(.text)
    TIM7_IRQHandler                          0x08000227   Thumb Code     0  startup_stm32f10x_hd.o(.text)
    TIM8_BRK_IRQHandler                      0x08000227   Thumb Code     0  startup_stm32f10x_hd.o(.text)
    TIM8_CC_IRQHandler                       0x08000227   Thumb Code     0  startup_stm32f10x_hd.o(.text)
    TIM8_TRG_COM_IRQHandler                  0x08000227   Thumb Code     0  startup_stm32f10x_hd.o(.text)
    TIM8_UP_IRQHandler                       0x08000227   Thumb Code     0  startup_stm32f10x_hd.o(.text)
    UART4_IRQHandler                         0x08000227   Thumb Code     0  startup_stm32f10x_hd.o(.text)
    UART5_IRQHandler                         0x08000227   Thumb Code     0  startup_stm32f10x_hd.o(.text)
    USART2_IRQHandler                        0x08000227   Thumb Code     0  startup_stm32f10x_hd.o(.text)
    USART3_IRQHandler                        0x08000227   Thumb Code     0  startup_stm32f10x_hd.o(.text)
    USB_HP_CAN1_TX_IRQHandler                0x08000227   Thumb Code     0  startup_stm32f10x_hd.o(.text)
    WWDG_IRQHandler                          0x08000227   Thumb Code     0  startup_stm32f10x_hd.o(.text)
    __user_initial_stackheap                 0x08000229   Thumb Code     0  startup_stm32f10x_hd.o(.text)
    strcmp                                   0x0800024d   Thumb Code   128  strcmpv7m.o(.text)
    __use_two_region_memory                  0x080002cd   Thumb Code     2  heapauxi.o(.text)
    __rt_heap_escrow$2region                 0x080002cf   Thumb Code     2  heapauxi.o(.text)
    __rt_heap_expand$2region                 0x080002d1   Thumb Code     2  heapauxi.o(.text)
    __user_setup_stackheap                   0x080002d3   Thumb Code    74  sys_stackheap_outer.o(.text)
    exit                                     0x0800031d   Thumb Code    18  exit.o(.text)
    __user_libspace                          0x08000331   Thumb Code     8  libspace.o(.text)
    __user_perproc_libspace                  0x08000331   Thumb Code     0  libspace.o(.text)
    __user_perthread_libspace                0x08000331   Thumb Code     0  libspace.o(.text)
    _sys_exit                                0x08000339   Thumb Code     8  sys_exit.o(.text)
    __I$use$semihosting                      0x08000345   Thumb Code     0  use_no_semi.o(.text)
    __use_no_semihosting_swi                 0x08000345   Thumb Code     2  use_no_semi.o(.text)
    __semihosting_library_function           0x08000347   Thumb Code     0  indicate_semi.o(.text)
    BLUETEETH_Mode                           0x08000349   Thumb Code    36  main.o(i.BLUETEETH_Mode)
    BTK05_ATMode                             0x08000379   Thumb Code    34  btk05.o(i.BTK05_ATMode)
    BTK05_ATMode_Init                        0x080003a5   Thumb Code    38  btk05.o(i.BTK05_ATMode_Init)
    BTK05_DeleteConnectInfo                  0x080003d1   Thumb Code    28  btk05.o(i.BTK05_DeleteConnectInfo)
    BTK05_Init                               0x080003f9   Thumb Code    20  btk05.o(i.BTK05_Init)
    BTK05_KEYMode                            0x0800040d   Thumb Code    10  btk05.o(i.BTK05_KEYMode)
    BTK05_LowEnerageMode                     0x08000421   Thumb Code    28  btk05.o(i.BTK05_LowEnerageMode)
    BTK05_PairMode                           0x0800044d   Thumb Code    28  btk05.o(i.BTK05_PairMode)
    BTK05_RESET                              0x08000471   Thumb Code    28  btk05.o(i.BTK05_RESET)
    BTK05_Sleep                              0x08000499   Thumb Code    24  btk05.o(i.BTK05_Sleep)
    BTK05_UART_Init                          0x080004b9   Thumb Code   184  btk05.o(i.BTK05_UART_Init)
    BTK05_UART_SendATCmd                     0x08000579   Thumb Code   130  btk05.o(i.BTK05_UART_SendATCmd)
    BTK05_UART_SendChar                      0x08000609   Thumb Code    36  btk05.o(i.BTK05_UART_SendChar)
    BTK05_UART_SendKeyData                   0x08000631   Thumb Code    26  btk05.o(i.BTK05_UART_SendKeyData)
    BTK05_WAKEUP_Init                        0x0800064d   Thumb Code    38  btk05.o(i.BTK05_WAKEUP_Init)
    BTK05_Wake                               0x08000679   Thumb Code    24  btk05.o(i.BTK05_Wake)
    BusFault_Handler                         0x08000699   Thumb Code     4  stm32f10x_it.o(i.BusFault_Handler)
    ByteSwap                                 0x0800069d   Thumb Code    12  usb_regs.o(i.ByteSwap)
    CTR_LP                                   0x080006a9   Thumb Code   616  usb_int.o(i.CTR_LP)
    ClearDTOG_RX                             0x08000931   Thumb Code    48  usb_regs.o(i.ClearDTOG_RX)
    ClearDTOG_TX                             0x08000965   Thumb Code    48  usb_regs.o(i.ClearDTOG_TX)
    Clear_Status_Out                         0x08000999   Thumb Code    34  usb_regs.o(i.Clear_Status_Out)
    DebugMon_Handler                         0x08000dd5   Thumb Code     2  stm32f10x_it.o(i.DebugMon_Handler)
    DelayInit                                0x08000dd9   Thumb Code    50  delay.o(i.DelayInit)
    DelayMs                                  0x08000e1d   Thumb Code    72  delay.o(i.DelayMs)
    DelayUs                                  0x08000e69   Thumb Code    72  delay.o(i.DelayUs)
    EP1_IN_Callback                          0x08000eb5   Thumb Code     8  usb_endp.o(i.EP1_IN_Callback)
    EXTI_ClearITPendingBit                   0x08000ec1   Thumb Code     6  stm32f10x_exti.o(i.EXTI_ClearITPendingBit)
    EXTI_Init                                0x08000ecd   Thumb Code   142  stm32f10x_exti.o(i.EXTI_Init)
    Enter_LowPowerMode                       0x08000f61   Thumb Code     8  hw_config.o(i.Enter_LowPowerMode)
    GPIO_DeInit                              0x08000f6d   Thumb Code   172  stm32f10x_gpio.o(i.GPIO_DeInit)
    GPIO_Init                                0x08001035   Thumb Code   278  stm32f10x_gpio.o(i.GPIO_Init)
    GPIO_ReadInputDataBit                    0x0800114b   Thumb Code    18  stm32f10x_gpio.o(i.GPIO_ReadInputDataBit)
    GPIO_ResetBits                           0x0800115d   Thumb Code     4  stm32f10x_gpio.o(i.GPIO_ResetBits)
    GPIO_SetBits                             0x08001161   Thumb Code     4  stm32f10x_gpio.o(i.GPIO_SetBits)
    GetEPRxAddr                              0x08001165   Thumb Code    24  usb_regs.o(i.GetEPRxAddr)
    GetEPTxAddr                              0x08001185   Thumb Code    22  usb_regs.o(i.GetEPTxAddr)
    Get_SerialNum                            0x080011a5   Thumb Code    42  hw_config.o(i.Get_SerialNum)
    HardFault_Handler                        0x080011d9   Thumb Code     4  stm32f10x_it.o(i.HardFault_Handler)
    I2C_WriteByte                            0x080011dd   Thumb Code    46  led.o(i.I2C_WriteByte)
    IIC_Send_Byte                            0x0800120d   Thumb Code   108  led.o(i.IIC_Send_Byte)
    IIC_Start                                0x0800127d   Thumb Code    70  led.o(i.IIC_Start)
    IIC_Stop                                 0x080012c9   Thumb Code    70  led.o(i.IIC_Stop)
    IIC_Wait_Ack                             0x08001315   Thumb Code    96  led.o(i.IIC_Wait_Ack)
    In0_Process                              0x08001379   Thumb Code    98  usb_core.o(i.In0_Process)
    Joystick_Data_Setup                      0x08001429   Thumb Code   108  usb_prop.o(i.Joystick_Data_Setup)
    Joystick_GetConfigDescriptor             0x080014a5   Thumb Code    14  usb_prop.o(i.Joystick_GetConfigDescriptor)
    Joystick_GetDeviceDescriptor             0x080014b9   Thumb Code    14  usb_prop.o(i.Joystick_GetDeviceDescriptor)
    Joystick_GetHIDDescriptor                0x080014cd   Thumb Code    14  usb_prop.o(i.Joystick_GetHIDDescriptor)
    Joystick_GetProtocolValue                0x080014e1   Thumb Code    20  usb_prop.o(i.Joystick_GetProtocolValue)
    Joystick_GetReportDescriptor             0x080014fd   Thumb Code    14  usb_prop.o(i.Joystick_GetReportDescriptor)
    Joystick_GetStringDescriptor             0x08001511   Thumb Code    32  usb_prop.o(i.Joystick_GetStringDescriptor)
    Joystick_Get_Interface_Setting           0x08001539   Thumb Code    22  usb_prop.o(i.Joystick_Get_Interface_Setting)
    Joystick_NoData_Setup                    0x08001551   Thumb Code    32  usb_prop.o(i.Joystick_NoData_Setup)
    Joystick_Reset                           0x08001575   Thumb Code   148  usb_prop.o(i.Joystick_Reset)
    Joystick_SetConfiguration                0x08001619   Thumb Code    14  usb_prop.o(i.Joystick_SetConfiguration)
    Joystick_SetDeviceAddress                0x08001631   Thumb Code     8  usb_prop.o(i.Joystick_SetDeviceAddress)
    Joystick_SetProtocol                     0x0800163d   Thumb Code    14  usb_prop.o(i.Joystick_SetProtocol)
    Joystick_Status_In                       0x08001655   Thumb Code     2  usb_prop.o(i.Joystick_Status_In)
    Joystick_Status_Out                      0x08001657   Thumb Code     2  usb_prop.o(i.Joystick_Status_Out)
    Joystick_init                            0x08001659   Thumb Code    30  usb_prop.o(i.Joystick_init)
    Keyboard_Send                            0x08001681   Thumb Code    22  hw_config.o(i.Keyboard_Send)
    LED_BreathProcess                        0x08001699   Thumb Code    98  led.o(i.LED_BreathProcess)
    LED_DrawPoint                            0x08001705   Thumb Code   108  led.o(i.LED_DrawPoint)
    LED_FreashRam                            0x08001775   Thumb Code   112  led.o(i.LED_FreashRam)
    LED_GoToSleep                            0x080017e9   Thumb Code    12  led.o(i.LED_GoToSleep)
    LED_HT16K33_Init                         0x080017f5   Thumb Code    38  led.o(i.LED_HT16K33_Init)
    LED_I2C_Configuration                    0x08001821   Thumb Code    46  led.o(i.LED_I2C_Configuration)
    LED_LOGO_GPIO_Init                       0x08001855   Thumb Code    18  led.o(i.LED_LOGO_GPIO_Init)
    LED_Mode1                                0x08001871   Thumb Code    38  led.o(i.LED_Mode1)
    LED_Mode2                                0x0800189d   Thumb Code   118  led.o(i.LED_Mode2)
    LED_Mode3                                0x08001919   Thumb Code    58  led.o(i.LED_Mode3)
    LED_RamClearWith                         0x08001959   Thumb Code    48  led.o(i.LED_RamClearWith)
    LED_SetBreathEfect                       0x0800198d   Thumb Code    38  led.o(i.LED_SetBreathEfect)
    LED_SetBrightness                        0x080019bd   Thumb Code    26  led.o(i.LED_SetBrightness)
    LED_SetDisplay                           0x080019d7   Thumb Code    86  led.o(i.LED_SetDisplay)
    LED_SetFlash                             0x08001a2d   Thumb Code    46  led.o(i.LED_SetFlash)
    LED_WakeUp                               0x08001a65   Thumb Code    12  led.o(i.LED_WakeUp)
    Leave_LowPowerMode                       0x08001a71   Thumb Code    22  hw_config.o(i.Leave_LowPowerMode)
    MemManage_Handler                        0x08001a91   Thumb Code     4  stm32f10x_it.o(i.MemManage_Handler)
    NMI_Handler                              0x08001a95   Thumb Code     2  stm32f10x_it.o(i.NMI_Handler)
    NOP_Process                              0x08001a97   Thumb Code     2  usb_core.o(i.NOP_Process)
    NVIC_Init                                0x08001a99   Thumb Code   100  misc.o(i.NVIC_Init)
    NVIC_PriorityGroupConfig                 0x08001b09   Thumb Code    10  misc.o(i.NVIC_PriorityGroupConfig)
    Out0_Process                             0x08001c55   Thumb Code    70  usb_core.o(i.Out0_Process)
    PMAToUserBufferCopy                      0x08001ca5   Thumb Code    34  usb_mem.o(i.PMAToUserBufferCopy)
    Post0_Process                            0x08001ccd   Thumb Code    54  usb_core.o(i.Post0_Process)
    PowerOn                                  0x08001d15   Thumb Code    54  usb_pwr.o(i.PowerOn)
    RCC_APB1PeriphClockCmd                   0x08001d55   Thumb Code    26  stm32f10x_rcc.o(i.RCC_APB1PeriphClockCmd)
    RCC_APB1PeriphResetCmd                   0x08001d75   Thumb Code    26  stm32f10x_rcc.o(i.RCC_APB1PeriphResetCmd)
    RCC_APB2PeriphClockCmd                   0x08001d95   Thumb Code    26  stm32f10x_rcc.o(i.RCC_APB2PeriphClockCmd)
    RCC_APB2PeriphResetCmd                   0x08001db5   Thumb Code    26  stm32f10x_rcc.o(i.RCC_APB2PeriphResetCmd)
    RCC_GetClocksFreq                        0x08001dd5   Thumb Code   192  stm32f10x_rcc.o(i.RCC_GetClocksFreq)
    RCC_USBCLKConfig                         0x08001ea9   Thumb Code     6  stm32f10x_rcc.o(i.RCC_USBCLKConfig)
    Resume                                   0x08001eb5   Thumb Code   194  usb_pwr.o(i.Resume)
    Resume_Init                              0x08001f85   Thumb Code    30  usb_pwr.o(i.Resume_Init)
    SVC_Handler                              0x08001fa9   Thumb Code     2  stm32f10x_it.o(i.SVC_Handler)
    SetBTABLE                                0x08001fad   Thumb Code    12  usb_regs.o(i.SetBTABLE)
    SetDeviceAddress                         0x08001fbd   Thumb Code    68  usb_core.o(i.SetDeviceAddress)
    SetEPRxAddr                              0x0800200d   Thumb Code    26  usb_regs.o(i.SetEPRxAddr)
    SetEPRxCount                             0x08002031   Thumb Code    68  usb_regs.o(i.SetEPRxCount)
    SetEPRxStatus                            0x0800207d   Thumb Code    60  usb_regs.o(i.SetEPRxStatus)
    SetEPRxValid                             0x080020bd   Thumb Code    48  usb_regs.o(i.SetEPRxValid)
    SetEPTxAddr                              0x080020f1   Thumb Code    24  usb_regs.o(i.SetEPTxAddr)
    SetEPTxCount                             0x08002111   Thumb Code    20  usb_regs.o(i.SetEPTxCount)
    SetEPTxStatus                            0x0800212d   Thumb Code    60  usb_regs.o(i.SetEPTxStatus)
    SetEPTxValid                             0x0800216d   Thumb Code    48  usb_regs.o(i.SetEPTxValid)
    SetEPType                                0x080021a1   Thumb Code    32  usb_regs.o(i.SetEPType)
    Set_USBClock                             0x080022ad   Thumb Code    18  hw_config.o(i.Set_USBClock)
    Setup0_Process                           0x080022c1   Thumb Code   170  usb_core.o(i.Setup0_Process)
    Standard_ClearFeature                    0x08002379   Thumb Code   342  usb_core.o(i.Standard_ClearFeature)
    Standard_GetConfiguration                0x080024e5   Thumb Code    34  usb_core.o(i.Standard_GetConfiguration)
    Standard_GetDescriptorData               0x08002511   Thumb Code    32  usb_core.o(i.Standard_GetDescriptorData)
    Standard_GetInterface                    0x08002535   Thumb Code    34  usb_core.o(i.Standard_GetInterface)
    Standard_GetStatus                       0x08002561   Thumb Code   238  usb_core.o(i.Standard_GetStatus)
    Standard_SetConfiguration                0x08002661   Thumb Code    60  usb_core.o(i.Standard_SetConfiguration)
    Standard_SetDeviceFeature                0x080026a9   Thumb Code    30  usb_core.o(i.Standard_SetDeviceFeature)
    Standard_SetEndPointFeature              0x080026d1   Thumb Code   192  usb_core.o(i.Standard_SetEndPointFeature)
    Standard_SetInterface                    0x080027a1   Thumb Code    96  usb_core.o(i.Standard_SetInterface)
    Suspend                                  0x0800280d   Thumb Code   142  usb_pwr.o(i.Suspend)
    SysTick_CLKSourceConfig                  0x080028a9   Thumb Code    40  misc.o(i.SysTick_CLKSourceConfig)
    SysTick_Handler                          0x080028d1   Thumb Code     2  stm32f10x_it.o(i.SysTick_Handler)
    SystemInit                               0x080028d5   Thumb Code    78  system_stm32f10x.o(i.SystemInit)
    TIM2_IRQHandler                          0x08002935   Thumb Code    86  main.o(i.TIM2_IRQHandler)
    TIM2_Int_Init                            0x0800299d   Thumb Code    92  main.o(i.TIM2_Int_Init)
    TIM_ClearITPendingBit                    0x080029f9   Thumb Code     6  stm32f10x_tim.o(i.TIM_ClearITPendingBit)
    TIM_Cmd                                  0x080029ff   Thumb Code    24  stm32f10x_tim.o(i.TIM_Cmd)
    TIM_GetITStatus                          0x08002a17   Thumb Code    34  stm32f10x_tim.o(i.TIM_GetITStatus)
    TIM_ITConfig                             0x08002a39   Thumb Code    18  stm32f10x_tim.o(i.TIM_ITConfig)
    TIM_TimeBaseInit                         0x08002a4d   Thumb Code   122  stm32f10x_tim.o(i.TIM_TimeBaseInit)
    USART1_IRQHandler                        0x08002af1   Thumb Code    50  btk05.o(i.USART1_IRQHandler)
    USART_ClearFlag                          0x08002b35   Thumb Code    18  stm32f10x_usart.o(i.USART_ClearFlag)
    USART_ClearITPendingBit                  0x08002b47   Thumb Code    30  stm32f10x_usart.o(i.USART_ClearITPendingBit)
    USART_Cmd                                0x08002b65   Thumb Code    24  stm32f10x_usart.o(i.USART_Cmd)
    USART_DeInit                             0x08002b7d   Thumb Code   134  stm32f10x_usart.o(i.USART_DeInit)
    USART_GetFlagStatus                      0x08002c19   Thumb Code    26  stm32f10x_usart.o(i.USART_GetFlagStatus)
    USART_GetITStatus                        0x08002c33   Thumb Code    84  stm32f10x_usart.o(i.USART_GetITStatus)
    USART_ITConfig                           0x08002c87   Thumb Code    74  stm32f10x_usart.o(i.USART_ITConfig)
    USART_Init                               0x08002cd1   Thumb Code   210  stm32f10x_usart.o(i.USART_Init)
    USART_ReceiveData                        0x08002da9   Thumb Code    10  stm32f10x_usart.o(i.USART_ReceiveData)
    USART_SendData                           0x08002db3   Thumb Code     8  stm32f10x_usart.o(i.USART_SendData)
    USBWakeUp_IRQHandler                     0x08002dbb   Thumb Code    12  hw_config.o(i.USBWakeUp_IRQHandler)
    USB_Cable_Config                         0x08002dc7   Thumb Code     2  hw_config.o(i.USB_Cable_Config)
    USB_Init                                 0x08002dc9   Thumb Code    36  usb_init.o(i.USB_Init)
    USB_Interrupts_Config                    0x08002e05   Thumb Code    84  hw_config.o(i.USB_Interrupts_Config)
    USB_Istr                                 0x08002e59   Thumb Code   422  usb_istr.o(i.USB_Istr)
    USB_LP_CAN1_RX0_IRQHandler               0x08003025   Thumb Code     8  hw_config.o(i.USB_LP_CAN1_RX0_IRQHandler)
    USB_Mode                                 0x0800302d   Thumb Code    36  main.o(i.USB_Mode)
    USB_Port_Set                             0x0800305d   Thumb Code    84  hw_config.o(i.USB_Port_Set)
    USB_SIL_Init                             0x080030b5   Thumb Code    28  usb_sil.o(i.USB_SIL_Init)
    USB_SIL_Write                            0x080030d9   Thumb Code    46  usb_sil.o(i.USB_SIL_Write)
    UsageFault_Handler                       0x08003107   Thumb Code     4  stm32f10x_it.o(i.UsageFault_Handler)
    UserToPMABufferCopy                      0x0800310d   Thumb Code    52  usb_mem.o(i.UserToPMABufferCopy)
    main                                     0x08003145   Thumb Code   380  main.o(i.main)
    myKeyBoard_ControlKeyProcess             0x080032f1   Thumb Code   238  mykeyboard.o(i.myKeyBoard_ControlKeyProcess)
    myKeyBoard_GPIO_Init                     0x08003421   Thumb Code    86  mykeyboard.o(i.myKeyBoard_GPIO_Init)
    myKeyBoard_JudgeKeyPressWithName         0x08003485   Thumb Code    78  mykeyboard.o(i.myKeyBoard_JudgeKeyPressWithName)
    myKeyBoard_JudgeKeyStateChange           0x080034dd   Thumb Code   106  mykeyboard.o(i.myKeyBoard_JudgeKeyStateChange)
    myKeyBoard_KeyScan                       0x08003555   Thumb Code    48  mykeyboard.o(i.myKeyBoard_KeyScan)
    myKeyBoard_KeyScan_rowScan               0x08003591   Thumb Code   230  mykeyboard.o(i.myKeyBoard_KeyScan_rowScan)
    myKeyBoard_ScanKeyAndUpdataATBuffer      0x08003681   Thumb Code    34  mykeyboard.o(i.myKeyBoard_ScanKeyAndUpdataATBuffer)
    myKeyBoard_UpdataATDataPack              0x080036ad   Thumb Code   532  mykeyboard.o(i.myKeyBoard_UpdataATDataPack)
    myUSB_Init                               0x0800392d   Thumb Code    22  main.o(i.myUSB_Init)
    sysInit                                  0x08003945   Thumb Code    94  main.o(i.sysInit)
    myKeyBoard_KeyMap_ATValue                0x080039b4   Data          96  mykeyboard.o(.constdata)
    key_Col_Pin                              0x08003a14   Data          32  mykeyboard.o(.constdata)
    Joystick_DeviceDescriptor                0x08003a34   Data          18  usb_desc.o(.constdata)
    Joystick_ConfigDescriptor                0x08003a46   Data          41  usb_desc.o(.constdata)
    Joystick_ReportDescriptor                0x08003a6f   Data          61  usb_desc.o(.constdata)
    Joystick_StringLangID                    0x08003aac   Data           4  usb_desc.o(.constdata)
    Joystick_StringVendor                    0x08003ab0   Data          38  usb_desc.o(.constdata)
    Joystick_StringProduct                   0x08003ad6   Data          40  usb_desc.o(.constdata)
    Region$$Table$$Base                      0x08003cb8   Number         0  anon$$obj.o(Region$$Table)
    Region$$Table$$Limit                     0x08003cd8   Number         0  anon$$obj.o(Region$$Table)
    sleepTime50MsCounter                     0x20000016   Data           1  main.o(.data)
    LED_breath_Flag                          0x20000017   Data           1  main.o(.data)
    LED_LOGOBreath_Flag                      0x20000018   Data           1  main.o(.data)
    LED_LOGOENBreath_Flag                    0x20000019   Data           1  main.o(.data)
    system_Status                            0x2000001a   Data           1  main.o(.data)
    g_Flag                                   0x2000001b   Data           1  main.o(.data)
    ledLogoPWM                               0x2000001c   Data           1  main.o(.data)
    ledLogoPWMDelt                           0x2000001d   Data           1  main.o(.data)
    g_USBModeFlag                            0x2000001e   Data           1  main.o(.data)
    SystemCoreClock                          0x20000020   Data           4  system_stm32f10x.o(.data)
    AHBPrescTable                            0x20000024   Data          16  system_stm32f10x.o(.data)
    LED_Brightness                           0x20000038   Data           1  led.o(.data)
    LED_FlashSwitchFlag                      0x20000039   Data           1  led.o(.data)
    LED_BreathEfectFlag                      0x2000003a   Data           1  led.o(.data)
    LED_Delt_Flag                            0x2000003b   Data           1  led.o(.data)
    LED_Status                               0x2000003c   Data           1  led.o(.data)
    myKeyBoard_KeyMap_Name                   0x20000040   Data         384  mykeyboard.o(.data)
    ATKeyControlByte5                        0x200001c0   Data           1  mykeyboard.o(.data)
    myKeyBoard_KeyStateChangedFlag           0x200001c1   Data           1  mykeyboard.o(.data)
    myKeyBoard_KeyIsControl                  0x200001c2   Data           1  mykeyboard.o(.data)
    g_myKeyBoard_DataWaitForUploadFlag       0x200001c3   Data           1  mykeyboard.o(.data)
    BTK05_ATKeyDataPack                      0x200001c4   Data          12  btk05.o(.data)
    ATReturnSuccessedFlag                    0x200001d0   Data           1  btk05.o(.data)
    RxBuffer_Tail                            0x200001d1   Data           1  btk05.o(.data)
    RxBuffer_OK_Tail                         0x200001d2   Data           1  btk05.o(.data)
    BTK05_Status                             0x200001d3   Data           1  btk05.o(.data)
    StatusInfo                               0x200001d4   Data           2  usb_core.o(.data)
    Data_Mul_MaxPacketSize                   0x200001d6   Data           1  usb_core.o(.data)
    EPindex                                  0x200001d8   Data           1  usb_init.o(.data)
    pInformation                             0x200001dc   Data           4  usb_init.o(.data)
    pProperty                                0x200001e0   Data           4  usb_init.o(.data)
    SaveState                                0x200001e4   Data           2  usb_init.o(.data)
    wInterrupt_Mask                          0x200001e6   Data           2  usb_init.o(.data)
    pUser_Standard_Requests                  0x200001e8   Data           4  usb_init.o(.data)
    SaveRState                               0x200001ec   Data           2  usb_int.o(.data)
    SaveTState                               0x200001ee   Data           2  usb_int.o(.data)
    PrevXferComplete                         0x200001f0   Data           1  hw_config.o(.data)
    Joystick_StringSerial                    0x200001f1   Data          26  usb_desc.o(.data)
    wIstr                                    0x2000020c   Data           2  usb_istr.o(.data)
    bIntPackSOF                              0x2000020e   Data           1  usb_istr.o(.data)
    esof_counter                             0x20000210   Data           4  usb_istr.o(.data)
    wCNTR                                    0x20000214   Data           4  usb_istr.o(.data)
    pEpInt_IN                                0x20000218   Data          28  usb_istr.o(.data)
    pEpInt_OUT                               0x20000234   Data          28  usb_istr.o(.data)
    ProtocolValue                            0x20000250   Data           4  usb_prop.o(.data)
    Device_Table                             0x20000254   Data           2  usb_prop.o(.data)
    Device_Property                          0x20000258   Data          48  usb_prop.o(.data)
    User_Standard_Requests                   0x20000288   Data          36  usb_prop.o(.data)
    Device_Descriptor                        0x200002ac   Data           8  usb_prop.o(.data)
    Config_Descriptor                        0x200002b4   Data           8  usb_prop.o(.data)
    Joystick_Report_Descriptor               0x200002bc   Data           8  usb_prop.o(.data)
    Mouse_Hid_Descriptor                     0x200002c4   Data           8  usb_prop.o(.data)
    String_Descriptor                        0x200002cc   Data          32  usb_prop.o(.data)
    bDeviceState                             0x200002ec   Data           4  usb_pwr.o(.data)
    fSuspendEnabled                          0x200002f0   Data           1  usb_pwr.o(.data)
    ResumeS                                  0x200002f1   Data           2  usb_pwr.o(.data)
    remotewakeupon                           0x200002f4   Data           4  usb_pwr.o(.data)
    LED_Ram                                  0x200002f8   Data          12  led.o(.bss)
    ATKeyData                                0x20000304   Data          18  mykeyboard.o(.bss)
    myKeyBoard_KeyState                      0x20000316   Data          96  mykeyboard.o(.bss)
    myKeyBoard_KeyState_Ex                   0x20000376   Data          96  mykeyboard.o(.bss)
    RxBuffer                                 0x200003d6   Data          50  btk05.o(.bss)
    RxBuffer_OK                              0x20000408   Data          10  btk05.o(.bss)
    Device_Info                              0x20000414   Data          28  usb_init.o(.bss)
    EP                                       0x20000430   Data          32  usb_pwr.o(.bss)
    __libspace_start                         0x20000450   Data          96  libspace.o(.bss)
    __temporary_stack_top$libspace           0x200004b0   Data           0  libspace.o(.bss)



==============================================================================

Memory Map of the image

  Image Entry point : 0x08000131

  Load Region LR_IROM1 (Base: 0x08000000, Size: 0x00003fd0, Max: 0x00040000, ABSOLUTE, COMPRESSED[0x00003e7c])

    Execution Region ER_IROM1 (Exec base: 0x08000000, Load base: 0x08000000, Size: 0x00003cd8, Max: 0x00040000, ABSOLUTE)

    Exec Addr    Load Addr    Size         Type   Attr      Idx    E Section Name        Object

    0x08000000   0x08000000   0x00000130   Data   RO           19    RESET               startup_stm32f10x_hd.o
    0x08000130   0x08000130   0x00000008   Code   RO         4540  * !!!main             c_w.l(__main.o)
    0x08000138   0x08000138   0x00000034   Code   RO         4699    !!!scatter          c_w.l(__scatter.o)
    0x0800016c   0x0800016c   0x0000005a   Code   RO         4697    !!dczerorl2         c_w.l(__dczerorl2.o)
    0x080001c6   0x080001c6   0x00000002   PAD
    0x080001c8   0x080001c8   0x0000001c   Code   RO         4701    !!handler_zi        c_w.l(__scatter_zi.o)
    0x080001e4   0x080001e4   0x00000002   Code   RO         4567    .ARM.Collect$$libinit$$00000000  c_w.l(libinit.o)
    0x080001e6   0x080001e6   0x00000000   Code   RO         4574    .ARM.Collect$$libinit$$00000002  c_w.l(libinit2.o)
    0x080001e6   0x080001e6   0x00000000   Code   RO         4576    .ARM.Collect$$libinit$$00000004  c_w.l(libinit2.o)
    0x080001e6   0x080001e6   0x00000000   Code   RO         4579    .ARM.Collect$$libinit$$0000000A  c_w.l(libinit2.o)
    0x080001e6   0x080001e6   0x00000000   Code   RO         4581    .ARM.Collect$$libinit$$0000000C  c_w.l(libinit2.o)
    0x080001e6   0x080001e6   0x00000000   Code   RO         4583    .ARM.Collect$$libinit$$0000000E  c_w.l(libinit2.o)
    0x080001e6   0x080001e6   0x00000000   Code   RO         4586    .ARM.Collect$$libinit$$00000011  c_w.l(libinit2.o)
    0x080001e6   0x080001e6   0x00000000   Code   RO         4588    .ARM.Collect$$libinit$$00000013  c_w.l(libinit2.o)
    0x080001e6   0x080001e6   0x00000000   Code   RO         4590    .ARM.Collect$$libinit$$00000015  c_w.l(libinit2.o)
    0x080001e6   0x080001e6   0x00000000   Code   RO         4592    .ARM.Collect$$libinit$$00000017  c_w.l(libinit2.o)
    0x080001e6   0x080001e6   0x00000000   Code   RO         4594    .ARM.Collect$$libinit$$00000019  c_w.l(libinit2.o)
    0x080001e6   0x080001e6   0x00000000   Code   RO         4596    .ARM.Collect$$libinit$$0000001B  c_w.l(libinit2.o)
    0x080001e6   0x080001e6   0x00000000   Code   RO         4598    .ARM.Collect$$libinit$$0000001D  c_w.l(libinit2.o)
    0x080001e6   0x080001e6   0x00000000   Code   RO         4600    .ARM.Collect$$libinit$$0000001F  c_w.l(libinit2.o)
    0x080001e6   0x080001e6   0x00000000   Code   RO         4602    .ARM.Collect$$libinit$$00000021  c_w.l(libinit2.o)
    0x080001e6   0x080001e6   0x00000000   Code   RO         4604    .ARM.Collect$$libinit$$00000023  c_w.l(libinit2.o)
    0x080001e6   0x080001e6   0x00000000   Code   RO         4606    .ARM.Collect$$libinit$$00000025  c_w.l(libinit2.o)
    0x080001e6   0x080001e6   0x00000000   Code   RO         4610    .ARM.Collect$$libinit$$0000002C  c_w.l(libinit2.o)
    0x080001e6   0x080001e6   0x00000000   Code   RO         4612    .ARM.Collect$$libinit$$0000002E  c_w.l(libinit2.o)
    0x080001e6   0x080001e6   0x00000000   Code   RO         4614    .ARM.Collect$$libinit$$00000030  c_w.l(libinit2.o)
    0x080001e6   0x080001e6   0x00000000   Code   RO         4616    .ARM.Collect$$libinit$$00000032  c_w.l(libinit2.o)
    0x080001e6   0x080001e6   0x00000002   Code   RO         4617    .ARM.Collect$$libinit$$00000033  c_w.l(libinit2.o)
    0x080001e8   0x080001e8   0x00000002   Code   RO         4637    .ARM.Collect$$libshutdown$$00000000  c_w.l(libshutdown.o)
    0x080001ea   0x080001ea   0x00000000   Code   RO         4650    .ARM.Collect$$libshutdown$$00000002  c_w.l(libshutdown2.o)
    0x080001ea   0x080001ea   0x00000000   Code   RO         4652    .ARM.Collect$$libshutdown$$00000004  c_w.l(libshutdown2.o)
    0x080001ea   0x080001ea   0x00000000   Code   RO         4655    .ARM.Collect$$libshutdown$$00000007  c_w.l(libshutdown2.o)
    0x080001ea   0x080001ea   0x00000000   Code   RO         4658    .ARM.Collect$$libshutdown$$0000000A  c_w.l(libshutdown2.o)
    0x080001ea   0x080001ea   0x00000000   Code   RO         4660    .ARM.Collect$$libshutdown$$0000000C  c_w.l(libshutdown2.o)
    0x080001ea   0x080001ea   0x00000000   Code   RO         4663    .ARM.Collect$$libshutdown$$0000000F  c_w.l(libshutdown2.o)
    0x080001ea   0x080001ea   0x00000002   Code   RO         4664    .ARM.Collect$$libshutdown$$00000010  c_w.l(libshutdown2.o)
    0x080001ec   0x080001ec   0x00000000   Code   RO         4542    .ARM.Collect$$rtentry$$00000000  c_w.l(__rtentry.o)
    0x080001ec   0x080001ec   0x00000000   Code   RO         4544    .ARM.Collect$$rtentry$$00000002  c_w.l(__rtentry2.o)
    0x080001ec   0x080001ec   0x00000006   Code   RO         4556    .ARM.Collect$$rtentry$$00000004  c_w.l(__rtentry4.o)
    0x080001f2   0x080001f2   0x00000000   Code   RO         4546    .ARM.Collect$$rtentry$$00000009  c_w.l(__rtentry2.o)
    0x080001f2   0x080001f2   0x00000004   Code   RO         4547    .ARM.Collect$$rtentry$$0000000A  c_w.l(__rtentry2.o)
    0x080001f6   0x080001f6   0x00000000   Code   RO         4549    .ARM.Collect$$rtentry$$0000000C  c_w.l(__rtentry2.o)
    0x080001f6   0x080001f6   0x00000008   Code   RO         4550    .ARM.Collect$$rtentry$$0000000D  c_w.l(__rtentry2.o)
    0x080001fe   0x080001fe   0x00000002   Code   RO         4571    .ARM.Collect$$rtexit$$00000000  c_w.l(rtexit.o)
    0x08000200   0x08000200   0x00000000   Code   RO         4619    .ARM.Collect$$rtexit$$00000002  c_w.l(rtexit2.o)
    0x08000200   0x08000200   0x00000004   Code   RO         4620    .ARM.Collect$$rtexit$$00000003  c_w.l(rtexit2.o)
    0x08000204   0x08000204   0x00000006   Code   RO         4621    .ARM.Collect$$rtexit$$00000004  c_w.l(rtexit2.o)
    0x0800020a   0x0800020a   0x00000002   PAD
    0x0800020c   0x0800020c   0x00000040   Code   RO           20    .text               startup_stm32f10x_hd.o
    0x0800024c   0x0800024c   0x00000080   Code   RO         4536    .text               c_w.l(strcmpv7m.o)
    0x080002cc   0x080002cc   0x00000006   Code   RO         4538    .text               c_w.l(heapauxi.o)
    0x080002d2   0x080002d2   0x0000004a   Code   RO         4558    .text               c_w.l(sys_stackheap_outer.o)
    0x0800031c   0x0800031c   0x00000012   Code   RO         4560    .text               c_w.l(exit.o)
    0x0800032e   0x0800032e   0x00000002   PAD
    0x08000330   0x08000330   0x00000008   Code   RO         4568    .text               c_w.l(libspace.o)
    0x08000338   0x08000338   0x0000000c   Code   RO         4629    .text               c_w.l(sys_exit.o)
    0x08000344   0x08000344   0x00000002   Code   RO         4640    .text               c_w.l(use_no_semi.o)
    0x08000346   0x08000346   0x00000000   Code   RO         4642    .text               c_w.l(indicate_semi.o)
    0x08000346   0x08000346   0x00000002   PAD
    0x08000348   0x08000348   0x00000030   Code   RO         3074    i.BLUETEETH_Mode    main.o
    0x08000378   0x08000378   0x0000002c   Code   RO         3555    i.BTK05_ATMode      btk05.o
    0x080003a4   0x080003a4   0x0000002c   Code   RO         3556    i.BTK05_ATMode_Init  btk05.o
    0x080003d0   0x080003d0   0x00000028   Code   RO         3557    i.BTK05_DeleteConnectInfo  btk05.o
    0x080003f8   0x080003f8   0x00000014   Code   RO         3558    i.BTK05_Init        btk05.o
    0x0800040c   0x0800040c   0x00000014   Code   RO         3559    i.BTK05_KEYMode     btk05.o
    0x08000420   0x08000420   0x0000002c   Code   RO         3560    i.BTK05_LowEnerageMode  btk05.o
    0x0800044c   0x0800044c   0x00000024   Code   RO         3561    i.BTK05_PairMode    btk05.o
    0x08000470   0x08000470   0x00000028   Code   RO         3562    i.BTK05_RESET       btk05.o
    0x08000498   0x08000498   0x00000020   Code   RO         3563    i.BTK05_Sleep       btk05.o
    0x080004b8   0x080004b8   0x000000c0   Code   RO         3564    i.BTK05_UART_Init   btk05.o
    0x08000578   0x08000578   0x00000090   Code   RO         3565    i.BTK05_UART_SendATCmd  btk05.o
    0x08000608   0x08000608   0x00000028   Code   RO         3566    i.BTK05_UART_SendChar  btk05.o
    0x08000630   0x08000630   0x0000001a   Code   RO         3567    i.BTK05_UART_SendKeyData  btk05.o
    0x0800064a   0x0800064a   0x00000002   PAD
    0x0800064c   0x0800064c   0x0000002c   Code   RO         3569    i.BTK05_WAKEUP_Init  btk05.o
    0x08000678   0x08000678   0x00000020   Code   RO         3570    i.BTK05_Wake        btk05.o
    0x08000698   0x08000698   0x00000004   Code   RO         3195    i.BusFault_Handler  stm32f10x_it.o
    0x0800069c   0x0800069c   0x0000000c   Code   RO         3860    i.ByteSwap          usb_regs.o
    0x080006a8   0x080006a8   0x00000288   Code   RO         3813    i.CTR_LP            usb_int.o
    0x08000930   0x08000930   0x00000034   Code   RO         3861    i.ClearDTOG_RX      usb_regs.o
    0x08000964   0x08000964   0x00000034   Code   RO         3862    i.ClearDTOG_TX      usb_regs.o
    0x08000998   0x08000998   0x00000028   Code   RO         3867    i.Clear_Status_Out  usb_regs.o
    0x080009c0   0x080009c0   0x000000c0   Code   RO         3670    i.DataStageIn       usb_core.o
    0x08000a80   0x08000a80   0x000000bc   Code   RO         3671    i.DataStageOut      usb_core.o
    0x08000b3c   0x08000b3c   0x00000298   Code   RO         3672    i.Data_Setup0       usb_core.o
    0x08000dd4   0x08000dd4   0x00000002   Code   RO         3196    i.DebugMon_Handler  stm32f10x_it.o
    0x08000dd6   0x08000dd6   0x00000002   PAD
    0x08000dd8   0x08000dd8   0x00000044   Code   RO         3283    i.DelayInit         delay.o
    0x08000e1c   0x08000e1c   0x0000004c   Code   RO         3284    i.DelayMs           delay.o
    0x08000e68   0x08000e68   0x0000004c   Code   RO         3286    i.DelayUs           delay.o
    0x08000eb4   0x08000eb4   0x0000000c   Code   RO         4344    i.EP1_IN_Callback   usb_endp.o
    0x08000ec0   0x08000ec0   0x0000000c   Code   RO          896    i.EXTI_ClearITPendingBit  stm32f10x_exti.o
    0x08000ecc   0x08000ecc   0x00000094   Code   RO          901    i.EXTI_Init         stm32f10x_exti.o
    0x08000f60   0x08000f60   0x0000000c   Code   RO         4244    i.Enter_LowPowerMode  hw_config.o
    0x08000f6c   0x08000f6c   0x000000c8   Code   RO         1247    i.GPIO_DeInit       stm32f10x_gpio.o
    0x08001034   0x08001034   0x00000116   Code   RO         1252    i.GPIO_Init         stm32f10x_gpio.o
    0x0800114a   0x0800114a   0x00000012   Code   RO         1256    i.GPIO_ReadInputDataBit  stm32f10x_gpio.o
    0x0800115c   0x0800115c   0x00000004   Code   RO         1259    i.GPIO_ResetBits    stm32f10x_gpio.o
    0x08001160   0x08001160   0x00000004   Code   RO         1260    i.GPIO_SetBits      stm32f10x_gpio.o
    0x08001164   0x08001164   0x00000020   Code   RO         3879    i.GetEPRxAddr       usb_regs.o
    0x08001184   0x08001184   0x00000020   Code   RO         3882    i.GetEPTxAddr       usb_regs.o
    0x080011a4   0x080011a4   0x00000034   Code   RO         4245    i.Get_SerialNum     hw_config.o
    0x080011d8   0x080011d8   0x00000004   Code   RO         3197    i.HardFault_Handler  stm32f10x_it.o
    0x080011dc   0x080011dc   0x0000002e   Code   RO         3315    i.I2C_WriteByte     led.o
    0x0800120a   0x0800120a   0x00000002   PAD
    0x0800120c   0x0800120c   0x00000070   Code   RO         3319    i.IIC_Send_Byte     led.o
    0x0800127c   0x0800127c   0x0000004c   Code   RO         3320    i.IIC_Start         led.o
    0x080012c8   0x080012c8   0x0000004c   Code   RO         3321    i.IIC_Stop          led.o
    0x08001314   0x08001314   0x00000064   Code   RO         3322    i.IIC_Wait_Ack      led.o
    0x08001378   0x08001378   0x00000070   Code   RO         3673    i.In0_Process       usb_core.o
    0x080013e8   0x080013e8   0x0000003e   Code   RO         4246    i.IntToUnicode      hw_config.o
    0x08001426   0x08001426   0x00000002   PAD
    0x08001428   0x08001428   0x0000007c   Code   RO         4378    i.Joystick_Data_Setup  usb_prop.o
    0x080014a4   0x080014a4   0x00000014   Code   RO         4379    i.Joystick_GetConfigDescriptor  usb_prop.o
    0x080014b8   0x080014b8   0x00000014   Code   RO         4380    i.Joystick_GetDeviceDescriptor  usb_prop.o
    0x080014cc   0x080014cc   0x00000014   Code   RO         4381    i.Joystick_GetHIDDescriptor  usb_prop.o
    0x080014e0   0x080014e0   0x0000001c   Code   RO         4382    i.Joystick_GetProtocolValue  usb_prop.o
    0x080014fc   0x080014fc   0x00000014   Code   RO         4383    i.Joystick_GetReportDescriptor  usb_prop.o
    0x08001510   0x08001510   0x00000028   Code   RO         4384    i.Joystick_GetStringDescriptor  usb_prop.o
    0x08001538   0x08001538   0x00000016   Code   RO         4385    i.Joystick_Get_Interface_Setting  usb_prop.o
    0x0800154e   0x0800154e   0x00000002   PAD
    0x08001550   0x08001550   0x00000024   Code   RO         4386    i.Joystick_NoData_Setup  usb_prop.o
    0x08001574   0x08001574   0x000000a4   Code   RO         4387    i.Joystick_Reset    usb_prop.o
    0x08001618   0x08001618   0x00000018   Code   RO         4388    i.Joystick_SetConfiguration  usb_prop.o
    0x08001630   0x08001630   0x0000000c   Code   RO         4389    i.Joystick_SetDeviceAddress  usb_prop.o
    0x0800163c   0x0800163c   0x00000018   Code   RO         4390    i.Joystick_SetProtocol  usb_prop.o
    0x08001654   0x08001654   0x00000002   Code   RO         4391    i.Joystick_Status_In  usb_prop.o
    0x08001656   0x08001656   0x00000002   Code   RO         4392    i.Joystick_Status_Out  usb_prop.o
    0x08001658   0x08001658   0x00000028   Code   RO         4393    i.Joystick_init     usb_prop.o
    0x08001680   0x08001680   0x00000016   Code   RO         4248    i.Keyboard_Send     hw_config.o
    0x08001696   0x08001696   0x00000002   PAD
    0x08001698   0x08001698   0x0000006c   Code   RO         3324    i.LED_BreathProcess  led.o
    0x08001704   0x08001704   0x00000070   Code   RO         3325    i.LED_DrawPoint     led.o
    0x08001774   0x08001774   0x00000074   Code   RO         3326    i.LED_FreashRam     led.o
    0x080017e8   0x080017e8   0x0000000c   Code   RO         3327    i.LED_GoToSleep     led.o
    0x080017f4   0x080017f4   0x0000002c   Code   RO         3328    i.LED_HT16K33_Init  led.o
    0x08001820   0x08001820   0x00000034   Code   RO         3329    i.LED_I2C_Configuration  led.o
    0x08001854   0x08001854   0x0000001c   Code   RO         3330    i.LED_LOGO_GPIO_Init  led.o
    0x08001870   0x08001870   0x0000002c   Code   RO         3331    i.LED_Mode1         led.o
    0x0800189c   0x0800189c   0x0000007c   Code   RO         3332    i.LED_Mode2         led.o
    0x08001918   0x08001918   0x00000040   Code   RO         3333    i.LED_Mode3         led.o
    0x08001958   0x08001958   0x00000034   Code   RO         3335    i.LED_RamClearWith  led.o
    0x0800198c   0x0800198c   0x00000030   Code   RO         3336    i.LED_SetBreathEfect  led.o
    0x080019bc   0x080019bc   0x0000001a   Code   RO         3337    i.LED_SetBrightness  led.o
    0x080019d6   0x080019d6   0x00000056   Code   RO         3338    i.LED_SetDisplay    led.o
    0x08001a2c   0x08001a2c   0x00000038   Code   RO         3339    i.LED_SetFlash      led.o
    0x08001a64   0x08001a64   0x0000000c   Code   RO         3340    i.LED_WakeUp        led.o
    0x08001a70   0x08001a70   0x00000020   Code   RO         4249    i.Leave_LowPowerMode  hw_config.o
    0x08001a90   0x08001a90   0x00000004   Code   RO         3198    i.MemManage_Handler  stm32f10x_it.o
    0x08001a94   0x08001a94   0x00000002   Code   RO         3199    i.NMI_Handler       stm32f10x_it.o
    0x08001a96   0x08001a96   0x00000002   Code   RO         3674    i.NOP_Process       usb_core.o
    0x08001a98   0x08001a98   0x00000070   Code   RO           24    i.NVIC_Init         misc.o
    0x08001b08   0x08001b08   0x00000014   Code   RO           25    i.NVIC_PriorityGroupConfig  misc.o
    0x08001b1c   0x08001b1c   0x00000138   Code   RO         3675    i.NoData_Setup0     usb_core.o
    0x08001c54   0x08001c54   0x00000050   Code   RO         3676    i.Out0_Process      usb_core.o
    0x08001ca4   0x08001ca4   0x00000028   Code   RO         3842    i.PMAToUserBufferCopy  usb_mem.o
    0x08001ccc   0x08001ccc   0x00000048   Code   RO         3677    i.Post0_Process     usb_core.o
    0x08001d14   0x08001d14   0x00000040   Code   RO         4492    i.PowerOn           usb_pwr.o
    0x08001d54   0x08001d54   0x00000020   Code   RO         1671    i.RCC_APB1PeriphClockCmd  stm32f10x_rcc.o
    0x08001d74   0x08001d74   0x00000020   Code   RO         1672    i.RCC_APB1PeriphResetCmd  stm32f10x_rcc.o
    0x08001d94   0x08001d94   0x00000020   Code   RO         1673    i.RCC_APB2PeriphClockCmd  stm32f10x_rcc.o
    0x08001db4   0x08001db4   0x00000020   Code   RO         1674    i.RCC_APB2PeriphResetCmd  stm32f10x_rcc.o
    0x08001dd4   0x08001dd4   0x000000d4   Code   RO         1681    i.RCC_GetClocksFreq  stm32f10x_rcc.o
    0x08001ea8   0x08001ea8   0x0000000c   Code   RO         1699    i.RCC_USBCLKConfig  stm32f10x_rcc.o
    0x08001eb4   0x08001eb4   0x000000d0   Code   RO         4493    i.Resume            usb_pwr.o
    0x08001f84   0x08001f84   0x00000024   Code   RO         4494    i.Resume_Init       usb_pwr.o
    0x08001fa8   0x08001fa8   0x00000002   Code   RO         3200    i.SVC_Handler       stm32f10x_it.o
    0x08001faa   0x08001faa   0x00000002   PAD
    0x08001fac   0x08001fac   0x00000010   Code   RO         3890    i.SetBTABLE         usb_regs.o
    0x08001fbc   0x08001fbc   0x00000050   Code   RO         3678    i.SetDeviceAddress  usb_core.o
    0x0800200c   0x0800200c   0x00000024   Code   RO         3904    i.SetEPRxAddr       usb_regs.o
    0x08002030   0x08002030   0x0000004c   Code   RO         3905    i.SetEPRxCount      usb_regs.o
    0x0800207c   0x0800207c   0x00000040   Code   RO         3906    i.SetEPRxStatus     usb_regs.o
    0x080020bc   0x080020bc   0x00000034   Code   RO         3907    i.SetEPRxValid      usb_regs.o
    0x080020f0   0x080020f0   0x00000020   Code   RO         3908    i.SetEPTxAddr       usb_regs.o
    0x08002110   0x08002110   0x0000001c   Code   RO         3909    i.SetEPTxCount      usb_regs.o
    0x0800212c   0x0800212c   0x00000040   Code   RO         3910    i.SetEPTxStatus     usb_regs.o
    0x0800216c   0x0800216c   0x00000034   Code   RO         3911    i.SetEPTxValid      usb_regs.o
    0x080021a0   0x080021a0   0x00000024   Code   RO         3912    i.SetEPType         usb_regs.o
    0x080021c4   0x080021c4   0x00000008   Code   RO         3249    i.SetSysClock       system_stm32f10x.o
    0x080021cc   0x080021cc   0x000000e0   Code   RO         3250    i.SetSysClockTo72   system_stm32f10x.o
    0x080022ac   0x080022ac   0x00000012   Code   RO         4250    i.Set_USBClock      hw_config.o
    0x080022be   0x080022be   0x00000002   PAD
    0x080022c0   0x080022c0   0x000000b8   Code   RO         3679    i.Setup0_Process    usb_core.o
    0x08002378   0x08002378   0x0000016c   Code   RO         3680    i.Standard_ClearFeature  usb_core.o
    0x080024e4   0x080024e4   0x0000002c   Code   RO         3681    i.Standard_GetConfiguration  usb_core.o
    0x08002510   0x08002510   0x00000024   Code   RO         3682    i.Standard_GetDescriptorData  usb_core.o
    0x08002534   0x08002534   0x0000002c   Code   RO         3683    i.Standard_GetInterface  usb_core.o
    0x08002560   0x08002560   0x00000100   Code   RO         3684    i.Standard_GetStatus  usb_core.o
    0x08002660   0x08002660   0x00000048   Code   RO         3685    i.Standard_SetConfiguration  usb_core.o
    0x080026a8   0x080026a8   0x00000028   Code   RO         3686    i.Standard_SetDeviceFeature  usb_core.o
    0x080026d0   0x080026d0   0x000000d0   Code   RO         3687    i.Standard_SetEndPointFeature  usb_core.o
    0x080027a0   0x080027a0   0x0000006c   Code   RO         3688    i.Standard_SetInterface  usb_core.o
    0x0800280c   0x0800280c   0x0000009c   Code   RO         4495    i.Suspend           usb_pwr.o
    0x080028a8   0x080028a8   0x00000028   Code   RO           28    i.SysTick_CLKSourceConfig  misc.o
    0x080028d0   0x080028d0   0x00000002   Code   RO         3201    i.SysTick_Handler   stm32f10x_it.o
    0x080028d2   0x080028d2   0x00000002   PAD
    0x080028d4   0x080028d4   0x00000060   Code   RO         3252    i.SystemInit        system_stm32f10x.o
    0x08002934   0x08002934   0x00000068   Code   RO         3075    i.TIM2_IRQHandler   main.o
    0x0800299c   0x0800299c   0x0000005c   Code   RO         3076    i.TIM2_Int_Init     main.o
    0x080029f8   0x080029f8   0x00000006   Code   RO         2303    i.TIM_ClearITPendingBit  stm32f10x_tim.o
    0x080029fe   0x080029fe   0x00000018   Code   RO         2308    i.TIM_Cmd           stm32f10x_tim.o
    0x08002a16   0x08002a16   0x00000022   Code   RO         2329    i.TIM_GetITStatus   stm32f10x_tim.o
    0x08002a38   0x08002a38   0x00000012   Code   RO         2333    i.TIM_ITConfig      stm32f10x_tim.o
    0x08002a4a   0x08002a4a   0x00000002   PAD
    0x08002a4c   0x08002a4c   0x000000a4   Code   RO         2379    i.TIM_TimeBaseInit  stm32f10x_tim.o
    0x08002af0   0x08002af0   0x00000044   Code   RO         3571    i.USART1_IRQHandler  btk05.o
    0x08002b34   0x08002b34   0x00000012   Code   RO         2840    i.USART_ClearFlag   stm32f10x_usart.o
    0x08002b46   0x08002b46   0x0000001e   Code   RO         2841    i.USART_ClearITPendingBit  stm32f10x_usart.o
    0x08002b64   0x08002b64   0x00000018   Code   RO         2844    i.USART_Cmd         stm32f10x_usart.o
    0x08002b7c   0x08002b7c   0x0000009c   Code   RO         2846    i.USART_DeInit      stm32f10x_usart.o
    0x08002c18   0x08002c18   0x0000001a   Code   RO         2847    i.USART_GetFlagStatus  stm32f10x_usart.o
    0x08002c32   0x08002c32   0x00000054   Code   RO         2848    i.USART_GetITStatus  stm32f10x_usart.o
    0x08002c86   0x08002c86   0x0000004a   Code   RO         2850    i.USART_ITConfig    stm32f10x_usart.o
    0x08002cd0   0x08002cd0   0x000000d8   Code   RO         2851    i.USART_Init        stm32f10x_usart.o
    0x08002da8   0x08002da8   0x0000000a   Code   RO         2858    i.USART_ReceiveData  stm32f10x_usart.o
    0x08002db2   0x08002db2   0x00000008   Code   RO         2861    i.USART_SendData    stm32f10x_usart.o
    0x08002dba   0x08002dba   0x0000000c   Code   RO         4251    i.USBWakeUp_IRQHandler  hw_config.o
    0x08002dc6   0x08002dc6   0x00000002   Code   RO         4252    i.USB_Cable_Config  hw_config.o
    0x08002dc8   0x08002dc8   0x0000003c   Code   RO         3789    i.USB_Init          usb_init.o
    0x08002e04   0x08002e04   0x00000054   Code   RO         4253    i.USB_Interrupts_Config  hw_config.o
    0x08002e58   0x08002e58   0x000001cc   Code   RO         4357    i.USB_Istr          usb_istr.o
    0x08003024   0x08003024   0x00000008   Code   RO         4254    i.USB_LP_CAN1_RX0_IRQHandler  hw_config.o
    0x0800302c   0x0800302c   0x00000030   Code   RO         3078    i.USB_Mode          main.o
    0x0800305c   0x0800305c   0x00000058   Code   RO         4255    i.USB_Port_Set      hw_config.o
    0x080030b4   0x080030b4   0x00000024   Code   RO         4220    i.USB_SIL_Init      usb_sil.o
    0x080030d8   0x080030d8   0x0000002e   Code   RO         4222    i.USB_SIL_Write     usb_sil.o
    0x08003106   0x08003106   0x00000004   Code   RO         3202    i.UsageFault_Handler  stm32f10x_it.o
    0x0800310a   0x0800310a   0x00000002   PAD
    0x0800310c   0x0800310c   0x00000038   Code   RO         3843    i.UserToPMABufferCopy  usb_mem.o
    0x08003144   0x08003144   0x000001ac   Code   RO         3079    i.main              main.o
    0x080032f0   0x080032f0   0x00000130   Code   RO         3489    i.myKeyBoard_ControlKeyProcess  mykeyboard.o
    0x08003420   0x08003420   0x00000064   Code   RO         3490    i.myKeyBoard_GPIO_Init  mykeyboard.o
    0x08003484   0x08003484   0x00000058   Code   RO         3491    i.myKeyBoard_JudgeKeyPressWithName  mykeyboard.o
    0x080034dc   0x080034dc   0x00000078   Code   RO         3492    i.myKeyBoard_JudgeKeyStateChange  mykeyboard.o
    0x08003554   0x08003554   0x0000003c   Code   RO         3493    i.myKeyBoard_KeyScan  mykeyboard.o
    0x08003590   0x08003590   0x000000f0   Code   RO         3494    i.myKeyBoard_KeyScan_rowScan  mykeyboard.o
    0x08003680   0x08003680   0x0000002c   Code   RO         3495    i.myKeyBoard_ScanKeyAndUpdataATBuffer  mykeyboard.o
    0x080036ac   0x080036ac   0x00000280   Code   RO         3496    i.myKeyBoard_UpdataATDataPack  mykeyboard.o
    0x0800392c   0x0800392c   0x00000016   Code   RO         3080    i.myUSB_Init        main.o
    0x08003942   0x08003942   0x00000002   PAD
    0x08003944   0x08003944   0x0000006c   Code   RO         3081    i.sysInit           main.o
    0x080039b0   0x080039b0   0x00000004   Data   RO         3342    .constdata          led.o
    0x080039b4   0x080039b4   0x00000080   Data   RO         3498    .constdata          mykeyboard.o
    0x08003a34   0x08003a34   0x000000ca   Data   RO         4331    .constdata          usb_desc.o
    0x08003afe   0x08003afe   0x00000002   PAD
    0x08003b00   0x08003b00   0x000001b5   Data   RO         3499    .conststring        mykeyboard.o
    0x08003cb5   0x08003cb5   0x00000003   PAD
    0x08003cb8   0x08003cb8   0x00000020   Data   RO         4695    Region$$Table       anon$$obj.o


    Execution Region RW_IRAM1 (Exec base: 0x20000000, Load base: 0x08003cd8, Size: 0x00000ab0, Max: 0x0000c000, ABSOLUTE, COMPRESSED[0x000001a4])

    Exec Addr    Load Addr    Size         Type   Attr      Idx    E Section Name        Object

    0x20000000   COMPRESSED   0x00000014   Data   RW         1701    .data               stm32f10x_rcc.o
    0x20000014   COMPRESSED   0x0000000b   Data   RW         3082    .data               main.o
    0x2000001f   COMPRESSED   0x00000001   PAD
    0x20000020   COMPRESSED   0x00000014   Data   RW         3253    .data               system_stm32f10x.o
    0x20000034   COMPRESSED   0x00000004   Data   RW         3287    .data               delay.o
    0x20000038   COMPRESSED   0x00000005   Data   RW         3343    .data               led.o
    0x2000003d   COMPRESSED   0x00000003   PAD
    0x20000040   COMPRESSED   0x00000184   Data   RW         3500    .data               mykeyboard.o
    0x200001c4   COMPRESSED   0x00000010   Data   RW         3573    .data               btk05.o
    0x200001d4   COMPRESSED   0x00000003   Data   RW         3689    .data               usb_core.o
    0x200001d7   COMPRESSED   0x00000001   PAD
    0x200001d8   COMPRESSED   0x00000014   Data   RW         3791    .data               usb_init.o
    0x200001ec   COMPRESSED   0x00000004   Data   RW         3814    .data               usb_int.o
    0x200001f0   COMPRESSED   0x00000001   Data   RW         4256    .data               hw_config.o
    0x200001f1   COMPRESSED   0x0000001a   Data   RW         4332    .data               usb_desc.o
    0x2000020b   COMPRESSED   0x00000001   PAD
    0x2000020c   COMPRESSED   0x00000044   Data   RW         4358    .data               usb_istr.o
    0x20000250   COMPRESSED   0x0000009c   Data   RW         4394    .data               usb_prop.o
    0x200002ec   COMPRESSED   0x0000000c   Data   RW         4497    .data               usb_pwr.o
    0x200002f8        -       0x0000000c   Zero   RW         3341    .bss                led.o
    0x20000304        -       0x000000d2   Zero   RW         3497    .bss                mykeyboard.o
    0x200003d6        -       0x0000003c   Zero   RW         3572    .bss                btk05.o
    0x20000412   COMPRESSED   0x00000002   PAD
    0x20000414        -       0x0000001c   Zero   RW         3790    .bss                usb_init.o
    0x20000430        -       0x00000020   Zero   RW         4496    .bss                usb_pwr.o
    0x20000450        -       0x00000060   Zero   RW         4569    .bss                c_w.l(libspace.o)
    0x200004b0        -       0x00000200   Zero   RW           18    HEAP                startup_stm32f10x_hd.o
    0x200006b0        -       0x00000400   Zero   RW           17    STACK               startup_stm32f10x_hd.o


==============================================================================

Image component sizes


      Code (inc. data)   RO Data    RW Data    ZI Data      Debug   Object Name

       866        140          0         16         60      10848   btk05.o
         0          0          0          0          0       4588   core_cm3.o
       220         26          0          4          0       1840   delay.o
       392         28          0          1          0       7110   hw_config.o
      1394        102          4          5         12      14125   led.o
       850        104          0         11          0       7930   main.o
       172         22          0          0          0     253405   misc.o
      1596        244        565        388        210       9256   mykeyboard.o
        64         26        304          0       1536        836   startup_stm32f10x_hd.o
       160         12          0          0          0       1665   stm32f10x_exti.o
       504         28          0          0          0       4514   stm32f10x_gpio.o
        24          0          0          0          0       3737   stm32f10x_it.o
       352         50          0         20          0       6363   stm32f10x_rcc.o
       246         42          0          0          0       3778   stm32f10x_tim.o
       646         28          0          0          0       8288   stm32f10x_usart.o
       328         28          0         20          0       2557   system_stm32f10x.o
      3058        288          0          3          0      15975   usb_core.o
         0          0        202         26          0       1285   usb_desc.o
        12          4          0          0          0        482   usb_endp.o
        60         24          0         20         28       4486   usb_init.o
       648         32          0          4          0       2064   usb_int.o
       460         38          0         68          0       1887   usb_istr.o
        96         10          0          0          0       2104   usb_mem.o
       598        110          0        156          0      13508   usb_prop.o
       464         52          0         12         32       4092   usb_pwr.o
       676         90          0          0          0      10512   usb_regs.o
        82          8          0          0          0       1831   usb_sil.o

    ----------------------------------------------------------------------
     13992       1536       1112        760       1880     399066   Object Totals
         0          0         32          0          0          0   (incl. Generated)
        24          0          5          6          2          0   (incl. Padding)

    ----------------------------------------------------------------------

      Code (inc. data)   RO Data    RW Data    ZI Data      Debug   Library Member Name

        90          0          0          0          0          0   __dczerorl2.o
         8          0          0          0          0         68   __main.o
         0          0          0          0          0          0   __rtentry.o
        12          0          0          0          0          0   __rtentry2.o
         6          0          0          0          0          0   __rtentry4.o
        52          8          0          0          0          0   __scatter.o
        28          0          0          0          0          0   __scatter_zi.o
        18          0          0          0          0         80   exit.o
         6          0          0          0          0        152   heapauxi.o
         0          0          0          0          0          0   indicate_semi.o
         2          0          0          0          0          0   libinit.o
         2          0          0          0          0          0   libinit2.o
         2          0          0          0          0          0   libshutdown.o
         2          0          0          0          0          0   libshutdown2.o
         8          4          0          0         96         68   libspace.o
         2          0          0          0          0          0   rtexit.o
        10          0          0          0          0          0   rtexit2.o
       128          0          0          0          0         68   strcmpv7m.o
        12          4          0          0          0         68   sys_exit.o
        74          0          0          0          0         80   sys_stackheap_outer.o
         2          0          0          0          0         68   use_no_semi.o

    ----------------------------------------------------------------------
       472         16          0          0         96        652   Library Totals
         8          0          0          0          0          0   (incl. Padding)

    ----------------------------------------------------------------------

      Code (inc. data)   RO Data    RW Data    ZI Data      Debug   Library Name

       464         16          0          0         96        652   c_w.l

    ----------------------------------------------------------------------
       472         16          0          0         96        652   Library Totals

    ----------------------------------------------------------------------

==============================================================================


      Code (inc. data)   RO Data    RW Data    ZI Data      Debug   

     14464       1552       1112        760       1976     390874   Grand Totals
     14464       1552       1112        420       1976     390874   ELF Image Totals (compressed)
     14464       1552       1112        420          0          0   ROM Totals

==============================================================================

    Total RO  Size (Code + RO Data)                15576 (  15.21kB)
    Total RW  Size (RW Data + ZI Data)              2736 (   2.67kB)
    Total ROM Size (Code + RO Data + RW Data)      15996 (  15.62kB)

==============================================================================

